<html>
<body>
<pre>
<h1>킮ision Build Log</h1>
<h2>Tool Versions:</h2>
IDE-Version: μVision V5.23.0.0
Copyright (C) 2017 ARM Ltd and ARM Germany GmbH. All rights reserved.
License Information: JungHoon Cheon, as, LIC=8VRHL-0H0ZK-VDIKA-1879X-LB2KU-13E4J
 
Tool Versions:
Toolchain:       MDK-ARM Plus  Version: 5.23
Toolchain Path:  C:\Keil_v5\ARM\ARMCC\Bin
C Compiler:      Armcc.exe V5.06 update 4 (build 422)
Assembler:       Armasm.exe V5.06 update 4 (build 422)
Linker/Locator:  ArmLink.exe V5.06 update 4 (build 422)
Library Manager: ArmAr.exe V5.06 update 4 (build 422)
Hex Converter:   FromElf.exe V5.06 update 4 (build 422)
CPU DLL:         SARMCM3.DLL V5.23
Dialog DLL:      DCM.DLL V1.15.0.0
Target DLL:      STLink\ST-LINKIII-KEIL_SWO.dll V2.0.18.0
Dialog DLL:      TCM.DLL V1.27.0.0
 
<h2>Project:</h2>
C:\Users\JungHoon\Desktop\작업중\외주\popcorn5\source_code\STM32F4xx_Ethernet_Example 170711_v2\Project\FreeRTOS\httpserver_socket\MDK-ARM\Project.uvproj
Project File Date:  08/16/2013

<h2>Output:</h2>
*** Using Compiler 'V5.06 update 4 (build 422)', folder: 'C:\Keil_v5\ARM\ARMCC\Bin'
Build target 'Discover-More'
compiling stm32f4x7_eth_bsp.c...
compiling netconf.c...
compiling stm32f4xx_it.c...
compiling ethernetif.c...
compiling main.c...
linking...
Program Size: Code=50660 RO-data=50312 RW-data=428 ZI-data=53644  
FromELF: creating hex file...
".\Discover-More\Project.axf" - 0 Error(s), 0 Warning(s).
Build Time Elapsed:  00:00:01
</pre>
</body>
</html>
