Component: ARM Compiler 5.06 update 4 (build 422) Tool: armlink [4d35d2]

==============================================================================

Section Cross References

    main.o(.text) refers to stm32f4_discovery.o(.text) for STM_EVAL_LEDToggle
    main.o(.text) refers to tasks.o(.text) for vTaskDelay
    main.o(.text) refers to stm32f4_discovery_lcd.o(.text) for STM32f4_Discovery_LCD_Init
    main.o(.text) refers to stm32f4x7_eth_bsp.o(.text) for ETH_BSP_Config
    main.o(.text) refers to netconf.o(.text) for LwIP_Init
    main.o(.text) refers to tcpecho.o(.text) for tcpecho_init
    main.o(.text) refers to udpecho.o(.text) for udpecho_init
    main.o(.text) refers to netconf.o(.bss) for xnetif
    main.o(.text) refers to main.o(.data) for .data
    system_stm32f4xx.o(.text) refers to system_stm32f4xx.o(.data) for .data
    stm32f4xx_it.o(.text) refers to port.o(.text) for xPortSysTickHandler
    stm32f4xx_it.o(.text) refers to stm32f4x7_eth.o(.text) for ETH_GetDMAFlagStatus
    stm32f4xx_it.o(.text) refers to queue.o(.text) for xQueueGenericSendFromISR
    stm32f4xx_it.o(.text) refers to ethernetif.o(.data) for s_xSemaphore
    netconf.o(.text) refers to tcpip.o(.text) for tcpip_init
    netconf.o(.text) refers to inet.o(.text) for htonl
    netconf.o(.text) refers to printfa.o(i.__0sprintf) for __2sprintf
    netconf.o(.text) refers to stm32f4_discovery_lcd.o(.text) for LCD_GetFont
    netconf.o(.text) refers to netif.o(.text) for netif_add
    netconf.o(.text) refers to ethernetif.o(.text) for ethernetif_init
    netconf.o(.text) refers to netconf.o(.bss) for .bss
    stm32f4x7_eth_bsp.o(.text) refers to stm32f4xx_rcc.o(.text) for RCC_AHB1PeriphClockCmd
    stm32f4x7_eth_bsp.o(.text) refers to stm32f4x7_eth.o(.text) for ETH_DeInit
    stm32f4x7_eth_bsp.o(.text) refers to misc.o(.text) for NVIC_PriorityGroupConfig
    stm32f4x7_eth_bsp.o(.text) refers to stm32f4xx_syscfg.o(.text) for SYSCFG_ETH_MediaInterfaceConfig
    stm32f4x7_eth_bsp.o(.text) refers to stm32f4xx_gpio.o(.text) for GPIO_Init
    stm32f4x7_eth_bsp.o(.text) refers to stm32f4_discovery_lcd.o(.text) for LCD_SetTextColor
    stm32f4x7_eth_bsp.o(.text) refers to stm32f4x7_eth_bsp.o(.data) for .data
    udpecho.o(.text) refers to api_lib.o(.text) for netconn_new_with_proto_and_callback
    udpecho.o(.text) refers to printfa.o(i.__0printf) for __2printf
    udpecho.o(.text) refers to netbuf.o(.text) for netbuf_delete
    udpecho.o(.text) refers to sys_arch.o(.text) for sys_thread_new
    udpecho.o(.text) refers to udpecho.o(.data) for .data
    udpecho.o(.text) refers to ip_addr.o(.constdata) for ip_addr_any
    tcpecho.o(.text) refers to strlen.o(.text) for strlen
    tcpecho.o(.text) refers to api_lib.o(.text) for netconn_new_with_proto_and_callback
    tcpecho.o(.text) refers to printfa.o(i.__0printf) for __2printf
    tcpecho.o(.text) refers to netbuf.o(.text) for netbuf_data
    tcpecho.o(.text) refers to json.o(.text) for str2int
    tcpecho.o(.text) refers to stm32f4_discovery_lcd.o(.text) for LCD_GetFont
    tcpecho.o(.text) refers to inet.o(.text) for htonl
    tcpecho.o(.text) refers to sys_arch.o(.text) for sys_thread_new
    tcpecho.o(.text) refers to main.o(.data) for recv_serial
    tcpecho.o(.text) refers to tcpecho.o(.data) for .data
    tcpecho.o(.text) refers to json.o(.bss) for post_packet
    json.o(.text) refers to strlen.o(.text) for strlen
    json.o(.text) refers to strncmp.o(.text) for strncmp
    json.o(.text) refers to jsmn.o(.text) for jsmn_parse
    json.o(.text) refers to printfa.o(i.__0sprintf) for __2sprintf
    json.o(.text) refers to f2d.o(.text) for __aeabi_f2d
    json.o(.text) refers to json.o(.data) for .data
    json.o(.text) refers to main.o(.data) for recv_serial
    json.o(.text) refers to json.o(.conststring) for .conststring
    json.o(.text) refers to json.o(.bss) for .bss
    json.o(.data) refers to json.o(.conststring) for .conststring
    tim_perlib.o(.text) refers to misc.o(.text) for NVIC_Init
    tim_perlib.o(.text) refers to stm32f4xx_rcc.o(.text) for RCC_APB1PeriphClockCmd
    tim_perlib.o(.text) refers to stm32f4xx_tim.o(.text) for TIM_TimeBaseInit
    uart_perlib.o(.text) refers to misc.o(.text) for NVIC_Init
    uart_perlib.o(.text) refers to stm32f4xx_rcc.o(.text) for RCC_AHB1PeriphClockCmd
    uart_perlib.o(.text) refers to stm32f4xx_dma.o(.text) for DMA_DeInit
    uart_perlib.o(.text) refers to stm32f4xx_usart.o(.text) for USART_Init
    uart_perlib.o(.text) refers to stm32f4xx_gpio.o(.text) for GPIO_Init
    uart_perlib.o(.text) refers to ffixi.o(.text) for __aeabi_f2iz
    uart_perlib.o(.text) refers to fflti.o(.text) for __aeabi_i2f
    uart_perlib.o(.text) refers to uart_perlib.o(.bss) for .bss
    uart_perlib.o(.text) refers to uart_perlib.o(.data) for .data
    uart_perlib.o(.text) refers to fadd.o(.text) for __aeabi_frsub
    uart_perlib.o(.text) refers to fmul.o(.text) for __aeabi_fmul
    uart_perlib.o(.text) refers to cdcmple.o(.text) for __aeabi_cdcmpeq
[...]
    USART_SmartCardNACKCmd                   0x08002e39   Thumb Code    24  stm32f4xx_usart.o(.text)
    USART_IrDAConfig                         0x08002e51   Thumb Code    16  stm32f4xx_usart.o(.text)
    USART_IrDACmd                            0x08002e61   Thumb Code    24  stm32f4xx_usart.o(.text)
    USART_DMACmd                             0x08002e79   Thumb Code    20  stm32f4xx_usart.o(.text)
    USART_ITConfig                           0x08002e8d   Thumb Code    54  stm32f4xx_usart.o(.text)
    USART_GetFlagStatus                      0x08002ec3   Thumb Code    14  stm32f4xx_usart.o(.text)
    USART_ClearFlag                          0x08002ed1   Thumb Code     8  stm32f4xx_usart.o(.text)
    USART_GetITStatus                        0x08002ed9   Thumb Code    64  stm32f4xx_usart.o(.text)
    USART_ClearITPendingBit                  0x08002f19   Thumb Code    16  stm32f4xx_usart.o(.text)
    NVIC_PriorityGroupConfig                 0x08002f41   Thumb Code    10  misc.o(.text)
    NVIC_Init                                0x08002f4b   Thumb Code    98  misc.o(.text)
    NVIC_SetVectorTable                      0x08002fad   Thumb Code    14  misc.o(.text)
    NVIC_SystemLPConfig                      0x08002fbb   Thumb Code    24  misc.o(.text)
    SysTick_CLKSourceConfig                  0x08002fd3   Thumb Code    28  misc.o(.text)
    DMA_DeInit                               0x08002ffd   Thumb Code   278  stm32f4xx_dma.o(.text)
    DMA_Init                                 0x08003113   Thumb Code    80  stm32f4xx_dma.o(.text)
    DMA_StructInit                           0x08003163   Thumb Code    34  stm32f4xx_dma.o(.text)
    DMA_Cmd                                  0x08003185   Thumb Code    24  stm32f4xx_dma.o(.text)
    DMA_PeriphIncOffsetSizeConfig            0x0800319d   Thumb Code    24  stm32f4xx_dma.o(.text)
    DMA_FlowControllerConfig                 0x080031b5   Thumb Code    24  stm32f4xx_dma.o(.text)
    DMA_SetCurrDataCounter                   0x080031cd   Thumb Code     4  stm32f4xx_dma.o(.text)
    DMA_GetCurrDataCounter                   0x080031d1   Thumb Code     6  stm32f4xx_dma.o(.text)
    DMA_DoubleBufferModeConfig               0x080031d7   Thumb Code    26  stm32f4xx_dma.o(.text)
    DMA_DoubleBufferModeCmd                  0x080031f1   Thumb Code    24  stm32f4xx_dma.o(.text)
    DMA_MemoryTargetConfig                   0x08003209   Thumb Code    12  stm32f4xx_dma.o(.text)
    DMA_GetCurrentMemoryTarget               0x08003215   Thumb Code    14  stm32f4xx_dma.o(.text)
    DMA_GetCmdStatus                         0x08003223   Thumb Code    14  stm32f4xx_dma.o(.text)
    DMA_GetFIFOStatus                        0x08003231   Thumb Code     8  stm32f4xx_dma.o(.text)
    DMA_GetFlagStatus                        0x08003239   Thumb Code    42  stm32f4xx_dma.o(.text)
    DMA_ClearFlag                            0x08003263   Thumb Code    34  stm32f4xx_dma.o(.text)
    DMA_ITConfig                             0x08003285   Thumb Code    50  stm32f4xx_dma.o(.text)
    DMA_GetITStatus                          0x080032b7   Thumb Code    70  stm32f4xx_dma.o(.text)
    DMA_ClearITPendingBit                    0x080032fd   Thumb Code    34  stm32f4xx_dma.o(.text)
    EXTI_DeInit                              0x08003341   Thumb Code    28  stm32f4xx_exti.o(.text)
    EXTI_Init                                0x0800335d   Thumb Code   110  stm32f4xx_exti.o(.text)
    EXTI_StructInit                          0x080033cb   Thumb Code    14  stm32f4xx_exti.o(.text)
    EXTI_GenerateSWInterrupt                 0x080033d9   Thumb Code    12  stm32f4xx_exti.o(.text)
    EXTI_GetFlagStatus                       0x080033e5   Thumb Code    18  stm32f4xx_exti.o(.text)
    EXTI_ClearFlag                           0x080033f7   Thumb Code     8  stm32f4xx_exti.o(.text)
    EXTI_GetITStatus                         0x080033ff   Thumb Code    28  stm32f4xx_exti.o(.text)
    EXTI_ClearITPendingBit                   0x0800341b   Thumb Code     8  stm32f4xx_exti.o(.text)
    FSMC_NORSRAMDeInit                       0x0800342d   Thumb Code    48  stm32f4xx_fsmc.o(.text)
    FSMC_NORSRAMInit                         0x0800345d   Thumb Code   202  stm32f4xx_fsmc.o(.text)
    FSMC_NORSRAMStructInit                   0x08003527   Thumb Code    98  stm32f4xx_fsmc.o(.text)
    FSMC_NORSRAMCmd                          0x08003589   Thumb Code    30  stm32f4xx_fsmc.o(.text)
    FSMC_NANDDeInit                          0x080035a7   Thumb Code    40  stm32f4xx_fsmc.o(.text)
    FSMC_NANDInit                            0x080035cf   Thumb Code   104  stm32f4xx_fsmc.o(.text)
    FSMC_NANDStructInit                      0x08003637   Thumb Code    54  stm32f4xx_fsmc.o(.text)
    FSMC_NANDCmd                             0x0800366d   Thumb Code    60  stm32f4xx_fsmc.o(.text)
    FSMC_NANDECCCmd                          0x080036a9   Thumb Code    60  stm32f4xx_fsmc.o(.text)
    FSMC_GetECC                              0x080036e5   Thumb Code    18  stm32f4xx_fsmc.o(.text)
    FSMC_PCCARDDeInit                        0x080036f7   Thumb Code    22  stm32f4xx_fsmc.o(.text)
    FSMC_PCCARDInit                          0x0800370d   Thumb Code    98  stm32f4xx_fsmc.o(.text)
    FSMC_PCCARDStructInit                    0x0800376f   Thumb Code    60  stm32f4xx_fsmc.o(.text)
    FSMC_PCCARDCmd                           0x080037ab   Thumb Code    34  stm32f4xx_fsmc.o(.text)
    FSMC_ITConfig                            0x080037cd   Thumb Code    86  stm32f4xx_fsmc.o(.text)
    FSMC_GetFlagStatus                       0x08003823   Thumb Code    40  stm32f4xx_fsmc.o(.text)
    FSMC_ClearFlag                           0x0800384b   Thumb Code    42  stm32f4xx_fsmc.o(.text)
    FSMC_GetITStatus                         0x08003875   Thumb Code    52  stm32f4xx_fsmc.o(.text)
    FSMC_ClearITPendingBit                   0x080038a9   Thumb Code    48  stm32f4xx_fsmc.o(.text)
    GPIO_DeInit                              0x080038e1   Thumb Code   240  stm32f4xx_gpio.o(.text)
    GPIO_Init                                0x080039d1   Thumb Code   124  stm32f4xx_gpio.o(.text)
    GPIO_StructInit                          0x08003a4d   Thumb Code    18  stm32f4xx_gpio.o(.text)
    GPIO_PinLockConfig                       0x08003a5f   Thumb Code    26  stm32f4xx_gpio.o(.text)
    GPIO_ReadInputDataBit                    0x08003a79   Thumb Code    14  stm32f4xx_gpio.o(.text)
    GPIO_ReadInputData                       0x08003a87   Thumb Code     6  stm32f4xx_gpio.o(.text)
    GPIO_ReadOutputDataBit                   0x08003a8d   Thumb Code    14  stm32f4xx_gpio.o(.text)
    GPIO_ReadOutputData                      0x08003a9b   Thumb Code     6  stm32f4xx_gpio.o(.text)
    GPIO_SetBits                             0x08003aa1   Thumb Code     4  stm32f4xx_gpio.o(.text)
    GPIO_ResetBits                           0x08003aa5   Thumb Code     4  stm32f4xx_gpio.o(.text)
    GPIO_WriteBit                            0x08003aa9   Thumb Code    12  stm32f4xx_gpio.o(.text)
    GPIO_Write                               0x08003ab5   Thumb Code     4  stm32f4xx_gpio.o(.text)
    GPIO_ToggleBits                          0x08003ab9   Thumb Code     8  stm32f4xx_gpio.o(.text)
    GPIO_PinAFConfig                         0x08003ac1   Thumb Code    32  stm32f4xx_gpio.o(.text)
    RCC_DeInit                               0x08003b05   Thumb Code    48  stm32f4xx_rcc.o(.text)
    RCC_HSEConfig                            0x08003b35   Thumb Code    12  stm32f4xx_rcc.o(.text)
    RCC_GetFlagStatus                        0x08003b41   Thumb Code    50  stm32f4xx_rcc.o(.text)
    RCC_WaitForHSEStartUp                    0x08003b73   Thumb Code    48  stm32f4xx_rcc.o(.text)
    RCC_AdjustHSICalibrationValue            0x08003ba3   Thumb Code    16  stm32f4xx_rcc.o(.text)
    RCC_HSICmd                               0x08003bb3   Thumb Code     6  stm32f4xx_rcc.o(.text)
    RCC_LSEConfig                            0x08003bb9   Thumb Code    30  stm32f4xx_rcc.o(.text)
    RCC_LSICmd                               0x08003bd7   Thumb Code     6  stm32f4xx_rcc.o(.text)
    RCC_PLLConfig                            0x08003bdd   Thumb Code    34  stm32f4xx_rcc.o(.text)
    RCC_PLLCmd                               0x08003bff   Thumb Code     6  stm32f4xx_rcc.o(.text)
    RCC_PLLI2SConfig                         0x08003c05   Thumb Code    14  stm32f4xx_rcc.o(.text)
    RCC_PLLI2SCmd                            0x08003c13   Thumb Code     6  stm32f4xx_rcc.o(.text)
    RCC_ClockSecuritySystemCmd               0x08003c19   Thumb Code     6  stm32f4xx_rcc.o(.text)
    RCC_MCO1Config                           0x08003c1f   Thumb Code    18  stm32f4xx_rcc.o(.text)
    RCC_MCO2Config                           0x08003c31   Thumb Code    18  stm32f4xx_rcc.o(.text)
    RCC_SYSCLKConfig                         0x08003c43   Thumb Code    16  stm32f4xx_rcc.o(.text)
    RCC_GetSYSCLKSource                      0x08003c53   Thumb Code    12  stm32f4xx_rcc.o(.text)
    RCC_HCLKConfig                           0x08003c5f   Thumb Code    16  stm32f4xx_rcc.o(.text)
    RCC_PCLK1Config                          0x08003c6f   Thumb Code    16  stm32f4xx_rcc.o(.text)
    RCC_PCLK2Config                          0x08003c7f   Thumb Code    18  stm32f4xx_rcc.o(.text)
    RCC_GetClocksFreq                        0x08003c91   Thumb Code   150  stm32f4xx_rcc.o(.text)
    RCC_RTCCLKConfig                         0x08003d27   Thumb Code    42  stm32f4xx_rcc.o(.text)
    RCC_RTCCLKCmd                            0x08003d51   Thumb Code     8  stm32f4xx_rcc.o(.text)
    RCC_BackupResetCmd                       0x08003d59   Thumb Code     8  stm32f4xx_rcc.o(.text)
    RCC_I2SCLKConfig                         0x08003d61   Thumb Code     6  stm32f4xx_rcc.o(.text)
    RCC_AHB1PeriphClockCmd                   0x08003d67   Thumb Code    24  stm32f4xx_rcc.o(.text)
    RCC_AHB2PeriphClockCmd                   0x08003d7f   Thumb Code    24  stm32f4xx_rcc.o(.text)
    RCC_AHB3PeriphClockCmd                   0x08003d97   Thumb Code    24  stm32f4xx_rcc.o(.text)
    RCC_APB1PeriphClockCmd                   0x08003daf   Thumb Code    24  stm32f4xx_rcc.o(.text)
    RCC_APB2PeriphClockCmd                   0x08003dc7   Thumb Code    24  stm32f4xx_rcc.o(.text)
    RCC_AHB1PeriphResetCmd                   0x08003ddf   Thumb Code    24  stm32f4xx_rcc.o(.text)
    RCC_AHB2PeriphResetCmd                   0x08003df7   Thumb Code    24  stm32f4xx_rcc.o(.text)
    RCC_AHB3PeriphResetCmd                   0x08003e0f   Thumb Code    24  stm32f4xx_rcc.o(.text)
    RCC_APB1PeriphResetCmd                   0x08003e27   Thumb Code    24  stm32f4xx_rcc.o(.text)
    RCC_APB2PeriphResetCmd                   0x08003e3f   Thumb Code    24  stm32f4xx_rcc.o(.text)
    RCC_AHB1PeriphClockLPModeCmd             0x08003e57   Thumb Code    24  stm32f4xx_rcc.o(.text)
    RCC_AHB2PeriphClockLPModeCmd             0x08003e6f   Thumb Code    24  stm32f4xx_rcc.o(.text)
    RCC_AHB3PeriphClockLPModeCmd             0x08003e87   Thumb Code    24  stm32f4xx_rcc.o(.text)
    RCC_APB1PeriphClockLPModeCmd             0x08003e9f   Thumb Code    24  stm32f4xx_rcc.o(.text)
    RCC_APB2PeriphClockLPModeCmd             0x08003eb7   Thumb Code    24  stm32f4xx_rcc.o(.text)
    RCC_ITConfig                             0x08003ecf   Thumb Code    62  stm32f4xx_rcc.o(.text)
    RCC_ClearFlag                            0x08003f0d   Thumb Code    12  stm32f4xx_rcc.o(.text)
    RCC_GetITStatus                          0x08003f19   Thumb Code    18  stm32f4xx_rcc.o(.text)
    RCC_ClearITPendingBit                    0x08003f2b   Thumb Code     8  stm32f4xx_rcc.o(.text)
    SDIO_DeInit                              0x08003f39   Thumb Code    24  stm32f4xx_sdio.o(.text)
    SDIO_Init                                0x08003f51   Thumb Code    40  stm32f4xx_sdio.o(.text)
    SDIO_StructInit                          0x08003f79   Thumb Code    16  stm32f4xx_sdio.o(.text)
    SDIO_ClockCmd                            0x08003f89   Thumb Code     6  stm32f4xx_sdio.o(.text)
    SDIO_SetPowerState                       0x08003f8f   Thumb Code     8  stm32f4xx_sdio.o(.text)
    SDIO_GetPowerState                       0x08003f97   Thumb Code    12  stm32f4xx_sdio.o(.text)
    SDIO_SendCommand                         0x08003fa3   Thumb Code    38  stm32f4xx_sdio.o(.text)
    SDIO_CmdStructInit                       0x08003fc9   Thumb Code    14  stm32f4xx_sdio.o(.text)
    SDIO_GetCommandResponse                  0x08003fd7   Thumb Code    10  stm32f4xx_sdio.o(.text)
    SDIO_GetResponse                         0x08003fe1   Thumb Code    16  stm32f4xx_sdio.o(.text)
    SDIO_DataConfig                          0x08003ff1   Thumb Code    44  stm32f4xx_sdio.o(.text)
    SDIO_DataStructInit                      0x0800401d   Thumb Code    20  stm32f4xx_sdio.o(.text)
    SDIO_GetDataCounter                      0x08004031   Thumb Code     8  stm32f4xx_sdio.o(.text)
    SDIO_ReadData                            0x08004039   Thumb Code     8  stm32f4xx_sdio.o(.text)
    SDIO_WriteData                           0x08004041   Thumb Code     8  stm32f4xx_sdio.o(.text)
    SDIO_GetFIFOCount                        0x08004049   Thumb Code     8  stm32f4xx_sdio.o(.text)
    SDIO_StartSDIOReadWait                   0x08004051   Thumb Code     6  stm32f4xx_sdio.o(.text)
    SDIO_StopSDIOReadWait                    0x08004057   Thumb Code     8  stm32f4xx_sdio.o(.text)
    SDIO_SetSDIOReadWaitMode                 0x0800405f   Thumb Code     8  stm32f4xx_sdio.o(.text)
    SDIO_SetSDIOOperation                    0x08004067   Thumb Code     8  stm32f4xx_sdio.o(.text)
    SDIO_SendSDIOSuspendCmd                  0x0800406f   Thumb Code     6  stm32f4xx_sdio.o(.text)
    SDIO_CommandCompletionCmd                0x08004075   Thumb Code     8  stm32f4xx_sdio.o(.text)
    SDIO_CEATAITCmd                          0x0800407d   Thumb Code    12  stm32f4xx_sdio.o(.text)
    SDIO_SendCEATACmd                        0x08004089   Thumb Code     8  stm32f4xx_sdio.o(.text)
    SDIO_DMACmd                              0x08004091   Thumb Code     8  stm32f4xx_sdio.o(.text)
    SDIO_ITConfig                            0x08004099   Thumb Code    24  stm32f4xx_sdio.o(.text)
    SDIO_GetFlagStatus                       0x080040b1   Thumb Code    18  stm32f4xx_sdio.o(.text)
    SDIO_ClearFlag                           0x080040c3   Thumb Code     8  stm32f4xx_sdio.o(.text)
    SDIO_GetITStatus                         0x080040cb   Thumb Code    18  stm32f4xx_sdio.o(.text)
    SDIO_ClearITPendingBit                   0x080040dd   Thumb Code     8  stm32f4xx_sdio.o(.text)
    SYSCFG_DeInit                            0x080040f5   Thumb Code    24  stm32f4xx_syscfg.o(.text)
    SYSCFG_MemoryRemapConfig                 0x0800410d   Thumb Code     6  stm32f4xx_syscfg.o(.text)
    SYSCFG_EXTILineConfig                    0x08004113   Thumb Code    38  stm32f4xx_syscfg.o(.text)
    SYSCFG_ETH_MediaInterfaceConfig          0x08004139   Thumb Code     6  stm32f4xx_syscfg.o(.text)
    SYSCFG_CompensationCellCmd               0x0800413f   Thumb Code     6  stm32f4xx_syscfg.o(.text)
    SYSCFG_GetCompensationCellStatus         0x08004145   Thumb Code    16  stm32f4xx_syscfg.o(.text)
    ETH_DeInit                               0x0800417d   Thumb Code    24  stm32f4x7_eth.o(.text)
    ETH_StructInit                           0x08004195   Thumb Code   154  stm32f4x7_eth.o(.text)
    ETH_WritePHYRegister                     0x0800422f   Thumb Code    80  stm32f4x7_eth.o(.text)
    ETH_ReadPHYRegister                      0x0800427f   Thumb Code    80  stm32f4x7_eth.o(.text)
    ETH_Init                                 0x080042cf   Thumb Code   560  stm32f4x7_eth.o(.text)
    ETH_DMAReceptionCmd                      0x080044ff   Thumb Code    26  stm32f4x7_eth.o(.text)
    ETH_DMATransmissionCmd                   0x08004519   Thumb Code    26  stm32f4x7_eth.o(.text)
    ETH_MACReceptionCmd                      0x08004533   Thumb Code    26  stm32f4x7_eth.o(.text)
    ETH_FlushTransmitFIFO                    0x0800454d   Thumb Code    12  stm32f4x7_eth.o(.text)
    ETH_MACTransmissionCmd                   0x08004559   Thumb Code    26  stm32f4x7_eth.o(.text)
    ETH_Start                                0x08004573   Thumb Code    32  stm32f4x7_eth.o(.text)
    ETH_GetFlowControlBusyStatus             0x08004593   Thumb Code    14  stm32f4x7_eth.o(.text)
    ETH_InitiatePauseControlFrame            0x080045a1   Thumb Code    12  stm32f4x7_eth.o(.text)
    ETH_BackPressureActivationCmd            0x080045ad   Thumb Code    26  stm32f4x7_eth.o(.text)
    ETH_GetMACFlagStatus                     0x080045c7   Thumb Code    16  stm32f4x7_eth.o(.text)
    ETH_GetMACITStatus                       0x080045d7   Thumb Code    16  stm32f4x7_eth.o(.text)
    ETH_MACITConfig                          0x080045e7   Thumb Code    22  stm32f4x7_eth.o(.text)
    ETH_MACAddressConfig                     0x080045fd   Thumb Code    96  stm32f4x7_eth.o(.text)
    ETH_GetMACAddress                        0x0800465d   Thumb Code    30  stm32f4x7_eth.o(.text)
    ETH_MACAddressPerfectFilterCmd           0x0800467b   Thumb Code    28  stm32f4x7_eth.o(.text)
    ETH_MACAddressFilterConfig               0x08004697   Thumb Code    28  stm32f4x7_eth.o(.text)
    ETH_MACAddressMaskBytesFilterConfig      0x080046b3   Thumb Code    20  stm32f4x7_eth.o(.text)
    ETH_Get_Received_Frame                   0x080046c7   Thumb Code    56  stm32f4x7_eth.o(.text)
    ETH_Get_Received_Frame_interrupt         0x080046ff   Thumb Code   156  stm32f4x7_eth.o(.text)
    ETH_Prepare_Transmit_Descriptors         0x0800479b   Thumb Code   166  stm32f4x7_eth.o(.text)
    ETH_DMARxDescChainInit                   0x08004841   Thumb Code    78  stm32f4x7_eth.o(.text)
    ETH_CheckFrameReceived                   0x0800488f   Thumb Code   100  stm32f4x7_eth.o(.text)
    ETH_DMATxDescChainInit                   0x080048f3   Thumb Code    62  stm32f4x7_eth.o(.text)
    ETH_GetDMATxDescFlagStatus               0x08004931   Thumb Code    14  stm32f4x7_eth.o(.text)
    ETH_GetDMATxDescCollisionCount           0x0800493f   Thumb Code     8  stm32f4x7_eth.o(.text)
    ETH_SetDMATxDescOwnBit                   0x08004947   Thumb Code    10  stm32f4x7_eth.o(.text)
    ETH_DMATxDescTransmitITConfig            0x08004951   Thumb Code    24  stm32f4x7_eth.o(.text)
    ETH_DMATxDescFrameSegmentConfig          0x08004969   Thumb Code     8  stm32f4x7_eth.o(.text)
    ETH_DMATxDescChecksumInsertionConfig     0x08004971   Thumb Code     8  stm32f4x7_eth.o(.text)
    ETH_DMATxDescCRCCmd                      0x08004979   Thumb Code    24  stm32f4x7_eth.o(.text)
    ETH_DMATxDescSecondAddressChainedCmd     0x08004991   Thumb Code    24  stm32f4x7_eth.o(.text)
    ETH_DMATxDescShortFramePaddingCmd        0x080049a9   Thumb Code    24  stm32f4x7_eth.o(.text)
    ETH_DMATxDescBufferSizeConfig            0x080049c1   Thumb Code    12  stm32f4x7_eth.o(.text)
    ETH_GetDMARxDescFlagStatus               0x080049cd   Thumb Code    14  stm32f4x7_eth.o(.text)
    ETH_GetDMAPTPRxDescExtendedFlagStatus    0x080049db   Thumb Code    14  stm32f4x7_eth.o(.text)
    ETH_SetDMARxDescOwnBit                   0x080049e9   Thumb Code    10  stm32f4x7_eth.o(.text)
    ETH_GetDMARxDescFrameLength              0x080049f3   Thumb Code     8  stm32f4x7_eth.o(.text)
    ETH_DMARxDescReceiveITConfig             0x080049fb   Thumb Code    22  stm32f4x7_eth.o(.text)
    ETH_GetDMARxDescBufferSize               0x08004a11   Thumb Code    18  stm32f4x7_eth.o(.text)
    ETH_GetRxPktSize                         0x08004a23   Thumb Code    50  stm32f4x7_eth.o(.text)
    ETH_EnhancedDescriptorCmd                0x08004a55   Thumb Code    26  stm32f4x7_eth.o(.text)
    ETH_SoftwareReset                        0x08004a6f   Thumb Code    12  stm32f4x7_eth.o(.text)
    ETH_GetSoftwareResetStatus               0x08004a7b   Thumb Code    14  stm32f4x7_eth.o(.text)
    ETH_GetDMAFlagStatus                     0x08004a89   Thumb Code    16  stm32f4x7_eth.o(.text)
    ETH_DMAClearFlag                         0x08004a99   Thumb Code     6  stm32f4x7_eth.o(.text)
    ETH_DMAITConfig                          0x08004a9f   Thumb Code    22  stm32f4x7_eth.o(.text)
    ETH_GetDMAITStatus                       0x08004ab5   Thumb Code    16  stm32f4x7_eth.o(.text)
    ETH_DMAClearITPendingBit                 0x08004ac5   Thumb Code     6  stm32f4x7_eth.o(.text)
    ETH_GetTransmitProcessState              0x08004acb   Thumb Code    10  stm32f4x7_eth.o(.text)
    ETH_GetReceiveProcessState               0x08004ad5   Thumb Code    10  stm32f4x7_eth.o(.text)
    ETH_GetFlushTransmitFIFOStatus           0x08004adf   Thumb Code    14  stm32f4x7_eth.o(.text)
    ETH_GetDMAOverflowStatus                 0x08004aed   Thumb Code    16  stm32f4x7_eth.o(.text)
    ETH_GetRxOverflowMissedFrameCounter      0x08004afd   Thumb Code    10  stm32f4x7_eth.o(.text)
    ETH_GetBufferUnavailableMissedFrameCounter 0x08004b07   Thumb Code     8  stm32f4x7_eth.o(.text)
    ETH_GetCurrentTxDescStartAddress         0x08004b0f   Thumb Code     6  stm32f4x7_eth.o(.text)
    ETH_GetCurrentRxDescStartAddress         0x08004b15   Thumb Code     6  stm32f4x7_eth.o(.text)
    ETH_GetCurrentTxBufferAddress            0x08004b1b   Thumb Code     6  stm32f4x7_eth.o(.text)
    ETH_GetCurrentRxBufferAddress            0x08004b21   Thumb Code     6  stm32f4x7_eth.o(.text)
    ETH_ResumeDMATransmission                0x08004b27   Thumb Code     8  stm32f4x7_eth.o(.text)
    ETH_ResumeDMAReception                   0x08004b2f   Thumb Code     8  stm32f4x7_eth.o(.text)
    ETH_SetReceiveWatchdogTimer              0x08004b37   Thumb Code     6  stm32f4x7_eth.o(.text)
    ETH_PHYLoopBackCmd                       0x08004b3d   Thumb Code    44  stm32f4x7_eth.o(.text)
    ETH_ResetWakeUpFrameFilterRegisterPointer 0x08004b69   Thumb Code    12  stm32f4x7_eth.o(.text)
    ETH_SetWakeUpFrameFilterRegister         0x08004b75   Thumb Code    18  stm32f4x7_eth.o(.text)
    ETH_GlobalUnicastWakeUpCmd               0x08004b87   Thumb Code    26  stm32f4x7_eth.o(.text)
    ETH_GetPMTFlagStatus                     0x08004ba1   Thumb Code    16  stm32f4x7_eth.o(.text)
    ETH_WakeUpFrameDetectionCmd              0x08004bb1   Thumb Code    26  stm32f4x7_eth.o(.text)
    ETH_MagicPacketDetectionCmd              0x08004bcb   Thumb Code    26  stm32f4x7_eth.o(.text)
    ETH_PowerDownCmd                         0x08004be5   Thumb Code    26  stm32f4x7_eth.o(.text)
    ETH_MMCCounterFullPreset                 0x08004bff   Thumb Code    12  stm32f4x7_eth.o(.text)
    ETH_MMCCounterHalfPreset                 0x08004c0b   Thumb Code    20  stm32f4x7_eth.o(.text)
    ETH_MMCCounterFreezeCmd                  0x08004c1f   Thumb Code    34  stm32f4x7_eth.o(.text)
    ETH_MMCResetOnReadCmd                    0x08004c41   Thumb Code    34  stm32f4x7_eth.o(.text)
    ETH_MMCCounterRolloverCmd                0x08004c63   Thumb Code    34  stm32f4x7_eth.o(.text)
    ETH_MMCCountersReset                     0x08004c85   Thumb Code    12  stm32f4x7_eth.o(.text)
    ETH_MMCITConfig                          0x08004c91   Thumb Code    62  stm32f4x7_eth.o(.text)
    ETH_GetMMCITStatus                       0x08004ccf   Thumb Code    50  stm32f4x7_eth.o(.text)
    ETH_GetMMCRegister                       0x08004d01   Thumb Code     6  stm32f4x7_eth.o(.text)
    netconn_new_with_proto_and_callback      0x08004d15   Thumb Code    66  api_lib.o(.text)
    netconn_delete                           0x08004d57   Thumb Code    42  api_lib.o(.text)
    netconn_getaddr                          0x08004d81   Thumb Code    48  api_lib.o(.text)
    netconn_bind                             0x08004db1   Thumb Code    40  api_lib.o(.text)
    netconn_connect                          0x08004dd9   Thumb Code    40  api_lib.o(.text)
    netconn_disconnect                       0x08004e01   Thumb Code    34  api_lib.o(.text)
    netconn_listen_with_backlog              0x08004e23   Thumb Code    34  api_lib.o(.text)
    netconn_accept                           0x08004e45   Thumb Code    44  api_lib.o(.text)
    netconn_recv                             0x08004e71   Thumb Code   228  api_lib.o(.text)
    netconn_send                             0x08004f55   Thumb Code    36  api_lib.o(.text)
    netconn_sendto                           0x08004f79   Thumb Code    16  api_lib.o(.text)
    netconn_write                            0x08004f89   Thumb Code    54  api_lib.o(.text)
    netconn_close                            0x08004fbf   Thumb Code    34  api_lib.o(.text)
    netconn_free                             0x0800538f   Thumb Code   108  api_msg.o(.text)
    netconn_alloc                            0x080053fb   Thumb Code   138  api_msg.o(.text)
    do_newconn                               0x08005569   Thumb Code    30  api_msg.o(.text)
    do_delconn                               0x08005587   Thumb Code   104  api_msg.o(.text)
    do_bind                                  0x080055ef   Thumb Code   100  api_msg.o(.text)
    do_connect                               0x08005681   Thumb Code   162  api_msg.o(.text)
    do_disconnect                            0x08005723   Thumb Code    34  api_msg.o(.text)
    do_listen                                0x08005745   Thumb Code   146  api_msg.o(.text)
    do_send                                  0x080057d7   Thumb Code   106  api_msg.o(.text)
    do_recv                                  0x08005841   Thumb Code    46  api_msg.o(.text)
    do_write                                 0x0800586f   Thumb Code    52  api_msg.o(.text)
    do_getaddr                               0x080058a3   Thumb Code   136  api_msg.o(.text)
    do_close                                 0x0800592b   Thumb Code    34  api_msg.o(.text)
    netbuf_new                               0x08005955   Thumb Code    26  netbuf.o(.text)
    netbuf_delete                            0x0800596f   Thumb Code    36  netbuf.o(.text)
    netbuf_alloc                             0x08005993   Thumb Code    46  netbuf.o(.text)
    netbuf_free                              0x080059c1   Thumb Code    24  netbuf.o(.text)
    netbuf_ref                               0x080059d9   Thumb Code    66  netbuf.o(.text)
    netbuf_chain                             0x08005a1b   Thumb Code    40  netbuf.o(.text)
    netbuf_data                              0x08005a43   Thumb Code    48  netbuf.o(.text)
    netbuf_next                              0x08005a73   Thumb Code    36  netbuf.o(.text)
    netbuf_first                             0x08005a97   Thumb Code    10  netbuf.o(.text)
    tcp_timer_needed                         0x08005ac9   Thumb Code    36  tcpip.o(.text)
    tcpip_input                              0x08005c01   Thumb Code    76  tcpip.o(.text)
    tcpip_callback_with_block                0x08005c4d   Thumb Code    96  tcpip.o(.text)
    tcpip_timeout                            0x08005cad   Thumb Code    60  tcpip.o(.text)
    tcpip_untimeout                          0x08005ce9   Thumb Code    54  tcpip.o(.text)
    tcpip_apimsg                             0x08005d1f   Thumb Code    50  tcpip.o(.text)
    tcpip_init                               0x08005d51   Thumb Code    44  tcpip.o(.text)
    pbuf_free_callback                       0x08005d81   Thumb Code     8  tcpip.o(.text)
    mem_free_callback                        0x08005d89   Thumb Code     8  tcpip.o(.text)
    dhcp_renew                               0x080062a1   Thumb Code   146  dhcp.o(.text)
    dhcp_coarse_tmr                          0x080063eb   Thumb Code    58  dhcp.o(.text)
    dhcp_release                             0x080064cf   Thumb Code   178  dhcp.o(.text)
    dhcp_fine_tmr                            0x08006701   Thumb Code    46  dhcp.o(.text)
    dhcp_stop                                0x0800682b   Thumb Code    48  dhcp.o(.text)
    dhcp_start                               0x080069c3   Thumb Code   162  dhcp.o(.text)
    dhcp_inform                              0x08006a65   Thumb Code   150  dhcp.o(.text)
    dhcp_network_changed                     0x08006afb   Thumb Code    68  dhcp.o(.text)
    dhcp_arp_reply                           0x08006bc1   Thumb Code    28  dhcp.o(.text)
    lwip_init                                0x08006beb   Thumb Code    26  init.o(.text)
    mem_init                                 0x08006c53   Thumb Code    52  mem.o(.text)
    mem_free                                 0x08006c87   Thumb Code    62  mem.o(.text)
    mem_realloc                              0x08006cc5   Thumb Code   228  mem.o(.text)
    mem_malloc                               0x08006da9   Thumb Code   198  mem.o(.text)
    mem_calloc                               0x08006e6f   Thumb Code    28  mem.o(.text)
    memp_init                                0x08006e95   Thumb Code    78  memp.o(.text)
    memp_malloc                              0x08006ee3   Thumb Code    30  memp.o(.text)
    memp_free                                0x08006f01   Thumb Code    20  memp.o(.text)
    netif_set_gw                             0x08006f1d   Thumb Code    14  netif.o(.text)
    netif_set_netmask                        0x08006f2b   Thumb Code    14  netif.o(.text)
    netif_set_ipaddr                         0x08006f39   Thumb Code    96  netif.o(.text)
    netif_set_addr                           0x08006f99   Thumb Code    32  netif.o(.text)
    netif_add                                0x08006fb9   Thumb Code    70  netif.o(.text)
    netif_set_default                        0x08006fff   Thumb Code     6  netif.o(.text)
    netif_remove                             0x08007005   Thumb Code    52  netif.o(.text)
    netif_find                               0x08007039   Thumb Code    60  netif.o(.text)
    netif_set_up                             0x08007075   Thumb Code    28  netif.o(.text)
    netif_set_down                           0x08007091   Thumb Code    18  netif.o(.text)
    netif_is_up                              0x080070a3   Thumb Code    10  netif.o(.text)
    pbuf_free                                0x080070b9   Thumb Code    82  pbuf.o(.text)
    pbuf_alloc                               0x0800710b   Thumb Code   298  pbuf.o(.text)
    pbuf_realloc                             0x08007235   Thumb Code    78  pbuf.o(.text)
    pbuf_header                              0x08007283   Thumb Code   104  pbuf.o(.text)
    pbuf_clen                                0x080072eb   Thumb Code    18  pbuf.o(.text)
    pbuf_ref                                 0x080072fd   Thumb Code    12  pbuf.o(.text)
    pbuf_cat                                 0x08007309   Thumb Code    40  pbuf.o(.text)
    pbuf_chain                               0x08007331   Thumb Code    18  pbuf.o(.text)
    pbuf_dechain                             0x08007343   Thumb Code    44  pbuf.o(.text)
    pbuf_copy                                0x0800736f   Thumb Code   148  pbuf.o(.text)
    pbuf_copy_partial                        0x08007403   Thumb Code   106  pbuf.o(.text)
    pbuf_take                                0x0800746d   Thumb Code    86  pbuf.o(.text)
    pbuf_coalesce                            0x080074c3   Thumb Code    52  pbuf.o(.text)
    raw_input                                0x080074f9   Thumb Code    98  raw.o(.text)
    raw_bind                                 0x0800755b   Thumb Code    16  raw.o(.text)
    raw_connect                              0x0800756b   Thumb Code    16  raw.o(.text)
    raw_recv                                 0x0800757b   Thumb Code     6  raw.o(.text)
    raw_sendto                               0x08007581   Thumb Code   144  raw.o(.text)
    raw_send                                 0x08007611   Thumb Code     4  raw.o(.text)
    raw_remove                               0x08007615   Thumb Code    40  raw.o(.text)
    raw_new                                  0x0800763d   Thumb Code    40  raw.o(.text)
    sys_mbox_fetch                           0x08007669   Thumb Code   106  sys.o(.text)
    sys_sem_wait                             0x080076d3   Thumb Code    96  sys.o(.text)
    sys_timeout                              0x08007733   Thumb Code   112  sys.o(.text)
    sys_untimeout                            0x080077a3   Thumb Code    80  sys.o(.text)
    sys_sem_wait_timeout                     0x080077ff   Thumb Code    58  sys.o(.text)
    sys_msleep                               0x08007839   Thumb Code    30  sys.o(.text)
    tcp_seg_free                             0x0800785d   Thumb Code    32  tcp.o(.text)
    tcp_segs_free                            0x0800787d   Thumb Code    26  tcp.o(.text)
    tcp_pcb_purge                            0x08007897   Thumb Code    48  tcp.o(.text)
    tcp_slowtmr                              0x080078c7   Thumb Code   550  tcp.o(.text)
    tcp_pcb_remove                           0x08007aed   Thumb Code    92  tcp.o(.text)
    tcp_close                                0x08007b49   Thumb Code   204  tcp.o(.text)
    tcp_update_rcv_ann_wnd                   0x08007c15   Thumb Code    54  tcp.o(.text)
    tcp_recved                               0x08007c4b   Thumb Code    60  tcp.o(.text)
    tcp_recv_null                            0x08007c87   Thumb Code    54  tcp.o(.text)
    tcp_fasttmr                              0x08007cbd   Thumb Code    86  tcp.o(.text)
    tcp_tmr                                  0x08007d13   Thumb Code    26  tcp.o(.text)
    tcp_abandon                              0x08007d2d   Thumb Code   148  tcp.o(.text)
    tcp_bind                                 0x08007e17   Thumb Code   200  tcp.o(.text)
    tcp_listen_with_backlog                  0x08007ee5   Thumb Code   142  tcp.o(.text)
    tcp_eff_send_mss                         0x08007f73   Thumb Code    32  tcp.o(.text)
    tcp_next_iss                             0x08007f93   Thumb Code    12  tcp.o(.text)
    tcp_connect                              0x08007f9f   Thumb Code   202  tcp.o(.text)
    tcp_setprio                              0x08008069   Thumb Code     4  tcp.o(.text)
    tcp_alloc                                0x080080e3   Thumb Code   154  tcp.o(.text)
    tcp_new                                  0x0800817d   Thumb Code     4  tcp.o(.text)
    tcp_arg                                  0x08008181   Thumb Code     4  tcp.o(.text)
    tcp_recv                                 0x08008185   Thumb Code     6  tcp.o(.text)
    tcp_sent                                 0x0800818b   Thumb Code     6  tcp.o(.text)
    tcp_err                                  0x08008191   Thumb Code     6  tcp.o(.text)
    tcp_accept                               0x08008197   Thumb Code     4  tcp.o(.text)
    tcp_poll                                 0x0800819b   Thumb Code    10  tcp.o(.text)
    tcp_debug_state_str                      0x080081a5   Thumb Code    10  tcp.o(.text)
    tcp_input                                0x08008c1f   Thumb Code   834  tcp_in.o(.text)
    tcp_enqueue                              0x08008fdd   Thumb Code   858  tcp_out.o(.text)
    tcp_send_ctrl                            0x08009337   Thumb Code    20  tcp_out.o(.text)
    tcp_write                                0x0800934b   Thumb Code    46  tcp_out.o(.text)
    tcp_send_empty_ack                       0x08009379   Thumb Code    86  tcp_out.o(.text)
    tcp_output                               0x08009479   Thumb Code   416  tcp_out.o(.text)
    tcp_rst                                  0x08009619   Thumb Code   158  tcp_out.o(.text)
    tcp_rexmit_rto                           0x080096b7   Thumb Code    44  tcp_out.o(.text)
    tcp_rexmit                               0x080096e3   Thumb Code    70  tcp_out.o(.text)
    tcp_rexmit_fast                          0x08009729   Thumb Code    96  tcp_out.o(.text)
    tcp_keepalive                            0x08009789   Thumb Code    72  tcp_out.o(.text)
    tcp_zero_window_probe                    0x080097d1   Thumb Code   174  tcp_out.o(.text)
    udp_input                                0x08009881   Thumb Code   408  udp.o(.text)
    udp_bind                                 0x08009a19   Thumb Code    94  udp.o(.text)
    udp_sendto_if                            0x08009a77   Thumb Code   182  udp.o(.text)
    udp_sendto                               0x08009b2d   Thumb Code    40  udp.o(.text)
    udp_send                                 0x08009b55   Thumb Code     6  udp.o(.text)
    udp_connect                              0x08009b5b   Thumb Code    74  udp.o(.text)
    udp_disconnect                           0x08009ba5   Thumb Code    20  udp.o(.text)
    udp_recv                                 0x08009bb9   Thumb Code     6  udp.o(.text)
    udp_remove                               0x08009bbf   Thumb Code    40  udp.o(.text)
    udp_new                                  0x08009be7   Thumb Code    28  udp.o(.text)
    autoip_init                              0x08009c0d   Thumb Code     2  autoip.o(.text)
    autoip_start                             0x08009c9b   Thumb Code    96  autoip.o(.text)
    autoip_network_changed                   0x08009d95   Thumb Code    32  autoip.o(.text)
    autoip_stop                              0x08009db5   Thumb Code    16  autoip.o(.text)
    autoip_tmr                               0x08009dc5   Thumb Code   204  autoip.o(.text)
    autoip_arp_reply                         0x08009e91   Thumb Code   140  autoip.o(.text)
    icmp_input                               0x08009f3d   Thumb Code   324  icmp.o(.text)
    icmp_dest_unreach                        0x0800a0e9   Thumb Code     6  icmp.o(.text)
    htonl                                    0x0800a0f1   Thumb Code    24  inet.o(.text)
    inet_aton                                0x0800a109   Thumb Code   276  inet.o(.text)
    inet_addr                                0x0800a21d   Thumb Code    20  inet.o(.text)
    inet_ntoa                                0x0800a231   Thumb Code    92  inet.o(.text)
    htons                                    0x0800a28d   Thumb Code    10  inet.o(.text)
    ntohs                                    0x0800a297   Thumb Code     2  inet.o(.text)
    ntohl                                    0x0800a299   Thumb Code     2  inet.o(.text)
    inet_chksum_pseudo                       0x0800a2db   Thumb Code   134  inet_chksum.o(.text)
    inet_chksum                              0x0800a361   Thumb Code    12  inet_chksum.o(.text)
    inet_chksum_pbuf                         0x0800a36d   Thumb Code    72  inet_chksum.o(.text)
    ip_route                                 0x0800a3b5   Thumb Code    62  ip.o(.text)
    ip_input                                 0x0800a3f3   Thumb Code   426  ip.o(.text)
    ip_output_if                             0x0800a59d   Thumb Code   186  ip.o(.text)
    ip_output                                0x0800a657   Thumb Code    52  ip.o(.text)
    ip_addr_isbroadcast                      0x0800a699   Thumb Code    62  ip_addr.o(.text)
    etharp_tmr                               0x0800a6d9   Thumb Code    50  etharp.o(.text)
    etharp_find_addr                         0x0800a899   Thumb Code    44  etharp.o(.text)
    etharp_ip_input                          0x0800a8c5   Thumb Code    40  etharp.o(.text)
    etharp_arp_input                         0x0800a8ed   Thumb Code   296  etharp.o(.text)
    etharp_raw                               0x0800aa15   Thumb Code   192  etharp.o(.text)
    etharp_request                           0x0800aad5   Thumb Code    32  etharp.o(.text)
    etharp_query                             0x0800aaf5   Thumb Code   140  etharp.o(.text)
    etharp_output                            0x0800ab81   Thumb Code   180  etharp.o(.text)
    ethernet_input                           0x0800ac35   Thumb Code    82  etharp.o(.text)
    ethernetif_init                          0x0800ae75   Thumb Code    42  ethernetif.o(.text)
    sys_mbox_new                             0x0800aed9   Thumb Code     8  sys_arch.o(.text)
    sys_mbox_free                            0x0800aee1   Thumb Code    20  sys_arch.o(.text)
    sys_mbox_post                            0x0800aef5   Thumb Code    26  sys_arch.o(.text)
    sys_mbox_trypost                         0x0800af0f   Thumb Code    26  sys_arch.o(.text)
    sys_arch_mbox_fetch                      0x0800af29   Thumb Code    84  sys_arch.o(.text)
    sys_arch_mbox_tryfetch                   0x0800af7d   Thumb Code    30  sys_arch.o(.text)
    sys_sem_new                              0x0800af9b   Thumb Code    54  sys_arch.o(.text)
    sys_arch_sem_wait                        0x0800afd1   Thumb Code    74  sys_arch.o(.text)
    sys_sem_signal                           0x0800b01b   Thumb Code    10  sys_arch.o(.text)
    sys_sem_free                             0x0800b025   Thumb Code     4  sys_arch.o(.text)
    sys_init                                 0x0800b029   Thumb Code    28  sys_arch.o(.text)
    sys_arch_timeouts                        0x0800b045   Thumb Code    38  sys_arch.o(.text)
    sys_thread_new                           0x0800b06b   Thumb Code    76  sys_arch.o(.text)
    sys_arch_protect                         0x0800b0b7   Thumb Code    10  sys_arch.o(.text)
    sys_arch_unprotect                       0x0800b0c1   Thumb Code     4  sys_arch.o(.text)
    sys_assert                               0x0800b0c5   Thumb Code     6  sys_arch.o(.text)
    vListInitialise                          0x0800b0d5   Thumb Code    22  list.o(.text)
    vListInitialiseItem                      0x0800b0eb   Thumb Code     6  list.o(.text)
    vListInsertEnd                           0x0800b0f1   Thumb Code    28  list.o(.text)
    vListInsert                              0x0800b10d   Thumb Code    48  list.o(.text)
    vListRemove                              0x0800b13d   Thumb Code    36  list.o(.text)
    xQueueCreate                             0x0800b161   Thumb Code    96  queue.o(.text)
    xQueueGenericSend                        0x0800b29f   Thumb Code   200  queue.o(.text)
    xQueueCreateMutex                        0x0800b367   Thumb Code    68  queue.o(.text)
    xQueueCreateCountingSemaphore            0x0800b3ab   Thumb Code    18  queue.o(.text)
    xQueueGenericSendFromISR                 0x0800b3bd   Thumb Code    82  queue.o(.text)
    xQueueGenericReceive                     0x0800b451   Thumb Code   260  queue.o(.text)
    xQueueReceiveFromISR                     0x0800b555   Thumb Code    78  queue.o(.text)
    uxQueueMessagesWaiting                   0x0800b5a3   Thumb Code    18  queue.o(.text)
    uxQueueMessagesWaitingFromISR            0x0800b5b5   Thumb Code     4  queue.o(.text)
    vQueueDelete                             0x0800b5b9   Thumb Code    20  queue.o(.text)
    xQueueIsQueueEmptyFromISR                0x0800b5cd   Thumb Code    14  queue.o(.text)
    xQueueIsQueueFullFromISR                 0x0800b5db   Thumb Code    16  queue.o(.text)
    xTaskGenericCreate                       0x0800b6a5   Thumb Code   208  tasks.o(.text)
    vTaskDelete                              0x0800b775   Thumb Code    90  tasks.o(.text)
    vTaskIncrementTick                       0x0800b7cf   Thumb Code   118  tasks.o(.text)
    xTaskResumeAll                           0x0800b845   Thumb Code   168  tasks.o(.text)
    vTaskSuspendAll                          0x0800b8ed   Thumb Code    10  tasks.o(.text)
    vTaskDelay                               0x0800b8f7   Thumb Code    78  tasks.o(.text)
    uxTaskPriorityGet                        0x0800b945   Thumb Code    24  tasks.o(.text)
    vTaskPrioritySet                         0x0800b95d   Thumb Code   156  tasks.o(.text)
    vTaskStartScheduler                      0x0800ba73   Thumb Code    50  tasks.o(.text)
    vTaskEndScheduler                        0x0800baa5   Thumb Code    20  tasks.o(.text)
    xTaskGetTickCount                        0x0800bab9   Thumb Code    18  tasks.o(.text)
    xTaskGetTickCountFromISR                 0x0800bacb   Thumb Code     6  tasks.o(.text)
    uxTaskGetNumberOfTasks                   0x0800bad1   Thumb Code     6  tasks.o(.text)
    vTaskList                                0x0800bb53   Thumb Code   114  tasks.o(.text)
    vTaskStartTrace                          0x0800bbc5   Thumb Code    34  tasks.o(.text)
    ulTaskEndTrace                           0x0800bbe7   Thumb Code    24  tasks.o(.text)
    vTaskSwitchContext                       0x0800bbff   Thumb Code   138  tasks.o(.text)
    vTaskPlaceOnEventList                    0x0800bc89   Thumb Code    64  tasks.o(.text)
    xTaskRemoveFromEventList                 0x0800bcc9   Thumb Code    96  tasks.o(.text)
    vTaskSetTimeOutState                     0x0800bd29   Thumb Code    12  tasks.o(.text)
    xTaskCheckForTimeOut                     0x0800bd35   Thumb Code    72  tasks.o(.text)
    vTaskMissedYield                         0x0800bd7d   Thumb Code     8  tasks.o(.text)
    xTaskGetCurrentTaskHandle                0x0800bd85   Thumb Code     6  tasks.o(.text)
    vTaskPriorityInherit                     0x0800bd8b   Thumb Code    92  tasks.o(.text)
    vTaskPriorityDisinherit                  0x0800bde7   Thumb Code   112  tasks.o(.text)
    pxPortInitialiseStack                    0x0800be61   Thumb Code    20  port.o(.text)
    xPortStartScheduler                      0x0800be83   Thumb Code    38  port.o(.text)
    vPortEndScheduler                        0x0800bea9   Thumb Code     2  port.o(.text)
    vPortYieldFromISR                        0x0800beab   Thumb Code    12  port.o(.text)
    vPortEnterCritical                       0x0800beb7   Thumb Code    16  port.o(.text)
    vPortExitCritical                        0x0800bec7   Thumb Code    18  port.o(.text)
    xPortSysTickHandler                      0x0800bed9   Thumb Code    28  port.o(.text)
    pvPortMalloc                             0x0800bf01   Thumb Code   172  heap_2.o(.text)
    vPortFree                                0x0800bfad   Thumb Code    58  heap_2.o(.text)
    xPortGetFreeHeapSize                     0x0800bfe7   Thumb Code     6  heap_2.o(.text)
    vPortInitialiseBlocks                    0x0800bfed   Thumb Code     2  heap_2.o(.text)
    Reset_Handler                            0x0800bff9   Thumb Code     8  startup_stm32f4xx.o(.text)
    ADC_IRQHandler                           0x0800c013   Thumb Code     0  startup_stm32f4xx.o(.text)
    CAN1_RX0_IRQHandler                      0x0800c013   Thumb Code     0  startup_stm32f4xx.o(.text)
    CAN1_RX1_IRQHandler                      0x0800c013   Thumb Code     0  startup_stm32f4xx.o(.text)
    CAN1_SCE_IRQHandler                      0x0800c013   Thumb Code     0  startup_stm32f4xx.o(.text)
    CAN1_TX_IRQHandler                       0x0800c013   Thumb Code     0  startup_stm32f4xx.o(.text)
    CAN2_RX0_IRQHandler                      0x0800c013   Thumb Code     0  startup_stm32f4xx.o(.text)
    CAN2_RX1_IRQHandler                      0x0800c013   Thumb Code     0  startup_stm32f4xx.o(.text)
    CAN2_SCE_IRQHandler                      0x0800c013   Thumb Code     0  startup_stm32f4xx.o(.text)
    CAN2_TX_IRQHandler                       0x0800c013   Thumb Code     0  startup_stm32f4xx.o(.text)
    CRYP_IRQHandler                          0x0800c013   Thumb Code     0  startup_stm32f4xx.o(.text)
    DCMI_IRQHandler                          0x0800c013   Thumb Code     0  startup_stm32f4xx.o(.text)
    DMA1_Stream0_IRQHandler                  0x0800c013   Thumb Code     0  startup_stm32f4xx.o(.text)
    DMA1_Stream1_IRQHandler                  0x0800c013   Thumb Code     0  startup_stm32f4xx.o(.text)
    DMA1_Stream2_IRQHandler                  0x0800c013   Thumb Code     0  startup_stm32f4xx.o(.text)
    DMA1_Stream3_IRQHandler                  0x0800c013   Thumb Code     0  startup_stm32f4xx.o(.text)
    DMA1_Stream4_IRQHandler                  0x0800c013   Thumb Code     0  startup_stm32f4xx.o(.text)
    DMA1_Stream5_IRQHandler                  0x0800c013   Thumb Code     0  startup_stm32f4xx.o(.text)
    DMA1_Stream6_IRQHandler                  0x0800c013   Thumb Code     0  startup_stm32f4xx.o(.text)
    DMA1_Stream7_IRQHandler                  0x0800c013   Thumb Code     0  startup_stm32f4xx.o(.text)
    DMA2_Stream0_IRQHandler                  0x0800c013   Thumb Code     0  startup_stm32f4xx.o(.text)
    DMA2_Stream1_IRQHandler                  0x0800c013   Thumb Code     0  startup_stm32f4xx.o(.text)
    DMA2_Stream2_IRQHandler                  0x0800c013   Thumb Code     0  startup_stm32f4xx.o(.text)
    DMA2_Stream3_IRQHandler                  0x0800c013   Thumb Code     0  startup_stm32f4xx.o(.text)
    DMA2_Stream4_IRQHandler                  0x0800c013   Thumb Code     0  startup_stm32f4xx.o(.text)
    DMA2_Stream5_IRQHandler                  0x0800c013   Thumb Code     0  startup_stm32f4xx.o(.text)
    DMA2_Stream6_IRQHandler                  0x0800c013   Thumb Code     0  startup_stm32f4xx.o(.text)
    DMA2_Stream7_IRQHandler                  0x0800c013   Thumb Code     0  startup_stm32f4xx.o(.text)
    ETH_WKUP_IRQHandler                      0x0800c013   Thumb Code     0  startup_stm32f4xx.o(.text)
    EXTI0_IRQHandler                         0x0800c013   Thumb Code     0  startup_stm32f4xx.o(.text)
    EXTI15_10_IRQHandler                     0x0800c013   Thumb Code     0  startup_stm32f4xx.o(.text)
    EXTI1_IRQHandler                         0x0800c013   Thumb Code     0  startup_stm32f4xx.o(.text)
    EXTI2_IRQHandler                         0x0800c013   Thumb Code     0  startup_stm32f4xx.o(.text)
    EXTI3_IRQHandler                         0x0800c013   Thumb Code     0  startup_stm32f4xx.o(.text)
    EXTI4_IRQHandler                         0x0800c013   Thumb Code     0  startup_stm32f4xx.o(.text)
    EXTI9_5_IRQHandler                       0x0800c013   Thumb Code     0  startup_stm32f4xx.o(.text)
    FLASH_IRQHandler                         0x0800c013   Thumb Code     0  startup_stm32f4xx.o(.text)
    FPU_IRQHandler                           0x0800c013   Thumb Code     0  startup_stm32f4xx.o(.text)
    FSMC_IRQHandler                          0x0800c013   Thumb Code     0  startup_stm32f4xx.o(.text)
    HASH_RNG_IRQHandler                      0x0800c013   Thumb Code     0  startup_stm32f4xx.o(.text)
    I2C1_ER_IRQHandler                       0x0800c013   Thumb Code     0  startup_stm32f4xx.o(.text)
    I2C1_EV_IRQHandler                       0x0800c013   Thumb Code     0  startup_stm32f4xx.o(.text)
    I2C2_ER_IRQHandler                       0x0800c013   Thumb Code     0  startup_stm32f4xx.o(.text)
    I2C2_EV_IRQHandler                       0x0800c013   Thumb Code     0  startup_stm32f4xx.o(.text)
    I2C3_ER_IRQHandler                       0x0800c013   Thumb Code     0  startup_stm32f4xx.o(.text)
    I2C3_EV_IRQHandler                       0x0800c013   Thumb Code     0  startup_stm32f4xx.o(.text)
    OTG_FS_IRQHandler                        0x0800c013   Thumb Code     0  startup_stm32f4xx.o(.text)
    OTG_FS_WKUP_IRQHandler                   0x0800c013   Thumb Code     0  startup_stm32f4xx.o(.text)
    OTG_HS_EP1_IN_IRQHandler                 0x0800c013   Thumb Code     0  startup_stm32f4xx.o(.text)
    OTG_HS_EP1_OUT_IRQHandler                0x0800c013   Thumb Code     0  startup_stm32f4xx.o(.text)
    OTG_HS_IRQHandler                        0x0800c013   Thumb Code     0  startup_stm32f4xx.o(.text)
    OTG_HS_WKUP_IRQHandler                   0x0800c013   Thumb Code     0  startup_stm32f4xx.o(.text)
    PVD_IRQHandler                           0x0800c013   Thumb Code     0  startup_stm32f4xx.o(.text)
    RCC_IRQHandler                           0x0800c013   Thumb Code     0  startup_stm32f4xx.o(.text)
    RTC_Alarm_IRQHandler                     0x0800c013   Thumb Code     0  startup_stm32f4xx.o(.text)
    RTC_WKUP_IRQHandler                      0x0800c013   Thumb Code     0  startup_stm32f4xx.o(.text)
    SDIO_IRQHandler                          0x0800c013   Thumb Code     0  startup_stm32f4xx.o(.text)
    SPI1_IRQHandler                          0x0800c013   Thumb Code     0  startup_stm32f4xx.o(.text)
    SPI2_IRQHandler                          0x0800c013   Thumb Code     0  startup_stm32f4xx.o(.text)
    SPI3_IRQHandler                          0x0800c013   Thumb Code     0  startup_stm32f4xx.o(.text)
    TAMP_STAMP_IRQHandler                    0x0800c013   Thumb Code     0  startup_stm32f4xx.o(.text)
    TIM1_BRK_TIM9_IRQHandler                 0x0800c013   Thumb Code     0  startup_stm32f4xx.o(.text)
    TIM1_CC_IRQHandler                       0x0800c013   Thumb Code     0  startup_stm32f4xx.o(.text)
    TIM1_TRG_COM_TIM11_IRQHandler            0x0800c013   Thumb Code     0  startup_stm32f4xx.o(.text)
    TIM1_UP_TIM10_IRQHandler                 0x0800c013   Thumb Code     0  startup_stm32f4xx.o(.text)
    TIM2_IRQHandler                          0x0800c013   Thumb Code     0  startup_stm32f4xx.o(.text)
    TIM3_IRQHandler                          0x0800c013   Thumb Code     0  startup_stm32f4xx.o(.text)
    TIM4_IRQHandler                          0x0800c013   Thumb Code     0  startup_stm32f4xx.o(.text)
    TIM5_IRQHandler                          0x0800c013   Thumb Code     0  startup_stm32f4xx.o(.text)
    TIM6_DAC_IRQHandler                      0x0800c013   Thumb Code     0  startup_stm32f4xx.o(.text)
    TIM7_IRQHandler                          0x0800c013   Thumb Code     0  startup_stm32f4xx.o(.text)
    TIM8_BRK_TIM12_IRQHandler                0x0800c013   Thumb Code     0  startup_stm32f4xx.o(.text)
    TIM8_CC_IRQHandler                       0x0800c013   Thumb Code     0  startup_stm32f4xx.o(.text)
    TIM8_TRG_COM_TIM14_IRQHandler            0x0800c013   Thumb Code     0  startup_stm32f4xx.o(.text)
    TIM8_UP_TIM13_IRQHandler                 0x0800c013   Thumb Code     0  startup_stm32f4xx.o(.text)
    UART4_IRQHandler                         0x0800c013   Thumb Code     0  startup_stm32f4xx.o(.text)
    UART5_IRQHandler                         0x0800c013   Thumb Code     0  startup_stm32f4xx.o(.text)
    USART1_IRQHandler                        0x0800c013   Thumb Code     0  startup_stm32f4xx.o(.text)
    USART6_IRQHandler                        0x0800c013   Thumb Code     0  startup_stm32f4xx.o(.text)
    WWDG_IRQHandler                          0x0800c013   Thumb Code     0  startup_stm32f4xx.o(.text)
    __aeabi_memcpy                           0x0800c01d   Thumb Code    36  memcpya.o(.text)
    __aeabi_memcpy4                          0x0800c01d   Thumb Code     0  memcpya.o(.text)
    __aeabi_memcpy8                          0x0800c01d   Thumb Code     0  memcpya.o(.text)
    __aeabi_memset                           0x0800c041   Thumb Code    14  memseta.o(.text)
    __aeabi_memset4                          0x0800c041   Thumb Code     0  memseta.o(.text)
    __aeabi_memset8                          0x0800c041   Thumb Code     0  memseta.o(.text)
    __aeabi_memclr                           0x0800c04f   Thumb Code     4  memseta.o(.text)
    __aeabi_memclr4                          0x0800c04f   Thumb Code     0  memseta.o(.text)
    __aeabi_memclr8                          0x0800c04f   Thumb Code     0  memseta.o(.text)
    _memset$wrapper                          0x0800c053   Thumb Code    18  memseta.o(.text)
    strcat                                   0x0800c065   Thumb Code    24  strcat.o(.text)
    strncpy                                  0x0800c07d   Thumb Code    24  strncpy.o(.text)
    strlen                                   0x0800c095   Thumb Code    14  strlen.o(.text)
    memcmp                                   0x0800c0a3   Thumb Code    26  memcmp.o(.text)
    strncmp                                  0x0800c0bd   Thumb Code    30  strncmp.o(.text)
    __aeabi_fadd                             0x0800c0db   Thumb Code   164  fadd.o(.text)
    __aeabi_fsub                             0x0800c17f   Thumb Code     6  fadd.o(.text)
    __aeabi_frsub                            0x0800c185   Thumb Code     6  fadd.o(.text)
    __aeabi_fmul                             0x0800c18b   Thumb Code   100  fmul.o(.text)
    __aeabi_dadd                             0x0800c1ef   Thumb Code   322  dadd.o(.text)
    __aeabi_dsub                             0x0800c331   Thumb Code     6  dadd.o(.text)
    __aeabi_drsub                            0x0800c337   Thumb Code     6  dadd.o(.text)
    __aeabi_dmul                             0x0800c33d   Thumb Code   228  dmul.o(.text)
    __aeabi_i2f                              0x0800c421   Thumb Code    18  fflti.o(.text)
    __aeabi_i2d                              0x0800c433   Thumb Code    34  dflti.o(.text)
    __aeabi_ui2d                             0x0800c455   Thumb Code    26  dfltui.o(.text)
    __aeabi_f2iz                             0x0800c46f   Thumb Code    50  ffixi.o(.text)
    __aeabi_d2iz                             0x0800c4a1   Thumb Code    62  dfixi.o(.text)
    __aeabi_f2d                              0x0800c4df   Thumb Code    38  f2d.o(.text)
    __aeabi_cdcmpeq                          0x0800c505   Thumb Code     0  cdcmple.o(.text)
    __aeabi_cdcmple                          0x0800c505   Thumb Code    48  cdcmple.o(.text)
    __aeabi_cdrcmple                         0x0800c535   Thumb Code    48  cdrcmple.o(.text)
    __aeabi_uidiv                            0x0800c565   Thumb Code     0  uidiv.o(.text)
    __aeabi_uidivmod                         0x0800c565   Thumb Code    44  uidiv.o(.text)
    __aeabi_uldivmod                         0x0800c591   Thumb Code    98  uldiv.o(.text)
    __aeabi_llsl                             0x0800c5f3   Thumb Code    30  llshl.o(.text)
    _ll_shift_l                              0x0800c5f3   Thumb Code     0  llshl.o(.text)
    __aeabi_llsr                             0x0800c611   Thumb Code    32  llushr.o(.text)
    _ll_ushift_r                             0x0800c611   Thumb Code     0  llushr.o(.text)
    __aeabi_lasr                             0x0800c631   Thumb Code    36  llsshr.o(.text)
    _ll_sshift_r                             0x0800c631   Thumb Code     0  llsshr.o(.text)
    __I$use$fp                               0x0800c655   Thumb Code     0  iusefp.o(.text)
    _float_round                             0x0800c655   Thumb Code    18  fepilogue.o(.text)
    _float_epilogue                          0x0800c667   Thumb Code    92  fepilogue.o(.text)
    _double_round                            0x0800c6c3   Thumb Code    30  depilogue.o(.text)
    _double_epilogue                         0x0800c6e1   Thumb Code   156  depilogue.o(.text)
    __aeabi_ddiv                             0x0800c77d   Thumb Code   222  ddiv.o(.text)
    __aeabi_d2ulz                            0x0800c85b   Thumb Code    48  dfixul.o(.text)
    __scatterload                            0x0800c88d   Thumb Code    28  init.o(.text)
    __scatterload_rt2                        0x0800c88d   Thumb Code     0  init.o(.text)
    __I$use$semihosting$fputc                0x0800c8b1   Thumb Code     0  iusesemip.o(.text)
    __decompress                             0x0800c8b1   Thumb Code     0  __dczerorl2.o(.text)
    __decompress1                            0x0800c8b1   Thumb Code    86  __dczerorl2.o(.text)
    __semihosting_library_function           0x0800c8b1   Thumb Code     0  semi.o(.text)
    __0printf                                0x0800c909   Thumb Code    22  printfa.o(i.__0printf)
    __1printf                                0x0800c909   Thumb Code     0  printfa.o(i.__0printf)
    __2printf                                0x0800c909   Thumb Code     0  printfa.o(i.__0printf)
    __c89printf                              0x0800c909   Thumb Code     0  printfa.o(i.__0printf)
    printf                                   0x0800c909   Thumb Code     0  printfa.o(i.__0printf)
    __0sprintf                               0x0800c929   Thumb Code    34  printfa.o(i.__0sprintf)
    __1sprintf                               0x0800c929   Thumb Code     0  printfa.o(i.__0sprintf)
    __2sprintf                               0x0800c929   Thumb Code     0  printfa.o(i.__0sprintf)
    __c89sprintf                             0x0800c929   Thumb Code     0  printfa.o(i.__0sprintf)
    sprintf                                  0x0800c929   Thumb Code     0  printfa.o(i.__0sprintf)
    __scatterload_copy                       0x0800c951   Thumb Code    14  handlers.o(i.__scatterload_copy)
    __scatterload_null                       0x0800c95f   Thumb Code     2  handlers.o(i.__scatterload_null)
    __scatterload_zeroinit                   0x0800c961   Thumb Code    14  handlers.o(i.__scatterload_zeroinit)
    fputc                                    0x0800d22d   Thumb Code    18  fputc.o(i.fputc)
    ASCII16x24_Table                         0x0800d23e   Data        4560  stm32f4_discovery_lcd.o(.constdata)
    BUTTON_PORT_SOURCE                       0x0800e410   Data           1  stm32f4_discovery.o(.constdata)
    BUTTON_PIN_SOURCE                        0x0800e411   Data           1  stm32f4_discovery.o(.constdata)
    BUTTON_IRQn                              0x0800e412   Data           1  stm32f4_discovery.o(.constdata)
    BUTTON_PIN                               0x0800e414   Data           2  stm32f4_discovery.o(.constdata)
    BUTTON_EXTI_LINE                         0x0800e416   Data           2  stm32f4_discovery.o(.constdata)
    BUTTON_CLK                               0x0800e418   Data           4  stm32f4_discovery.o(.constdata)
    COM_TX_PIN                               0x0800e41c   Data           4  stm32f4_discovery.o(.constdata)
    COM_RX_PIN                               0x0800e420   Data           4  stm32f4_discovery.o(.constdata)
    COM_TX_PIN_SOURCE                        0x0800e424   Data           4  stm32f4_discovery.o(.constdata)
    COM_RX_PIN_SOURCE                        0x0800e428   Data           4  stm32f4_discovery.o(.constdata)
    COM_TX_AF                                0x0800e42c   Data           4  stm32f4_discovery.o(.constdata)
    COM_RX_AF                                0x0800e430   Data           4  stm32f4_discovery.o(.constdata)
    GPIO_PIN                                 0x0800e434   Data           8  stm32f4_discovery.o(.constdata)
    COM_USART_CLK                            0x0800e43c   Data           8  stm32f4_discovery.o(.constdata)
    COM_TX_PORT_CLK                          0x0800e444   Data           8  stm32f4_discovery.o(.constdata)
    COM_RX_PORT_CLK                          0x0800e44c   Data           8  stm32f4_discovery.o(.constdata)
    GPIO_CLK                                 0x0800e454   Data          16  stm32f4_discovery.o(.constdata)
    tcp_persist_backoff                      0x0800e494   Data           7  tcp.o(.constdata)
    tcp_backoff                              0x0800e49b   Data          13  tcp.o(.constdata)
    ip_addr_any                              0x0800e4a8   Data           4  ip_addr.o(.constdata)
    ip_addr_broadcast                        0x0800e4ac   Data           4  ip_addr.o(.constdata)
    ethbroadcast                             0x0800e4b0   Data           6  etharp.o(.constdata)
    ethzero                                  0x0800e4b6   Data           6  etharp.o(.constdata)
    Region$$Table$$Base                      0x0800e5e0   Number         0  anon$$obj.o(Region$$Table)
    Region$$Table$$Limit                     0x0800e600   Number         0  anon$$obj.o(Region$$Table)
    test                                     0x20000000   Data           4  main.o(.data)
    recv_serial                              0x20000004   Data           4  main.o(.data)
    SystemCoreClock                          0x20000008   Data           4  system_stm32f4xx.o(.data)
    AHBPrescTable                            0x2000000c   Data          16  system_stm32f4xx.o(.data)
    EthInitStatus                            0x2000001c   Data           4  stm32f4x7_eth_bsp.o(.data)
    flag_recv_success                        0x20000030   Data           4  tcpecho.o(.data)
    iot_item_1                               0x20000044   Data           4  json.o(.data)
    RTC_year                                 0x20000048   Data           4  json.o(.data)
    RTC_month                                0x2000004c   Data           4  json.o(.data)
    RTC_day                                  0x20000050   Data           4  json.o(.data)
    RTC_hour                                 0x20000054   Data           4  json.o(.data)
    RTC_minute                               0x20000058   Data           4  json.o(.data)
    RTC_second                               0x2000005c   Data           4  json.o(.data)
    USART2_RxGetIndex                        0x20000060   Data           2  uart_perlib.o(.data)
    USART2_TxPutIndex                        0x20000062   Data           2  uart_perlib.o(.data)
    USART2_TxGetIndex                        0x20000064   Data           2  uart_perlib.o(.data)
    USART3_RxGetIndex                        0x20000066   Data           2  uart_perlib.o(.data)
    IsReceive                                0x20000068   Data           4  uart_perlib.o(.data)
    exit_calib                               0x2000006c   Data           4  uart_perlib.o(.data)
    Rx_GetIndex                              0x20000070   Data           4  uart_perlib.o(.data)
    Buffer_Size                              0x20000074   Data           4  uart_perlib.o(.data)
    Font16x24                                0x20000080   Data           8  stm32f4_discovery_lcd.o(.data)
    BUTTON_PORT                              0x20000088   Data           4  stm32f4_discovery.o(.data)
    COM_USART                                0x2000008c   Data           8  stm32f4_discovery.o(.data)
    COM_TX_PORT                              0x20000094   Data           8  stm32f4_discovery.o(.data)
    COM_RX_PORT                              0x2000009c   Data           8  stm32f4_discovery.o(.data)
    GPIO_PORT                                0x200000a4   Data          16  stm32f4_discovery.o(.data)
    DMATxDescToSet                           0x200000c4   Data           4  stm32f4x7_eth.o(.data)
    DMARxDescToGet                           0x200000c8   Data           4  stm32f4x7_eth.o(.data)
    DMA_RX_FRAME_infos                       0x200000cc   Data           4  stm32f4x7_eth.o(.data)
    netif_list                               0x200000f8   Data           4  netif.o(.data)
    netif_default                            0x200000fc   Data           4  netif.o(.data)
    tcp_ticks                                0x2000010c   Data           4  tcp.o(.data)
    tcp_bound_pcbs                           0x20000110   Data           4  tcp.o(.data)
    tcp_listen_pcbs                          0x20000114   Data           4  tcp.o(.data)
    tcp_active_pcbs                          0x20000118   Data           4  tcp.o(.data)
    tcp_tw_pcbs                              0x2000011c   Data           4  tcp.o(.data)
    tcp_tmp_pcb                              0x20000120   Data           4  tcp.o(.data)
    tcp_state_str                            0x20000124   Data          44  tcp.o(.data)
    tcp_input_pcb                            0x20000168   Data           4  tcp_in.o(.data)
    udp_pcbs                                 0x2000016c   Data           4  udp.o(.data)
    current_netif                            0x20000174   Data           4  ip.o(.data)
    current_header                           0x20000178   Data           4  ip.o(.data)
    s_xSemaphore                             0x20000184   Data           4  ethernetif.o(.data)
    pxCurrentTCB                             0x20000190   Data           4  tasks.o(.data)
    __stdout                                 0x200001f8   Data           4  stdout.o(.data)
    xnetif                                   0x200001fc   Data          56  netconf.o(.bss)
    post_packet                              0x20000234   Data         450  json.o(.bss)
    USART2_RxBuffer                          0x200003f6   Data         512  uart_perlib.o(.bss)
    USART2_TxBuffer                          0x200005f6   Data         512  uart_perlib.o(.bss)
    USART3_RxBuffer                          0x200007f6   Data         512  uart_perlib.o(.bss)
    Buffer_Array                             0x200009f6   Data          20  uart_perlib.o(.bss)
    DMARxDscrTab                             0x20000a0c   Data         160  stm32f4x7_eth.o(.bss)
    DMATxDscrTab                             0x20000aac   Data         160  stm32f4x7_eth.o(.bss)
    Rx_Buff                                  0x20000b4c   Data        7620  stm32f4x7_eth.o(.bss)
    Tx_Buff                                  0x20002910   Data        7620  stm32f4x7_eth.o(.bss)
    RX_Frame_Descriptor                      0x200046d4   Data          12  stm32f4x7_eth.o(.bss)
    __initial_sp                             0x2000d810   Data           0  startup_stm32f4xx.o(STACK)



==============================================================================

Memory Map of the image

  Image Entry point : 0x08000189

  Load Region LR_IROM1 (Base: 0x08000000, Size: 0x0000e7fc, Max: 0x00100000, ABSOLUTE, COMPRESSED[0x0000e68c])

    Execution Region ER_IROM1 (Base: 0x08000000, Size: 0x0000e600, Max: 0x00100000, ABSOLUTE)

    Base Addr    Size         Type   Attr      Idx    E Section Name        Object

    0x08000000   0x00000188   Data   RO         1489    RESET               startup_stm32f4xx.o
    0x08000188   0x00000000   Code   RO         1494  * .ARM.Collect$$$$00000000  mc_w.l(entry.o)
    0x08000188   0x00000004   Code   RO         1798    .ARM.Collect$$$$00000001  mc_w.l(entry2.o)
    0x0800018c   0x00000004   Code   RO         1801    .ARM.Collect$$$$00000004  mc_w.l(entry5.o)
    0x08000190   0x00000000   Code   RO         1803    .ARM.Collect$$$$00000008  mc_w.l(entry7b.o)
    0x08000190   0x00000000   Code   RO         1805    .ARM.Collect$$$$0000000A  mc_w.l(entry8b.o)
    0x08000190   0x00000008   Code   RO         1806    .ARM.Collect$$$$0000000B  mc_w.l(entry9a.o)
    0x08000198   0x00000000   Code   RO         1808    .ARM.Collect$$$$0000000D  mc_w.l(entry10a.o)
    0x08000198   0x00000000   Code   RO         1810    .ARM.Collect$$$$0000000F  mc_w.l(entry11a.o)
    0x08000198   0x00000004   Code   RO         1799    .ARM.Collect$$$$00002712  mc_w.l(entry2.o)
    0x0800019c   0x00000088   Code   RO         1454    .emb_text           port.o
    0x08000224   0x00000128   Code   RO            2    .text               main.o
    0x0800034c   0x00000184   Code   RO          255    .text               system_stm32f4xx.o
    0x080004d0   0x00000050   Code   RO          277    .text               stm32f4xx_it.o
    0x08000520   0x000000d0   Code   RO          301    .text               netconf.o
    0x080005f0   0x00000244   Code   RO          366    .text               stm32f4x7_eth_bsp.o
    0x08000834   0x000000c8   Code   RO          384    .text               udpecho.o
    0x080008fc   0x000001f0   Code   RO          409    .text               tcpecho.o
    0x08000aec   0x000003a4   Code   RO          441    .text               jsmn.o
    0x08000e90   0x000002bc   Code   RO          460    .text               json.o
    0x0800114c   0x000007f8   Code   RO          509    .text               uart_perlib.o
    0x08001944   0x00000e0c   Code   RO          535    .text               stm32f4_discovery_lcd.o
    0x08002750   0x0000043c   Code   RO          567    .text               stm32f4_discovery.o
    0x08002b8c   0x000003b4   Code   RO          588    .text               stm32f4xx_usart.o
    0x08002f40   0x000000bc   Code   RO          604    .text               misc.o
    0x08002ffc   0x00000344   Code   RO          636    .text               stm32f4xx_dma.o
    0x08003340   0x000000ec   Code   RO          652    .text               stm32f4xx_exti.o
    0x0800342c   0x000004b4   Code   RO          668    .text               stm32f4xx_fsmc.o
    0x080038e0   0x00000224   Code   RO          684    .text               stm32f4xx_gpio.o
    0x08003b04   0x00000434   Code   RO          700    .text               stm32f4xx_rcc.o
    0x08003f38   0x000001bc   Code   RO          718    .text               stm32f4xx_sdio.o
    0x080040f4   0x00000070   Code   RO          734    .text               stm32f4xx_syscfg.o
    0x08004164   0x00000bb0   Code   RO          766    .text               stm32f4x7_eth.o
    0x08004d14   0x000002f8   Code   RO          793    .text               api_lib.o
    0x0800500c   0x00000948   Code   RO          828    .text               api_msg.o
    0x08005954   0x0000014c   Code   RO          858    .text               netbuf.o
    0x08005aa0   0x00000324   Code   RO          891    .text               tcpip.o
    0x08005dc4   0x00000e24   Code   RO          938    .text               dhcp.o
    0x08006be8   0x0000001c   Code   RO          960    .text               init.o
    0x08006c04   0x00000290   Code   RO          992    .text               mem.o
    0x08006e94   0x00000088   Code   RO         1007    .text               memp.o
    0x08006f1c   0x0000019c   Code   RO         1036    .text               netif.o
    0x080070b8   0x0000043e   Code   RO         1058    .text               pbuf.o
    0x080074f6   0x00000002   PAD
    0x080074f8   0x00000170   Code   RO         1073    .text               raw.o
    0x08007668   0x000001f4   Code   RO         1093    .text               sys.o
    0x0800785c   0x0000095c   Code   RO         1114    .text               tcp.o
    0x080081b8   0x00000da8   Code   RO         1135    .text               tcp_in.o
    0x08008f60   0x0000091e   Code   RO         1158    .text               tcp_out.o
    0x0800987e   0x00000002   PAD
    0x08009880   0x0000038c   Code   RO         1170    .text               udp.o
    0x08009c0c   0x00000330   Code   RO         1199    .text               autoip.o
    0x08009f3c   0x000001b2   Code   RO         1214    .text               icmp.o
    0x0800a0ee   0x00000002   PAD
    0x0800a0f0   0x000001b0   Code   RO         1232    .text               inet.o
    0x0800a2a0   0x00000114   Code   RO         1245    .text               inet_chksum.o
    0x0800a3b4   0x000002e4   Code   RO         1257    .text               ip.o
    0x0800a698   0x0000003e   Code   RO         1275    .text               ip_addr.o
    0x0800a6d6   0x00000002   PAD
    0x0800a6d8   0x000005b8   Code   RO         1304    .text               etharp.o
    0x0800ac90   0x00000248   Code   RO         1340    .text               ethernetif.o
    0x0800aed8   0x000001fc   Code   RO         1359    .text               sys_arch.o
    0x0800b0d4   0x0000008c   Code   RO         1399    .text               list.o
    0x0800b160   0x0000048a   Code   RO         1417    .text               queue.o
    0x0800b5ea   0x00000002   PAD
    0x0800b5ec   0x00000874   Code   RO         1432    .text               tasks.o
    0x0800be60   0x000000a0   Code   RO         1455    .text               port.o
    0x0800bf00   0x000000f8   Code   RO         1472    .text               heap_2.o
    0x0800bff8   0x00000024   Code   RO         1490    .text               startup_stm32f4xx.o
    0x0800c01c   0x00000024   Code   RO         1497    .text               mc_w.l(memcpya.o)
    0x0800c040   0x00000024   Code   RO         1499    .text               mc_w.l(memseta.o)
    0x0800c064   0x00000018   Code   RO         1501    .text               mc_w.l(strcat.o)
    0x0800c07c   0x00000018   Code   RO         1503    .text               mc_w.l(strncpy.o)
    0x0800c094   0x0000000e   Code   RO         1505    .text               mc_w.l(strlen.o)
    0x0800c0a2   0x0000001a   Code   RO         1507    .text               mc_w.l(memcmp.o)
    0x0800c0bc   0x0000001e   Code   RO         1509    .text               mc_w.l(strncmp.o)
    0x0800c0da   0x000000b0   Code   RO         1774    .text               mf_w.l(fadd.o)
    0x0800c18a   0x00000064   Code   RO         1776    .text               mf_w.l(fmul.o)
    0x0800c1ee   0x0000014e   Code   RO         1778    .text               mf_w.l(dadd.o)
    0x0800c33c   0x000000e4   Code   RO         1780    .text               mf_w.l(dmul.o)
    0x0800c420   0x00000012   Code   RO         1782    .text               mf_w.l(fflti.o)
    0x0800c432   0x00000022   Code   RO         1784    .text               mf_w.l(dflti.o)
    0x0800c454   0x0000001a   Code   RO         1786    .text               mf_w.l(dfltui.o)
    0x0800c46e   0x00000032   Code   RO         1788    .text               mf_w.l(ffixi.o)
    0x0800c4a0   0x0000003e   Code   RO         1790    .text               mf_w.l(dfixi.o)
    0x0800c4de   0x00000026   Code   RO         1792    .text               mf_w.l(f2d.o)
    0x0800c504   0x00000030   Code   RO         1794    .text               mf_w.l(cdcmple.o)
    0x0800c534   0x00000030   Code   RO         1796    .text               mf_w.l(cdrcmple.o)
    0x0800c564   0x0000002c   Code   RO         1815    .text               mc_w.l(uidiv.o)
    0x0800c590   0x00000062   Code   RO         1817    .text               mc_w.l(uldiv.o)
    0x0800c5f2   0x0000001e   Code   RO         1819    .text               mc_w.l(llshl.o)
    0x0800c610   0x00000020   Code   RO         1821    .text               mc_w.l(llushr.o)
    0x0800c630   0x00000024   Code   RO         1823    .text               mc_w.l(llsshr.o)
    0x0800c654   0x00000000   Code   RO         1825    .text               mc_w.l(iusefp.o)
    0x0800c654   0x0000006e   Code   RO         1826    .text               mf_w.l(fepilogue.o)
    0x0800c6c2   0x000000ba   Code   RO         1828    .text               mf_w.l(depilogue.o)
    0x0800c77c   0x000000de   Code   RO         1830    .text               mf_w.l(ddiv.o)
    0x0800c85a   0x00000030   Code   RO         1832    .text               mf_w.l(dfixul.o)
    0x0800c88a   0x00000002   PAD
    0x0800c88c   0x00000024   Code   RO         1834    .text               mc_w.l(init.o)
    0x0800c8b0   0x00000000   Code   RO         1836    .text               mc_w.l(semi.o)
    0x0800c8b0   0x00000000   Code   RO         1837    .text               mc_w.l(iusesemip.o)
    0x0800c8b0   0x00000056   Code   RO         1846    .text               mc_w.l(__dczerorl2.o)
    0x0800c906   0x00000002   PAD
    0x0800c908   0x00000020   Code   RO         1746    i.__0printf         mc_w.l(printfa.o)
    0x0800c928   0x00000028   Code   RO         1748    i.__0sprintf        mc_w.l(printfa.o)
    0x0800c950   0x0000000e   Code   RO         1840    i.__scatterload_copy  mc_w.l(handlers.o)
    0x0800c95e   0x00000002   Code   RO         1841    i.__scatterload_null  mc_w.l(handlers.o)
    0x0800c960   0x0000000e   Code   RO         1842    i.__scatterload_zeroinit  mc_w.l(handlers.o)
    0x0800c96e   0x00000002   PAD
    0x0800c970   0x00000184   Code   RO         1753    i._fp_digits        mc_w.l(printfa.o)
    0x0800caf4   0x000006dc   Code   RO         1754    i._printf_core      mc_w.l(printfa.o)
    0x0800d1d0   0x00000024   Code   RO         1755    i._printf_post_padding  mc_w.l(printfa.o)
    0x0800d1f4   0x0000002e   Code   RO         1756    i._printf_pre_padding  mc_w.l(printfa.o)
    0x0800d222   0x0000000a   Code   RO         1758    i._sputc            mc_w.l(printfa.o)
    0x0800d22c   0x00000012   Code   RO         1812    i.fputc             mc_w.l(fputc.o)
    0x0800d23e   0x000011d0   Data   RO          536    .constdata          stm32f4_discovery_lcd.o
    0x0800e40e   0x00000002   PAD
    0x0800e410   0x00000054   Data   RO          568    .constdata          stm32f4_discovery.o
    0x0800e464   0x00000030   Data   RO         1009    .constdata          memp.o
    0x0800e494   0x00000014   Data   RO         1115    .constdata          tcp.o
    0x0800e4a8   0x00000004   Data   RO         1276    .constdata          ip_addr.o
    0x0800e4ac   0x00000004   Data   RO         1277    .constdata          ip_addr.o
    0x0800e4b0   0x0000000c   Data   RO         1306    .constdata          etharp.o
    0x0800e4bc   0x000000a9   Data   RO          462    .conststring        json.o
    0x0800e565   0x00000003   PAD
    0x0800e568   0x00000075   Data   RO         1116    .conststring        tcp.o
    0x0800e5dd   0x00000003   PAD
    0x0800e5e0   0x00000020   Data   RO         1838    Region$$Table       anon$$obj.o


    Execution Region RW_IRAM1 (Base: 0x20000000, Size: 0x0000d810, Max: 0x00020000, ABSOLUTE, COMPRESSED[0x0000008c])

    Base Addr    Size         Type   Attr      Idx    E Section Name        Object

    0x20000000   0x00000004   Data   RW            3    .data               main.o
    0x20000004   0x00000004   Data   RW            4    .data               main.o
    0x20000008   0x00000014   Data   RW          256    .data               system_stm32f4xx.o
    0x2000001c   0x00000004   Data   RW          367    .data               stm32f4x7_eth_bsp.o
    0x20000020   0x00000010   Data   RW          385    .data               udpecho.o
    0x20000030   0x00000004   Data   RW          410    .data               tcpecho.o
    0x20000034   0x0000002c   Data   RW          463    .data               json.o
    0x20000060   0x00000018   Data   RW          512    .data               uart_perlib.o
    0x20000078   0x00000010   Data   RW          540    .data               stm32f4_discovery_lcd.o
    0x20000088   0x0000002c   Data   RW          569    .data               stm32f4_discovery.o
    0x200000b4   0x00000010   Data   RW          701    .data               stm32f4xx_rcc.o
    0x200000c4   0x0000000c   Data   RW          772    .data               stm32f4x7_eth.o
    0x200000d0   0x00000010   Data   RW          892    .data               tcpip.o
    0x200000e0   0x00000004   Data   RW          939    .data               dhcp.o
    0x200000e4   0x00000010   Data   RW          994    .data               mem.o
    0x200000f4   0x0000000c   Data   RW         1037    .data               netif.o
    0x20000100   0x00000004   Data   RW         1074    .data               raw.o
    0x20000104   0x0000004c   Data   RW         1117    .data               tcp.o
    0x20000150   0x0000001c   Data   RW         1137    .data               tcp_in.o
    0x2000016c   0x00000004   Data   RW         1171    .data               udp.o
    0x20000170   0x0000000c   Data   RW         1258    .data               ip.o
    0x2000017c   0x00000001   Data   RW         1307    .data               etharp.o
    0x2000017d   0x00000003   PAD
    0x20000180   0x0000000c   Data   RW         1341    .data               ethernetif.o
    0x2000018c   0x00000002   Data   RW         1361    .data               sys_arch.o
    0x2000018e   0x00000002   PAD
    0x20000190   0x0000004c   Data   RW         1434    .data               tasks.o
    0x200001dc   0x00000004   Data   RW         1456    .data               port.o
    0x200001e0   0x00000018   Data   RW         1474    .data               heap_2.o
    0x200001f8   0x00000004   Data   RW         1814    .data               mc_w.l(stdout.o)
    0x200001fc   0x00000038   Zero   RW          302    .bss                netconf.o
    0x20000234   0x000001c2   Zero   RW          461    .bss                json.o
    0x200003f6   0x00000614   Zero   RW          510    .bss                uart_perlib.o
    0x20000a0a   0x00000002   PAD
    0x20000a0c   0x000000a0   Zero   RW          767    .bss                stm32f4x7_eth.o
    0x20000aac   0x000000a0   Zero   RW          768    .bss                stm32f4x7_eth.o
    0x20000b4c   0x00001dc4   Zero   RW          769    .bss                stm32f4x7_eth.o
    0x20002910   0x00001dc4   Zero   RW          770    .bss                stm32f4x7_eth.o
    0x200046d4   0x0000000c   Zero   RW          771    .bss                stm32f4x7_eth.o
    0x200046e0   0x00001414   Zero   RW          993    .bss                mem.o
    0x20005af4   0x00003b13   Zero   RW         1008    .bss                memp.o
    0x20009607   0x00000001   PAD
    0x20009608   0x00000014   Zero   RW         1136    .bss                tcp_in.o
    0x2000961c   0x00000010   Zero   RW         1233    .bss                inet.o
    0x2000962c   0x000000a0   Zero   RW         1305    .bss                etharp.o
    0x200096cc   0x00000030   Zero   RW         1360    .bss                sys_arch.o
    0x200096fc   0x0000010e   Zero   RW         1433    .bss                tasks.o
    0x2000980a   0x00000006   PAD
    0x20009810   0x00003c00   Zero   RW         1473    .bss                heap_2.o
    0x2000d410   0x00000400   Zero   RW         1487    STACK               startup_stm32f4xx.o


==============================================================================

Image component sizes


      Code (inc. data)   RO Data    RW Data    ZI Data      Debug   Object Name

       760         44          0          0          0      20950   api_lib.o
      2376         32          0          0          0       9479   api_msg.o
       816         32          0          0          0       4766   autoip.o
      3620         48          0          4          0      12957   dhcp.o
      1464         24         12          1        160       9670   etharp.o
       584         58          0         12          0       4218   ethernetif.o
       248         10          0         24      15360       3980   heap_2.o
       434          0          0          0          0       2867   icmp.o
       432         12          0          0         16       3492   inet.o
       276          0          0          0          0       2970   inet_chksum.o
        28          0          0          0          0       2063   init.o
       740         14          0         12          0       6746   ip.o
        62          0          8          0          0       6197   ip_addr.o
       932          0          0          0          0       4311   jsmn.o
       700        242        169         44        450       3359   json.o
       140          0          0          0          0       3573   list.o
       296        114          0          8          0     376015   main.o
       656         10          0         16       5140       4394   mem.o
       136          8         48          0      15123       2898   memp.o
       188         14          0          0          0       2281   misc.o
       332          0          0          0          0       3561   netbuf.o
       208         58          0          0         56       9827   netconf.o
       412         12          0         12          0       6036   netif.o
      1086          0          0          0          0       6136   pbuf.o
       296         24          0          4          0       2973   port.o
      1162          0          0          0          0       8301   queue.o
       368          4          0          4          0       4113   raw.o
        36          8        392          0       1024        856   startup_stm32f4xx.o
      1084         30         84         44          0       5391   stm32f4_discovery.o
      3596         46       4560         16          0      15274   stm32f4_discovery_lcd.o
      2992         90          0         12      15572      21408   stm32f4x7_eth.o
       580         64          0          4          0       2117   stm32f4x7_eth_bsp.o
       836         34          0          0          0       7201   stm32f4xx_dma.o
       236         10          0          0          0       2767   stm32f4xx_exti.o
      1204          8          0          0          0       6343   stm32f4xx_fsmc.o
       548         36          0          0          0       4765   stm32f4xx_gpio.o
        80          4          0          0          0       1537   stm32f4xx_it.o
      1076         44          0         16          0      12155   stm32f4xx_rcc.o
       444         16          0          0          0       7712   stm32f4xx_sdio.o
       112         16          0          0          0       1723   stm32f4xx_syscfg.o
       948         24          0          0          0       8804   stm32f4xx_usart.o
       500          6          0          0          0       3788   sys.o
       508         10          0          2         48       5882   sys_arch.o
       388         36          0         20          0       2119   system_stm32f4xx.o
      2164         62          0         76        270      14065   tasks.o
      2396         46        137         76          0      19088   tcp.o
      3496         66          0         28         20      14320   tcp_in.o
      2334         12          0          0          0       7938   tcp_out.o
       496        124          0          4          0       3598   tcpecho.o
       804         58          0         16          0      16129   tcpip.o
      2040         76          0         24       1556      10413   uart_perlib.o
       908         10          0          4          0      14767   udp.o
       200         82          0         16          0       7647   udpecho.o

    ----------------------------------------------------------------------
     48768       1778       5450        504      54804     745940   Object Totals
         0          0         32          0          0          0   (incl. Generated)
        10          0          8          5          9          0   (incl. Padding)

    ----------------------------------------------------------------------

      Code (inc. data)   RO Data    RW Data    ZI Data      Debug   Library Member Name

        86          0          0          0          0          0   __dczerorl2.o
         0          0          0          0          0          0   entry.o
         0          0          0          0          0          0   entry10a.o
         0          0          0          0          0          0   entry11a.o
         8          4          0          0          0          0   entry2.o
         4          0          0          0          0          0   entry5.o
         0          0          0          0          0          0   entry7b.o
         0          0          0          0          0          0   entry8b.o
         8          4          0          0          0          0   entry9a.o
        18          0          0          0          0         80   fputc.o
        30          0          0          0          0          0   handlers.o
        36          8          0          0          0         68   init.o
         0          0          0          0          0          0   iusefp.o
         0          0          0          0          0          0   iusesemip.o
        30          0          0          0          0         68   llshl.o
        36          0          0          0          0         68   llsshr.o
        32          0          0          0          0         68   llushr.o
        26          0          0          0          0         80   memcmp.o
        36          0          0          0          0         68   memcpya.o
        36          0          0          0          0        108   memseta.o
      2308         96          0          0          0        604   printfa.o
         0          0          0          0          0          0   semi.o
         0          0          0          4          0          0   stdout.o
        24          0          0          0          0         68   strcat.o
        14          0          0          0          0         68   strlen.o
        30          0          0          0          0         80   strncmp.o
        24          0          0          0          0         76   strncpy.o
        44          0          0          0          0         80   uidiv.o
        98          0          0          0          0         92   uldiv.o
        48          0          0          0          0         68   cdcmple.o
        48          0          0          0          0         68   cdrcmple.o
       334          0          0          0          0        148   dadd.o
       222          0          0          0          0        100   ddiv.o
       186          0          0          0          0        176   depilogue.o
        62          0          0          0          0         80   dfixi.o
        48          0          0          0          0         68   dfixul.o
        34          0          0          0          0         76   dflti.o
        26          0          0          0          0         76   dfltui.o
       228          0          0          0          0         96   dmul.o
        38          0          0          0          0         68   f2d.o
       176          0          0          0          0        140   fadd.o
       110          0          0          0          0        168   fepilogue.o
        50          0          0          0          0         68   ffixi.o
        18          0          0          0          0         68   fflti.o
       100          0          0          0          0         76   fmul.o

    ----------------------------------------------------------------------
      4662        112          0          4          0       3220   Library Totals
         6          0          0          0          0          0   (incl. Padding)

    ----------------------------------------------------------------------

      Code (inc. data)   RO Data    RW Data    ZI Data      Debug   Library Name

      2928        112          0          4          0       1676   mc_w.l
      1728          0          0          0          0       1544   mf_w.l

    ----------------------------------------------------------------------
      4662        112          0          4          0       3220   Library Totals

    ----------------------------------------------------------------------

==============================================================================


      Code (inc. data)   RO Data    RW Data    ZI Data      Debug   

     53430       1890       5450        508      54804     741904   Grand Totals
     53430       1890       5450        140      54804     741904   ELF Image Totals (compressed)
     53430       1890       5450        140          0          0   ROM Totals

==============================================================================

    Total RO  Size (Code + RO Data)                58880 (  57.50kB)
    Total RW  Size (RW Data + ZI Data)             55312 (  54.02kB)
    Total ROM Size (Code + RO Data + RW Data)      59020 (  57.64kB)

==============================================================================

