Component: ARM Compiler 5.06 update 4 (build 422) Tool: armlink [4d35d2]

==============================================================================

Section Cross References

    main.o(.text) refers to stm32f4_discovery.o(.text) for STM_EVAL_LEDToggle
    main.o(.text) refers to tasks.o(.text) for vTaskDelay
    main.o(.text) refers to stm32f4_discovery_lcd.o(.text) for STM32f4_Discovery_LCD_Init
    main.o(.text) refers to util_perlib.o(.text) for LCD_LINE_Control
    main.o(.text) refers to stm32f4x7_eth_bsp.o(.text) for ETH_BSP_Config
    main.o(.text) refers to netconf.o(.text) for LwIP_Init
    main.o(.text) refers to tcpecho.o(.text) for tcpecho_init
    main.o(.text) refers to netconf.o(.bss) for xnetif
    main.o(.text) refers to main.o(.data) for .data
    system_stm32f4xx.o(.text) refers to system_stm32f4xx.o(.data) for .data
    stm32f4xx_it.o(.text) refers to port.o(.text) for xPortSysTickHandler
    stm32f4xx_it.o(.text) refers to stm32f4x7_eth.o(.text) for ETH_GetDMAFlagStatus
    stm32f4xx_it.o(.text) refers to queue.o(.text) for xQueueGenericSendFromISR
    stm32f4xx_it.o(.text) refers to ethernetif.o(.data) for s_xSemaphore
    netconf.o(.text) refers to tcpip.o(.text) for tcpip_init
    netconf.o(.text) refers to inet.o(.text) for htonl
    netconf.o(.text) refers to printfa.o(i.__0sprintf) for __2sprintf
    netconf.o(.text) refers to stm32f4_discovery_lcd.o(.text) for LCD_GetFont
    netconf.o(.text) refers to netif.o(.text) for netif_add
    netconf.o(.text) refers to ethernetif.o(.text) for ethernetif_init
    netconf.o(.text) refers to netconf.o(.bss) for .bss
    stm32f4x7_eth_bsp.o(.text) refers to stm32f4xx_rcc.o(.text) for RCC_AHB1PeriphClockCmd
    stm32f4x7_eth_bsp.o(.text) refers to stm32f4x7_eth.o(.text) for ETH_DeInit
    stm32f4x7_eth_bsp.o(.text) refers to misc.o(.text) for NVIC_PriorityGroupConfig
    stm32f4x7_eth_bsp.o(.text) refers to stm32f4xx_syscfg.o(.text) for SYSCFG_ETH_MediaInterfaceConfig
    stm32f4x7_eth_bsp.o(.text) refers to stm32f4xx_gpio.o(.text) for GPIO_Init
    stm32f4x7_eth_bsp.o(.text) refers to stm32f4_discovery_lcd.o(.text) for LCD_SetTextColor
    stm32f4x7_eth_bsp.o(.text) refers to stm32f4x7_eth_bsp.o(.data) for .data
    udpecho.o(.text) refers to api_lib.o(.text) for netconn_new_with_proto_and_callback
    udpecho.o(.text) refers to printfa.o(i.__0printf) for __2printf
    udpecho.o(.text) refers to netbuf.o(.text) for netbuf_delete
    udpecho.o(.text) refers to sys_arch.o(.text) for sys_thread_new
    udpecho.o(.text) refers to udpecho.o(.data) for .data
    udpecho.o(.text) refers to ip_addr.o(.constdata) for ip_addr_any
    tcpecho.o(.text) refers to strlen.o(.text) for strlen
    tcpecho.o(.text) refers to api_lib.o(.text) for netconn_new_with_proto_and_callback
    tcpecho.o(.text) refers to printfa.o(i.__0printf) for __2printf
    tcpecho.o(.text) refers to stm32f4_discovery_lcd.o(.text) for LCD_GetFont
    tcpecho.o(.text) refers to util_perlib.o(.text) for LCD_LINE_Control
    tcpecho.o(.text) refers to netbuf.o(.text) for netbuf_data
    tcpecho.o(.text) refers to json.o(.text) for str2int
    tcpecho.o(.text) refers to printfa.o(i.__0sprintf) for __2sprintf
    tcpecho.o(.text) refers to inet.o(.text) for htonl
    tcpecho.o(.text) refers to sys_arch.o(.text) for sys_thread_new
    tcpecho.o(.text) refers to tcpecho.o(.data) for .data
    tcpecho.o(.text) refers to json.o(.bss) for post_packet
    json.o(.text) refers to strlen.o(.text) for strlen
    json.o(.text) refers to strncmp.o(.text) for strncmp
    json.o(.text) refers to jsmn.o(.text) for jsmn_parse
    json.o(.text) refers to printfa.o(i.__0sprintf) for __2sprintf
    json.o(.text) refers to f2d.o(.text) for __aeabi_f2d
    json.o(.text) refers to json.o(.data) for .data
    json.o(.text) refers to tcpecho.o(.data) for recv_serial
    json.o(.text) refers to json.o(.conststring) for .conststring
    json.o(.text) refers to json.o(.bss) for .bss
    json.o(.data) refers to json.o(.conststring) for .conststring
    uart_perlib.o(.text) refers to misc.o(.text) for NVIC_Init
    uart_perlib.o(.text) refers to stm32f4xx_rcc.o(.text) for RCC_AHB1PeriphClockCmd
    uart_perlib.o(.text) refers to stm32f4xx_dma.o(.text) for DMA_DeInit
    uart_perlib.o(.text) refers to stm32f4xx_usart.o(.text) for USART_Init
    uart_perlib.o(.text) refers to stm32f4xx_gpio.o(.text) for GPIO_Init
    uart_perlib.o(.text) refers to ffixi.o(.text) for __aeabi_f2iz
    uart_perlib.o(.text) refers to fflti.o(.text) for __aeabi_i2f
    uart_perlib.o(.text) refers to uart_perlib.o(.bss) for .bss
    uart_perlib.o(.text) refers to uart_perlib.o(.data) for .data
    uart_perlib.o(.text) refers to fadd.o(.text) for __aeabi_frsub
    uart_perlib.o(.text) refers to fmul.o(.text) for __aeabi_fmul
    uart_perlib.o(.text) refers to cdcmple.o(.text) for __aeabi_cdcmpeq
    uart_perlib.o(.text) refers to dfixi.o(.text) for __aeabi_d2iz
    uart_perlib.o(.text) refers to dflti.o(.text) for __aeabi_i2d
[...]
    USART_GetFlagStatus                      0x08002f1f   Thumb Code    14  stm32f4xx_usart.o(.text)
    USART_ClearFlag                          0x08002f2d   Thumb Code     8  stm32f4xx_usart.o(.text)
    USART_GetITStatus                        0x08002f35   Thumb Code    64  stm32f4xx_usart.o(.text)
    USART_ClearITPendingBit                  0x08002f75   Thumb Code    16  stm32f4xx_usart.o(.text)
    NVIC_PriorityGroupConfig                 0x08002f9d   Thumb Code    10  misc.o(.text)
    NVIC_Init                                0x08002fa7   Thumb Code    98  misc.o(.text)
    NVIC_SetVectorTable                      0x08003009   Thumb Code    14  misc.o(.text)
    NVIC_SystemLPConfig                      0x08003017   Thumb Code    24  misc.o(.text)
    SysTick_CLKSourceConfig                  0x0800302f   Thumb Code    28  misc.o(.text)
    DMA_DeInit                               0x08003059   Thumb Code   278  stm32f4xx_dma.o(.text)
    DMA_Init                                 0x0800316f   Thumb Code    80  stm32f4xx_dma.o(.text)
    DMA_StructInit                           0x080031bf   Thumb Code    34  stm32f4xx_dma.o(.text)
    DMA_Cmd                                  0x080031e1   Thumb Code    24  stm32f4xx_dma.o(.text)
    DMA_PeriphIncOffsetSizeConfig            0x080031f9   Thumb Code    24  stm32f4xx_dma.o(.text)
    DMA_FlowControllerConfig                 0x08003211   Thumb Code    24  stm32f4xx_dma.o(.text)
    DMA_SetCurrDataCounter                   0x08003229   Thumb Code     4  stm32f4xx_dma.o(.text)
    DMA_GetCurrDataCounter                   0x0800322d   Thumb Code     6  stm32f4xx_dma.o(.text)
    DMA_DoubleBufferModeConfig               0x08003233   Thumb Code    26  stm32f4xx_dma.o(.text)
    DMA_DoubleBufferModeCmd                  0x0800324d   Thumb Code    24  stm32f4xx_dma.o(.text)
    DMA_MemoryTargetConfig                   0x08003265   Thumb Code    12  stm32f4xx_dma.o(.text)
    DMA_GetCurrentMemoryTarget               0x08003271   Thumb Code    14  stm32f4xx_dma.o(.text)
    DMA_GetCmdStatus                         0x0800327f   Thumb Code    14  stm32f4xx_dma.o(.text)
    DMA_GetFIFOStatus                        0x0800328d   Thumb Code     8  stm32f4xx_dma.o(.text)
    DMA_GetFlagStatus                        0x08003295   Thumb Code    42  stm32f4xx_dma.o(.text)
    DMA_ClearFlag                            0x080032bf   Thumb Code    34  stm32f4xx_dma.o(.text)
    DMA_ITConfig                             0x080032e1   Thumb Code    50  stm32f4xx_dma.o(.text)
    DMA_GetITStatus                          0x08003313   Thumb Code    70  stm32f4xx_dma.o(.text)
    DMA_ClearITPendingBit                    0x08003359   Thumb Code    34  stm32f4xx_dma.o(.text)
    EXTI_DeInit                              0x0800339d   Thumb Code    28  stm32f4xx_exti.o(.text)
    EXTI_Init                                0x080033b9   Thumb Code   110  stm32f4xx_exti.o(.text)
    EXTI_StructInit                          0x08003427   Thumb Code    14  stm32f4xx_exti.o(.text)
    EXTI_GenerateSWInterrupt                 0x08003435   Thumb Code    12  stm32f4xx_exti.o(.text)
    EXTI_GetFlagStatus                       0x08003441   Thumb Code    18  stm32f4xx_exti.o(.text)
    EXTI_ClearFlag                           0x08003453   Thumb Code     8  stm32f4xx_exti.o(.text)
    EXTI_GetITStatus                         0x0800345b   Thumb Code    28  stm32f4xx_exti.o(.text)
    EXTI_ClearITPendingBit                   0x08003477   Thumb Code     8  stm32f4xx_exti.o(.text)
    FSMC_NORSRAMDeInit                       0x08003489   Thumb Code    48  stm32f4xx_fsmc.o(.text)
    FSMC_NORSRAMInit                         0x080034b9   Thumb Code   202  stm32f4xx_fsmc.o(.text)
    FSMC_NORSRAMStructInit                   0x08003583   Thumb Code    98  stm32f4xx_fsmc.o(.text)
    FSMC_NORSRAMCmd                          0x080035e5   Thumb Code    30  stm32f4xx_fsmc.o(.text)
    FSMC_NANDDeInit                          0x08003603   Thumb Code    40  stm32f4xx_fsmc.o(.text)
    FSMC_NANDInit                            0x0800362b   Thumb Code   104  stm32f4xx_fsmc.o(.text)
    FSMC_NANDStructInit                      0x08003693   Thumb Code    54  stm32f4xx_fsmc.o(.text)
    FSMC_NANDCmd                             0x080036c9   Thumb Code    60  stm32f4xx_fsmc.o(.text)
    FSMC_NANDECCCmd                          0x08003705   Thumb Code    60  stm32f4xx_fsmc.o(.text)
    FSMC_GetECC                              0x08003741   Thumb Code    18  stm32f4xx_fsmc.o(.text)
    FSMC_PCCARDDeInit                        0x08003753   Thumb Code    22  stm32f4xx_fsmc.o(.text)
    FSMC_PCCARDInit                          0x08003769   Thumb Code    98  stm32f4xx_fsmc.o(.text)
    FSMC_PCCARDStructInit                    0x080037cb   Thumb Code    60  stm32f4xx_fsmc.o(.text)
    FSMC_PCCARDCmd                           0x08003807   Thumb Code    34  stm32f4xx_fsmc.o(.text)
    FSMC_ITConfig                            0x08003829   Thumb Code    86  stm32f4xx_fsmc.o(.text)
    FSMC_GetFlagStatus                       0x0800387f   Thumb Code    40  stm32f4xx_fsmc.o(.text)
    FSMC_ClearFlag                           0x080038a7   Thumb Code    42  stm32f4xx_fsmc.o(.text)
    FSMC_GetITStatus                         0x080038d1   Thumb Code    52  stm32f4xx_fsmc.o(.text)
    FSMC_ClearITPendingBit                   0x08003905   Thumb Code    48  stm32f4xx_fsmc.o(.text)
    GPIO_DeInit                              0x0800393d   Thumb Code   240  stm32f4xx_gpio.o(.text)
    GPIO_Init                                0x08003a2d   Thumb Code   124  stm32f4xx_gpio.o(.text)
    GPIO_StructInit                          0x08003aa9   Thumb Code    18  stm32f4xx_gpio.o(.text)
    GPIO_PinLockConfig                       0x08003abb   Thumb Code    26  stm32f4xx_gpio.o(.text)
    GPIO_ReadInputDataBit                    0x08003ad5   Thumb Code    14  stm32f4xx_gpio.o(.text)
    GPIO_ReadInputData                       0x08003ae3   Thumb Code     6  stm32f4xx_gpio.o(.text)
    GPIO_ReadOutputDataBit                   0x08003ae9   Thumb Code    14  stm32f4xx_gpio.o(.text)
    GPIO_ReadOutputData                      0x08003af7   Thumb Code     6  stm32f4xx_gpio.o(.text)
    GPIO_SetBits                             0x08003afd   Thumb Code     4  stm32f4xx_gpio.o(.text)
    GPIO_ResetBits                           0x08003b01   Thumb Code     4  stm32f4xx_gpio.o(.text)
    GPIO_WriteBit                            0x08003b05   Thumb Code    12  stm32f4xx_gpio.o(.text)
    GPIO_Write                               0x08003b11   Thumb Code     4  stm32f4xx_gpio.o(.text)
    GPIO_ToggleBits                          0x08003b15   Thumb Code     8  stm32f4xx_gpio.o(.text)
    GPIO_PinAFConfig                         0x08003b1d   Thumb Code    32  stm32f4xx_gpio.o(.text)
    RCC_DeInit                               0x08003b61   Thumb Code    48  stm32f4xx_rcc.o(.text)
    RCC_HSEConfig                            0x08003b91   Thumb Code    12  stm32f4xx_rcc.o(.text)
    RCC_GetFlagStatus                        0x08003b9d   Thumb Code    50  stm32f4xx_rcc.o(.text)
    RCC_WaitForHSEStartUp                    0x08003bcf   Thumb Code    48  stm32f4xx_rcc.o(.text)
    RCC_AdjustHSICalibrationValue            0x08003bff   Thumb Code    16  stm32f4xx_rcc.o(.text)
    RCC_HSICmd                               0x08003c0f   Thumb Code     6  stm32f4xx_rcc.o(.text)
    RCC_LSEConfig                            0x08003c15   Thumb Code    30  stm32f4xx_rcc.o(.text)
    RCC_LSICmd                               0x08003c33   Thumb Code     6  stm32f4xx_rcc.o(.text)
    RCC_PLLConfig                            0x08003c39   Thumb Code    34  stm32f4xx_rcc.o(.text)
    RCC_PLLCmd                               0x08003c5b   Thumb Code     6  stm32f4xx_rcc.o(.text)
    RCC_PLLI2SConfig                         0x08003c61   Thumb Code    14  stm32f4xx_rcc.o(.text)
    RCC_PLLI2SCmd                            0x08003c6f   Thumb Code     6  stm32f4xx_rcc.o(.text)
    RCC_ClockSecuritySystemCmd               0x08003c75   Thumb Code     6  stm32f4xx_rcc.o(.text)
    RCC_MCO1Config                           0x08003c7b   Thumb Code    18  stm32f4xx_rcc.o(.text)
    RCC_MCO2Config                           0x08003c8d   Thumb Code    18  stm32f4xx_rcc.o(.text)
    RCC_SYSCLKConfig                         0x08003c9f   Thumb Code    16  stm32f4xx_rcc.o(.text)
    RCC_GetSYSCLKSource                      0x08003caf   Thumb Code    12  stm32f4xx_rcc.o(.text)
    RCC_HCLKConfig                           0x08003cbb   Thumb Code    16  stm32f4xx_rcc.o(.text)
    RCC_PCLK1Config                          0x08003ccb   Thumb Code    16  stm32f4xx_rcc.o(.text)
    RCC_PCLK2Config                          0x08003cdb   Thumb Code    18  stm32f4xx_rcc.o(.text)
    RCC_GetClocksFreq                        0x08003ced   Thumb Code   150  stm32f4xx_rcc.o(.text)
    RCC_RTCCLKConfig                         0x08003d83   Thumb Code    42  stm32f4xx_rcc.o(.text)
    RCC_RTCCLKCmd                            0x08003dad   Thumb Code     8  stm32f4xx_rcc.o(.text)
    RCC_BackupResetCmd                       0x08003db5   Thumb Code     8  stm32f4xx_rcc.o(.text)
    RCC_I2SCLKConfig                         0x08003dbd   Thumb Code     6  stm32f4xx_rcc.o(.text)
    RCC_AHB1PeriphClockCmd                   0x08003dc3   Thumb Code    24  stm32f4xx_rcc.o(.text)
    RCC_AHB2PeriphClockCmd                   0x08003ddb   Thumb Code    24  stm32f4xx_rcc.o(.text)
    RCC_AHB3PeriphClockCmd                   0x08003df3   Thumb Code    24  stm32f4xx_rcc.o(.text)
    RCC_APB1PeriphClockCmd                   0x08003e0b   Thumb Code    24  stm32f4xx_rcc.o(.text)
    RCC_APB2PeriphClockCmd                   0x08003e23   Thumb Code    24  stm32f4xx_rcc.o(.text)
    RCC_AHB1PeriphResetCmd                   0x08003e3b   Thumb Code    24  stm32f4xx_rcc.o(.text)
    RCC_AHB2PeriphResetCmd                   0x08003e53   Thumb Code    24  stm32f4xx_rcc.o(.text)
    RCC_AHB3PeriphResetCmd                   0x08003e6b   Thumb Code    24  stm32f4xx_rcc.o(.text)
    RCC_APB1PeriphResetCmd                   0x08003e83   Thumb Code    24  stm32f4xx_rcc.o(.text)
    RCC_APB2PeriphResetCmd                   0x08003e9b   Thumb Code    24  stm32f4xx_rcc.o(.text)
    RCC_AHB1PeriphClockLPModeCmd             0x08003eb3   Thumb Code    24  stm32f4xx_rcc.o(.text)
    RCC_AHB2PeriphClockLPModeCmd             0x08003ecb   Thumb Code    24  stm32f4xx_rcc.o(.text)
    RCC_AHB3PeriphClockLPModeCmd             0x08003ee3   Thumb Code    24  stm32f4xx_rcc.o(.text)
    RCC_APB1PeriphClockLPModeCmd             0x08003efb   Thumb Code    24  stm32f4xx_rcc.o(.text)
    RCC_APB2PeriphClockLPModeCmd             0x08003f13   Thumb Code    24  stm32f4xx_rcc.o(.text)
    RCC_ITConfig                             0x08003f2b   Thumb Code    62  stm32f4xx_rcc.o(.text)
    RCC_ClearFlag                            0x08003f69   Thumb Code    12  stm32f4xx_rcc.o(.text)
    RCC_GetITStatus                          0x08003f75   Thumb Code    18  stm32f4xx_rcc.o(.text)
    RCC_ClearITPendingBit                    0x08003f87   Thumb Code     8  stm32f4xx_rcc.o(.text)
    SDIO_DeInit                              0x08003f95   Thumb Code    24  stm32f4xx_sdio.o(.text)
    SDIO_Init                                0x08003fad   Thumb Code    40  stm32f4xx_sdio.o(.text)
    SDIO_StructInit                          0x08003fd5   Thumb Code    16  stm32f4xx_sdio.o(.text)
    SDIO_ClockCmd                            0x08003fe5   Thumb Code     6  stm32f4xx_sdio.o(.text)
    SDIO_SetPowerState                       0x08003feb   Thumb Code     8  stm32f4xx_sdio.o(.text)
    SDIO_GetPowerState                       0x08003ff3   Thumb Code    12  stm32f4xx_sdio.o(.text)
    SDIO_SendCommand                         0x08003fff   Thumb Code    38  stm32f4xx_sdio.o(.text)
    SDIO_CmdStructInit                       0x08004025   Thumb Code    14  stm32f4xx_sdio.o(.text)
    SDIO_GetCommandResponse                  0x08004033   Thumb Code    10  stm32f4xx_sdio.o(.text)
    SDIO_GetResponse                         0x0800403d   Thumb Code    16  stm32f4xx_sdio.o(.text)
    SDIO_DataConfig                          0x0800404d   Thumb Code    44  stm32f4xx_sdio.o(.text)
    SDIO_DataStructInit                      0x08004079   Thumb Code    20  stm32f4xx_sdio.o(.text)
    SDIO_GetDataCounter                      0x0800408d   Thumb Code     8  stm32f4xx_sdio.o(.text)
    SDIO_ReadData                            0x08004095   Thumb Code     8  stm32f4xx_sdio.o(.text)
    SDIO_WriteData                           0x0800409d   Thumb Code     8  stm32f4xx_sdio.o(.text)
    SDIO_GetFIFOCount                        0x080040a5   Thumb Code     8  stm32f4xx_sdio.o(.text)
    SDIO_StartSDIOReadWait                   0x080040ad   Thumb Code     6  stm32f4xx_sdio.o(.text)
    SDIO_StopSDIOReadWait                    0x080040b3   Thumb Code     8  stm32f4xx_sdio.o(.text)
    SDIO_SetSDIOReadWaitMode                 0x080040bb   Thumb Code     8  stm32f4xx_sdio.o(.text)
    SDIO_SetSDIOOperation                    0x080040c3   Thumb Code     8  stm32f4xx_sdio.o(.text)
    SDIO_SendSDIOSuspendCmd                  0x080040cb   Thumb Code     6  stm32f4xx_sdio.o(.text)
    SDIO_CommandCompletionCmd                0x080040d1   Thumb Code     8  stm32f4xx_sdio.o(.text)
    SDIO_CEATAITCmd                          0x080040d9   Thumb Code    12  stm32f4xx_sdio.o(.text)
    SDIO_SendCEATACmd                        0x080040e5   Thumb Code     8  stm32f4xx_sdio.o(.text)
    SDIO_DMACmd                              0x080040ed   Thumb Code     8  stm32f4xx_sdio.o(.text)
    SDIO_ITConfig                            0x080040f5   Thumb Code    24  stm32f4xx_sdio.o(.text)
    SDIO_GetFlagStatus                       0x0800410d   Thumb Code    18  stm32f4xx_sdio.o(.text)
    SDIO_ClearFlag                           0x0800411f   Thumb Code     8  stm32f4xx_sdio.o(.text)
    SDIO_GetITStatus                         0x08004127   Thumb Code    18  stm32f4xx_sdio.o(.text)
    SDIO_ClearITPendingBit                   0x08004139   Thumb Code     8  stm32f4xx_sdio.o(.text)
    SYSCFG_DeInit                            0x08004151   Thumb Code    24  stm32f4xx_syscfg.o(.text)
    SYSCFG_MemoryRemapConfig                 0x08004169   Thumb Code     6  stm32f4xx_syscfg.o(.text)
    SYSCFG_EXTILineConfig                    0x0800416f   Thumb Code    38  stm32f4xx_syscfg.o(.text)
    SYSCFG_ETH_MediaInterfaceConfig          0x08004195   Thumb Code     6  stm32f4xx_syscfg.o(.text)
    SYSCFG_CompensationCellCmd               0x0800419b   Thumb Code     6  stm32f4xx_syscfg.o(.text)
    SYSCFG_GetCompensationCellStatus         0x080041a1   Thumb Code    16  stm32f4xx_syscfg.o(.text)
    ETH_DeInit                               0x080041d9   Thumb Code    24  stm32f4x7_eth.o(.text)
    ETH_StructInit                           0x080041f1   Thumb Code   154  stm32f4x7_eth.o(.text)
    ETH_WritePHYRegister                     0x0800428b   Thumb Code    80  stm32f4x7_eth.o(.text)
    ETH_ReadPHYRegister                      0x080042db   Thumb Code    80  stm32f4x7_eth.o(.text)
    ETH_Init                                 0x0800432b   Thumb Code   560  stm32f4x7_eth.o(.text)
    ETH_DMAReceptionCmd                      0x0800455b   Thumb Code    26  stm32f4x7_eth.o(.text)
    ETH_DMATransmissionCmd                   0x08004575   Thumb Code    26  stm32f4x7_eth.o(.text)
    ETH_MACReceptionCmd                      0x0800458f   Thumb Code    26  stm32f4x7_eth.o(.text)
    ETH_FlushTransmitFIFO                    0x080045a9   Thumb Code    12  stm32f4x7_eth.o(.text)
    ETH_MACTransmissionCmd                   0x080045b5   Thumb Code    26  stm32f4x7_eth.o(.text)
    ETH_Start                                0x080045cf   Thumb Code    32  stm32f4x7_eth.o(.text)
    ETH_GetFlowControlBusyStatus             0x080045ef   Thumb Code    14  stm32f4x7_eth.o(.text)
    ETH_InitiatePauseControlFrame            0x080045fd   Thumb Code    12  stm32f4x7_eth.o(.text)
    ETH_BackPressureActivationCmd            0x08004609   Thumb Code    26  stm32f4x7_eth.o(.text)
    ETH_GetMACFlagStatus                     0x08004623   Thumb Code    16  stm32f4x7_eth.o(.text)
    ETH_GetMACITStatus                       0x08004633   Thumb Code    16  stm32f4x7_eth.o(.text)
    ETH_MACITConfig                          0x08004643   Thumb Code    22  stm32f4x7_eth.o(.text)
    ETH_MACAddressConfig                     0x08004659   Thumb Code    96  stm32f4x7_eth.o(.text)
    ETH_GetMACAddress                        0x080046b9   Thumb Code    30  stm32f4x7_eth.o(.text)
    ETH_MACAddressPerfectFilterCmd           0x080046d7   Thumb Code    28  stm32f4x7_eth.o(.text)
    ETH_MACAddressFilterConfig               0x080046f3   Thumb Code    28  stm32f4x7_eth.o(.text)
    ETH_MACAddressMaskBytesFilterConfig      0x0800470f   Thumb Code    20  stm32f4x7_eth.o(.text)
    ETH_Get_Received_Frame                   0x08004723   Thumb Code    56  stm32f4x7_eth.o(.text)
    ETH_Get_Received_Frame_interrupt         0x0800475b   Thumb Code   156  stm32f4x7_eth.o(.text)
    ETH_Prepare_Transmit_Descriptors         0x080047f7   Thumb Code   166  stm32f4x7_eth.o(.text)
    ETH_DMARxDescChainInit                   0x0800489d   Thumb Code    78  stm32f4x7_eth.o(.text)
    ETH_CheckFrameReceived                   0x080048eb   Thumb Code   100  stm32f4x7_eth.o(.text)
    ETH_DMATxDescChainInit                   0x0800494f   Thumb Code    62  stm32f4x7_eth.o(.text)
    ETH_GetDMATxDescFlagStatus               0x0800498d   Thumb Code    14  stm32f4x7_eth.o(.text)
    ETH_GetDMATxDescCollisionCount           0x0800499b   Thumb Code     8  stm32f4x7_eth.o(.text)
    ETH_SetDMATxDescOwnBit                   0x080049a3   Thumb Code    10  stm32f4x7_eth.o(.text)
    ETH_DMATxDescTransmitITConfig            0x080049ad   Thumb Code    24  stm32f4x7_eth.o(.text)
    ETH_DMATxDescFrameSegmentConfig          0x080049c5   Thumb Code     8  stm32f4x7_eth.o(.text)
    ETH_DMATxDescChecksumInsertionConfig     0x080049cd   Thumb Code     8  stm32f4x7_eth.o(.text)
    ETH_DMATxDescCRCCmd                      0x080049d5   Thumb Code    24  stm32f4x7_eth.o(.text)
    ETH_DMATxDescSecondAddressChainedCmd     0x080049ed   Thumb Code    24  stm32f4x7_eth.o(.text)
    ETH_DMATxDescShortFramePaddingCmd        0x08004a05   Thumb Code    24  stm32f4x7_eth.o(.text)
    ETH_DMATxDescBufferSizeConfig            0x08004a1d   Thumb Code    12  stm32f4x7_eth.o(.text)
    ETH_GetDMARxDescFlagStatus               0x08004a29   Thumb Code    14  stm32f4x7_eth.o(.text)
    ETH_GetDMAPTPRxDescExtendedFlagStatus    0x08004a37   Thumb Code    14  stm32f4x7_eth.o(.text)
    ETH_SetDMARxDescOwnBit                   0x08004a45   Thumb Code    10  stm32f4x7_eth.o(.text)
    ETH_GetDMARxDescFrameLength              0x08004a4f   Thumb Code     8  stm32f4x7_eth.o(.text)
    ETH_DMARxDescReceiveITConfig             0x08004a57   Thumb Code    22  stm32f4x7_eth.o(.text)
    ETH_GetDMARxDescBufferSize               0x08004a6d   Thumb Code    18  stm32f4x7_eth.o(.text)
    ETH_GetRxPktSize                         0x08004a7f   Thumb Code    50  stm32f4x7_eth.o(.text)
    ETH_EnhancedDescriptorCmd                0x08004ab1   Thumb Code    26  stm32f4x7_eth.o(.text)
    ETH_SoftwareReset                        0x08004acb   Thumb Code    12  stm32f4x7_eth.o(.text)
    ETH_GetSoftwareResetStatus               0x08004ad7   Thumb Code    14  stm32f4x7_eth.o(.text)
    ETH_GetDMAFlagStatus                     0x08004ae5   Thumb Code    16  stm32f4x7_eth.o(.text)
    ETH_DMAClearFlag                         0x08004af5   Thumb Code     6  stm32f4x7_eth.o(.text)
    ETH_DMAITConfig                          0x08004afb   Thumb Code    22  stm32f4x7_eth.o(.text)
    ETH_GetDMAITStatus                       0x08004b11   Thumb Code    16  stm32f4x7_eth.o(.text)
    ETH_DMAClearITPendingBit                 0x08004b21   Thumb Code     6  stm32f4x7_eth.o(.text)
    ETH_GetTransmitProcessState              0x08004b27   Thumb Code    10  stm32f4x7_eth.o(.text)
    ETH_GetReceiveProcessState               0x08004b31   Thumb Code    10  stm32f4x7_eth.o(.text)
    ETH_GetFlushTransmitFIFOStatus           0x08004b3b   Thumb Code    14  stm32f4x7_eth.o(.text)
    ETH_GetDMAOverflowStatus                 0x08004b49   Thumb Code    16  stm32f4x7_eth.o(.text)
    ETH_GetRxOverflowMissedFrameCounter      0x08004b59   Thumb Code    10  stm32f4x7_eth.o(.text)
    ETH_GetBufferUnavailableMissedFrameCounter 0x08004b63   Thumb Code     8  stm32f4x7_eth.o(.text)
    ETH_GetCurrentTxDescStartAddress         0x08004b6b   Thumb Code     6  stm32f4x7_eth.o(.text)
    ETH_GetCurrentRxDescStartAddress         0x08004b71   Thumb Code     6  stm32f4x7_eth.o(.text)
    ETH_GetCurrentTxBufferAddress            0x08004b77   Thumb Code     6  stm32f4x7_eth.o(.text)
    ETH_GetCurrentRxBufferAddress            0x08004b7d   Thumb Code     6  stm32f4x7_eth.o(.text)
    ETH_ResumeDMATransmission                0x08004b83   Thumb Code     8  stm32f4x7_eth.o(.text)
    ETH_ResumeDMAReception                   0x08004b8b   Thumb Code     8  stm32f4x7_eth.o(.text)
    ETH_SetReceiveWatchdogTimer              0x08004b93   Thumb Code     6  stm32f4x7_eth.o(.text)
    ETH_PHYLoopBackCmd                       0x08004b99   Thumb Code    44  stm32f4x7_eth.o(.text)
    ETH_ResetWakeUpFrameFilterRegisterPointer 0x08004bc5   Thumb Code    12  stm32f4x7_eth.o(.text)
    ETH_SetWakeUpFrameFilterRegister         0x08004bd1   Thumb Code    18  stm32f4x7_eth.o(.text)
    ETH_GlobalUnicastWakeUpCmd               0x08004be3   Thumb Code    26  stm32f4x7_eth.o(.text)
    ETH_GetPMTFlagStatus                     0x08004bfd   Thumb Code    16  stm32f4x7_eth.o(.text)
    ETH_WakeUpFrameDetectionCmd              0x08004c0d   Thumb Code    26  stm32f4x7_eth.o(.text)
    ETH_MagicPacketDetectionCmd              0x08004c27   Thumb Code    26  stm32f4x7_eth.o(.text)
    ETH_PowerDownCmd                         0x08004c41   Thumb Code    26  stm32f4x7_eth.o(.text)
    ETH_MMCCounterFullPreset                 0x08004c5b   Thumb Code    12  stm32f4x7_eth.o(.text)
    ETH_MMCCounterHalfPreset                 0x08004c67   Thumb Code    20  stm32f4x7_eth.o(.text)
    ETH_MMCCounterFreezeCmd                  0x08004c7b   Thumb Code    34  stm32f4x7_eth.o(.text)
    ETH_MMCResetOnReadCmd                    0x08004c9d   Thumb Code    34  stm32f4x7_eth.o(.text)
    ETH_MMCCounterRolloverCmd                0x08004cbf   Thumb Code    34  stm32f4x7_eth.o(.text)
    ETH_MMCCountersReset                     0x08004ce1   Thumb Code    12  stm32f4x7_eth.o(.text)
    ETH_MMCITConfig                          0x08004ced   Thumb Code    62  stm32f4x7_eth.o(.text)
    ETH_GetMMCITStatus                       0x08004d2b   Thumb Code    50  stm32f4x7_eth.o(.text)
    ETH_GetMMCRegister                       0x08004d5d   Thumb Code     6  stm32f4x7_eth.o(.text)
    netconn_new_with_proto_and_callback      0x08004d71   Thumb Code    66  api_lib.o(.text)
    netconn_delete                           0x08004db3   Thumb Code    42  api_lib.o(.text)
    netconn_getaddr                          0x08004ddd   Thumb Code    48  api_lib.o(.text)
    netconn_bind                             0x08004e0d   Thumb Code    40  api_lib.o(.text)
    netconn_connect                          0x08004e35   Thumb Code    40  api_lib.o(.text)
    netconn_disconnect                       0x08004e5d   Thumb Code    34  api_lib.o(.text)
    netconn_listen_with_backlog              0x08004e7f   Thumb Code    34  api_lib.o(.text)
    netconn_accept                           0x08004ea1   Thumb Code    44  api_lib.o(.text)
    netconn_recv                             0x08004ecd   Thumb Code   228  api_lib.o(.text)
    netconn_send                             0x08004fb1   Thumb Code    36  api_lib.o(.text)
    netconn_sendto                           0x08004fd5   Thumb Code    16  api_lib.o(.text)
    netconn_write                            0x08004fe5   Thumb Code    54  api_lib.o(.text)
    netconn_close                            0x0800501b   Thumb Code    34  api_lib.o(.text)
    netconn_free                             0x080053eb   Thumb Code   108  api_msg.o(.text)
    netconn_alloc                            0x08005457   Thumb Code   138  api_msg.o(.text)
    do_newconn                               0x080055c5   Thumb Code    30  api_msg.o(.text)
    do_delconn                               0x080055e3   Thumb Code   104  api_msg.o(.text)
    do_bind                                  0x0800564b   Thumb Code   100  api_msg.o(.text)
    do_connect                               0x080056dd   Thumb Code   162  api_msg.o(.text)
    do_disconnect                            0x0800577f   Thumb Code    34  api_msg.o(.text)
    do_listen                                0x080057a1   Thumb Code   146  api_msg.o(.text)
    do_send                                  0x08005833   Thumb Code   106  api_msg.o(.text)
    do_recv                                  0x0800589d   Thumb Code    46  api_msg.o(.text)
    do_write                                 0x080058cb   Thumb Code    52  api_msg.o(.text)
    do_getaddr                               0x080058ff   Thumb Code   136  api_msg.o(.text)
    do_close                                 0x08005987   Thumb Code    34  api_msg.o(.text)
    netbuf_new                               0x080059b1   Thumb Code    26  netbuf.o(.text)
    netbuf_delete                            0x080059cb   Thumb Code    36  netbuf.o(.text)
    netbuf_alloc                             0x080059ef   Thumb Code    46  netbuf.o(.text)
    netbuf_free                              0x08005a1d   Thumb Code    24  netbuf.o(.text)
    netbuf_ref                               0x08005a35   Thumb Code    66  netbuf.o(.text)
    netbuf_chain                             0x08005a77   Thumb Code    40  netbuf.o(.text)
    netbuf_data                              0x08005a9f   Thumb Code    48  netbuf.o(.text)
    netbuf_next                              0x08005acf   Thumb Code    36  netbuf.o(.text)
    netbuf_first                             0x08005af3   Thumb Code    10  netbuf.o(.text)
    tcp_timer_needed                         0x08005b25   Thumb Code    36  tcpip.o(.text)
    tcpip_input                              0x08005c5d   Thumb Code    76  tcpip.o(.text)
    tcpip_callback_with_block                0x08005ca9   Thumb Code    96  tcpip.o(.text)
    tcpip_timeout                            0x08005d09   Thumb Code    60  tcpip.o(.text)
    tcpip_untimeout                          0x08005d45   Thumb Code    54  tcpip.o(.text)
    tcpip_apimsg                             0x08005d7b   Thumb Code    50  tcpip.o(.text)
    tcpip_init                               0x08005dad   Thumb Code    44  tcpip.o(.text)
    pbuf_free_callback                       0x08005ddd   Thumb Code     8  tcpip.o(.text)
    mem_free_callback                        0x08005de5   Thumb Code     8  tcpip.o(.text)
    dhcp_renew                               0x080062fd   Thumb Code   146  dhcp.o(.text)
    dhcp_coarse_tmr                          0x08006447   Thumb Code    58  dhcp.o(.text)
    dhcp_release                             0x0800652b   Thumb Code   178  dhcp.o(.text)
    dhcp_fine_tmr                            0x0800675d   Thumb Code    46  dhcp.o(.text)
    dhcp_stop                                0x08006887   Thumb Code    48  dhcp.o(.text)
    dhcp_start                               0x08006a1f   Thumb Code   162  dhcp.o(.text)
    dhcp_inform                              0x08006ac1   Thumb Code   150  dhcp.o(.text)
    dhcp_network_changed                     0x08006b57   Thumb Code    68  dhcp.o(.text)
    dhcp_arp_reply                           0x08006c1d   Thumb Code    28  dhcp.o(.text)
    lwip_init                                0x08006c47   Thumb Code    26  init.o(.text)
    mem_init                                 0x08006caf   Thumb Code    52  mem.o(.text)
    mem_free                                 0x08006ce3   Thumb Code    62  mem.o(.text)
    mem_realloc                              0x08006d21   Thumb Code   228  mem.o(.text)
    mem_malloc                               0x08006e05   Thumb Code   198  mem.o(.text)
    mem_calloc                               0x08006ecb   Thumb Code    28  mem.o(.text)
    memp_init                                0x08006ef1   Thumb Code    78  memp.o(.text)
    memp_malloc                              0x08006f3f   Thumb Code    30  memp.o(.text)
    memp_free                                0x08006f5d   Thumb Code    20  memp.o(.text)
    netif_set_gw                             0x08006f79   Thumb Code    14  netif.o(.text)
    netif_set_netmask                        0x08006f87   Thumb Code    14  netif.o(.text)
    netif_set_ipaddr                         0x08006f95   Thumb Code    96  netif.o(.text)
    netif_set_addr                           0x08006ff5   Thumb Code    32  netif.o(.text)
    netif_add                                0x08007015   Thumb Code    70  netif.o(.text)
    netif_set_default                        0x0800705b   Thumb Code     6  netif.o(.text)
    netif_remove                             0x08007061   Thumb Code    52  netif.o(.text)
    netif_find                               0x08007095   Thumb Code    60  netif.o(.text)
    netif_set_up                             0x080070d1   Thumb Code    28  netif.o(.text)
    netif_set_down                           0x080070ed   Thumb Code    18  netif.o(.text)
    netif_is_up                              0x080070ff   Thumb Code    10  netif.o(.text)
    pbuf_free                                0x08007115   Thumb Code    82  pbuf.o(.text)
    pbuf_alloc                               0x08007167   Thumb Code   298  pbuf.o(.text)
    pbuf_realloc                             0x08007291   Thumb Code    78  pbuf.o(.text)
    pbuf_header                              0x080072df   Thumb Code   104  pbuf.o(.text)
    pbuf_clen                                0x08007347   Thumb Code    18  pbuf.o(.text)
    pbuf_ref                                 0x08007359   Thumb Code    12  pbuf.o(.text)
    pbuf_cat                                 0x08007365   Thumb Code    40  pbuf.o(.text)
    pbuf_chain                               0x0800738d   Thumb Code    18  pbuf.o(.text)
    pbuf_dechain                             0x0800739f   Thumb Code    44  pbuf.o(.text)
    pbuf_copy                                0x080073cb   Thumb Code   148  pbuf.o(.text)
    pbuf_copy_partial                        0x0800745f   Thumb Code   106  pbuf.o(.text)
    pbuf_take                                0x080074c9   Thumb Code    86  pbuf.o(.text)
    pbuf_coalesce                            0x0800751f   Thumb Code    52  pbuf.o(.text)
    raw_input                                0x08007555   Thumb Code    98  raw.o(.text)
    raw_bind                                 0x080075b7   Thumb Code    16  raw.o(.text)
    raw_connect                              0x080075c7   Thumb Code    16  raw.o(.text)
    raw_recv                                 0x080075d7   Thumb Code     6  raw.o(.text)
    raw_sendto                               0x080075dd   Thumb Code   144  raw.o(.text)
    raw_send                                 0x0800766d   Thumb Code     4  raw.o(.text)
    raw_remove                               0x08007671   Thumb Code    40  raw.o(.text)
    raw_new                                  0x08007699   Thumb Code    40  raw.o(.text)
    sys_mbox_fetch                           0x080076c5   Thumb Code   106  sys.o(.text)
    sys_sem_wait                             0x0800772f   Thumb Code    96  sys.o(.text)
    sys_timeout                              0x0800778f   Thumb Code   112  sys.o(.text)
    sys_untimeout                            0x080077ff   Thumb Code    80  sys.o(.text)
    sys_sem_wait_timeout                     0x0800785b   Thumb Code    58  sys.o(.text)
    sys_msleep                               0x08007895   Thumb Code    30  sys.o(.text)
    tcp_seg_free                             0x080078b9   Thumb Code    32  tcp.o(.text)
    tcp_segs_free                            0x080078d9   Thumb Code    26  tcp.o(.text)
    tcp_pcb_purge                            0x080078f3   Thumb Code    48  tcp.o(.text)
    tcp_slowtmr                              0x08007923   Thumb Code   550  tcp.o(.text)
    tcp_pcb_remove                           0x08007b49   Thumb Code    92  tcp.o(.text)
    tcp_close                                0x08007ba5   Thumb Code   204  tcp.o(.text)
    tcp_update_rcv_ann_wnd                   0x08007c71   Thumb Code    54  tcp.o(.text)
    tcp_recved                               0x08007ca7   Thumb Code    60  tcp.o(.text)
    tcp_recv_null                            0x08007ce3   Thumb Code    54  tcp.o(.text)
    tcp_fasttmr                              0x08007d19   Thumb Code    86  tcp.o(.text)
    tcp_tmr                                  0x08007d6f   Thumb Code    26  tcp.o(.text)
    tcp_abandon                              0x08007d89   Thumb Code   148  tcp.o(.text)
    tcp_bind                                 0x08007e73   Thumb Code   200  tcp.o(.text)
    tcp_listen_with_backlog                  0x08007f41   Thumb Code   142  tcp.o(.text)
    tcp_eff_send_mss                         0x08007fcf   Thumb Code    32  tcp.o(.text)
    tcp_next_iss                             0x08007fef   Thumb Code    12  tcp.o(.text)
    tcp_connect                              0x08007ffb   Thumb Code   202  tcp.o(.text)
    tcp_setprio                              0x080080c5   Thumb Code     4  tcp.o(.text)
    tcp_alloc                                0x0800813f   Thumb Code   154  tcp.o(.text)
    tcp_new                                  0x080081d9   Thumb Code     4  tcp.o(.text)
    tcp_arg                                  0x080081dd   Thumb Code     4  tcp.o(.text)
    tcp_recv                                 0x080081e1   Thumb Code     6  tcp.o(.text)
    tcp_sent                                 0x080081e7   Thumb Code     6  tcp.o(.text)
    tcp_err                                  0x080081ed   Thumb Code     6  tcp.o(.text)
    tcp_accept                               0x080081f3   Thumb Code     4  tcp.o(.text)
    tcp_poll                                 0x080081f7   Thumb Code    10  tcp.o(.text)
    tcp_debug_state_str                      0x08008201   Thumb Code    10  tcp.o(.text)
    tcp_input                                0x08008c7b   Thumb Code   834  tcp_in.o(.text)
    tcp_enqueue                              0x08009039   Thumb Code   858  tcp_out.o(.text)
    tcp_send_ctrl                            0x08009393   Thumb Code    20  tcp_out.o(.text)
    tcp_write                                0x080093a7   Thumb Code    46  tcp_out.o(.text)
    tcp_send_empty_ack                       0x080093d5   Thumb Code    86  tcp_out.o(.text)
    tcp_output                               0x080094d5   Thumb Code   416  tcp_out.o(.text)
    tcp_rst                                  0x08009675   Thumb Code   158  tcp_out.o(.text)
    tcp_rexmit_rto                           0x08009713   Thumb Code    44  tcp_out.o(.text)
    tcp_rexmit                               0x0800973f   Thumb Code    70  tcp_out.o(.text)
    tcp_rexmit_fast                          0x08009785   Thumb Code    96  tcp_out.o(.text)
    tcp_keepalive                            0x080097e5   Thumb Code    72  tcp_out.o(.text)
    tcp_zero_window_probe                    0x0800982d   Thumb Code   174  tcp_out.o(.text)
    udp_input                                0x080098dd   Thumb Code   408  udp.o(.text)
    udp_bind                                 0x08009a75   Thumb Code    94  udp.o(.text)
    udp_sendto_if                            0x08009ad3   Thumb Code   182  udp.o(.text)
    udp_sendto                               0x08009b89   Thumb Code    40  udp.o(.text)
    udp_send                                 0x08009bb1   Thumb Code     6  udp.o(.text)
    udp_connect                              0x08009bb7   Thumb Code    74  udp.o(.text)
    udp_disconnect                           0x08009c01   Thumb Code    20  udp.o(.text)
    udp_recv                                 0x08009c15   Thumb Code     6  udp.o(.text)
    udp_remove                               0x08009c1b   Thumb Code    40  udp.o(.text)
    udp_new                                  0x08009c43   Thumb Code    28  udp.o(.text)
    autoip_init                              0x08009c69   Thumb Code     2  autoip.o(.text)
    autoip_start                             0x08009cf7   Thumb Code    96  autoip.o(.text)
    autoip_network_changed                   0x08009df1   Thumb Code    32  autoip.o(.text)
    autoip_stop                              0x08009e11   Thumb Code    16  autoip.o(.text)
    autoip_tmr                               0x08009e21   Thumb Code   204  autoip.o(.text)
    autoip_arp_reply                         0x08009eed   Thumb Code   140  autoip.o(.text)
    icmp_input                               0x08009f99   Thumb Code   324  icmp.o(.text)
    icmp_dest_unreach                        0x0800a145   Thumb Code     6  icmp.o(.text)
    htonl                                    0x0800a14d   Thumb Code    24  inet.o(.text)
    inet_aton                                0x0800a165   Thumb Code   276  inet.o(.text)
    inet_addr                                0x0800a279   Thumb Code    20  inet.o(.text)
    inet_ntoa                                0x0800a28d   Thumb Code    92  inet.o(.text)
    htons                                    0x0800a2e9   Thumb Code    10  inet.o(.text)
    ntohs                                    0x0800a2f3   Thumb Code     2  inet.o(.text)
    ntohl                                    0x0800a2f5   Thumb Code     2  inet.o(.text)
    inet_chksum_pseudo                       0x0800a337   Thumb Code   134  inet_chksum.o(.text)
    inet_chksum                              0x0800a3bd   Thumb Code    12  inet_chksum.o(.text)
    inet_chksum_pbuf                         0x0800a3c9   Thumb Code    72  inet_chksum.o(.text)
    ip_route                                 0x0800a411   Thumb Code    62  ip.o(.text)
    ip_input                                 0x0800a44f   Thumb Code   426  ip.o(.text)
    ip_output_if                             0x0800a5f9   Thumb Code   186  ip.o(.text)
    ip_output                                0x0800a6b3   Thumb Code    52  ip.o(.text)
    ip_addr_isbroadcast                      0x0800a6f5   Thumb Code    62  ip_addr.o(.text)
    etharp_tmr                               0x0800a735   Thumb Code    50  etharp.o(.text)
    etharp_find_addr                         0x0800a8f5   Thumb Code    44  etharp.o(.text)
    etharp_ip_input                          0x0800a921   Thumb Code    40  etharp.o(.text)
    etharp_arp_input                         0x0800a949   Thumb Code   296  etharp.o(.text)
    etharp_raw                               0x0800aa71   Thumb Code   192  etharp.o(.text)
    etharp_request                           0x0800ab31   Thumb Code    32  etharp.o(.text)
    etharp_query                             0x0800ab51   Thumb Code   140  etharp.o(.text)
    etharp_output                            0x0800abdd   Thumb Code   180  etharp.o(.text)
    ethernet_input                           0x0800ac91   Thumb Code    82  etharp.o(.text)
    ethernetif_init                          0x0800aed1   Thumb Code    42  ethernetif.o(.text)
    sys_mbox_new                             0x0800af35   Thumb Code     8  sys_arch.o(.text)
    sys_mbox_free                            0x0800af3d   Thumb Code    20  sys_arch.o(.text)
    sys_mbox_post                            0x0800af51   Thumb Code    26  sys_arch.o(.text)
    sys_mbox_trypost                         0x0800af6b   Thumb Code    26  sys_arch.o(.text)
    sys_arch_mbox_fetch                      0x0800af85   Thumb Code    84  sys_arch.o(.text)
    sys_arch_mbox_tryfetch                   0x0800afd9   Thumb Code    30  sys_arch.o(.text)
    sys_sem_new                              0x0800aff7   Thumb Code    54  sys_arch.o(.text)
    sys_arch_sem_wait                        0x0800b02d   Thumb Code    74  sys_arch.o(.text)
    sys_sem_signal                           0x0800b077   Thumb Code    10  sys_arch.o(.text)
    sys_sem_free                             0x0800b081   Thumb Code     4  sys_arch.o(.text)
    sys_init                                 0x0800b085   Thumb Code    28  sys_arch.o(.text)
    sys_arch_timeouts                        0x0800b0a1   Thumb Code    38  sys_arch.o(.text)
    sys_thread_new                           0x0800b0c7   Thumb Code    76  sys_arch.o(.text)
    sys_arch_protect                         0x0800b113   Thumb Code    10  sys_arch.o(.text)
    sys_arch_unprotect                       0x0800b11d   Thumb Code     4  sys_arch.o(.text)
    sys_assert                               0x0800b121   Thumb Code     6  sys_arch.o(.text)
    vListInitialise                          0x0800b131   Thumb Code    22  list.o(.text)
    vListInitialiseItem                      0x0800b147   Thumb Code     6  list.o(.text)
    vListInsertEnd                           0x0800b14d   Thumb Code    28  list.o(.text)
    vListInsert                              0x0800b169   Thumb Code    48  list.o(.text)
    vListRemove                              0x0800b199   Thumb Code    36  list.o(.text)
    xQueueCreate                             0x0800b1bd   Thumb Code    96  queue.o(.text)
    xQueueGenericSend                        0x0800b2fb   Thumb Code   200  queue.o(.text)
    xQueueCreateMutex                        0x0800b3c3   Thumb Code    68  queue.o(.text)
    xQueueCreateCountingSemaphore            0x0800b407   Thumb Code    18  queue.o(.text)
    xQueueGenericSendFromISR                 0x0800b419   Thumb Code    82  queue.o(.text)
    xQueueGenericReceive                     0x0800b4ad   Thumb Code   260  queue.o(.text)
    xQueueReceiveFromISR                     0x0800b5b1   Thumb Code    78  queue.o(.text)
    uxQueueMessagesWaiting                   0x0800b5ff   Thumb Code    18  queue.o(.text)
    uxQueueMessagesWaitingFromISR            0x0800b611   Thumb Code     4  queue.o(.text)
    vQueueDelete                             0x0800b615   Thumb Code    20  queue.o(.text)
    xQueueIsQueueEmptyFromISR                0x0800b629   Thumb Code    14  queue.o(.text)
    xQueueIsQueueFullFromISR                 0x0800b637   Thumb Code    16  queue.o(.text)
    xTaskGenericCreate                       0x0800b701   Thumb Code   208  tasks.o(.text)
    vTaskDelete                              0x0800b7d1   Thumb Code    90  tasks.o(.text)
    vTaskIncrementTick                       0x0800b82b   Thumb Code   118  tasks.o(.text)
    xTaskResumeAll                           0x0800b8a1   Thumb Code   168  tasks.o(.text)
    vTaskSuspendAll                          0x0800b949   Thumb Code    10  tasks.o(.text)
    vTaskDelay                               0x0800b953   Thumb Code    78  tasks.o(.text)
    uxTaskPriorityGet                        0x0800b9a1   Thumb Code    24  tasks.o(.text)
    vTaskPrioritySet                         0x0800b9b9   Thumb Code   156  tasks.o(.text)
    vTaskStartScheduler                      0x0800bacf   Thumb Code    50  tasks.o(.text)
    vTaskEndScheduler                        0x0800bb01   Thumb Code    20  tasks.o(.text)
    xTaskGetTickCount                        0x0800bb15   Thumb Code    18  tasks.o(.text)
    xTaskGetTickCountFromISR                 0x0800bb27   Thumb Code     6  tasks.o(.text)
    uxTaskGetNumberOfTasks                   0x0800bb2d   Thumb Code     6  tasks.o(.text)
    vTaskList                                0x0800bbaf   Thumb Code   114  tasks.o(.text)
    vTaskStartTrace                          0x0800bc21   Thumb Code    34  tasks.o(.text)
    ulTaskEndTrace                           0x0800bc43   Thumb Code    24  tasks.o(.text)
    vTaskSwitchContext                       0x0800bc5b   Thumb Code   138  tasks.o(.text)
    vTaskPlaceOnEventList                    0x0800bce5   Thumb Code    64  tasks.o(.text)
    xTaskRemoveFromEventList                 0x0800bd25   Thumb Code    96  tasks.o(.text)
    vTaskSetTimeOutState                     0x0800bd85   Thumb Code    12  tasks.o(.text)
    xTaskCheckForTimeOut                     0x0800bd91   Thumb Code    72  tasks.o(.text)
    vTaskMissedYield                         0x0800bdd9   Thumb Code     8  tasks.o(.text)
    xTaskGetCurrentTaskHandle                0x0800bde1   Thumb Code     6  tasks.o(.text)
    vTaskPriorityInherit                     0x0800bde7   Thumb Code    92  tasks.o(.text)
    vTaskPriorityDisinherit                  0x0800be43   Thumb Code   112  tasks.o(.text)
    pxPortInitialiseStack                    0x0800bebd   Thumb Code    20  port.o(.text)
    xPortStartScheduler                      0x0800bedf   Thumb Code    38  port.o(.text)
    vPortEndScheduler                        0x0800bf05   Thumb Code     2  port.o(.text)
    vPortYieldFromISR                        0x0800bf07   Thumb Code    12  port.o(.text)
    vPortEnterCritical                       0x0800bf13   Thumb Code    16  port.o(.text)
    vPortExitCritical                        0x0800bf23   Thumb Code    18  port.o(.text)
    xPortSysTickHandler                      0x0800bf35   Thumb Code    28  port.o(.text)
    pvPortMalloc                             0x0800bf5d   Thumb Code   172  heap_2.o(.text)
    vPortFree                                0x0800c009   Thumb Code    58  heap_2.o(.text)
    xPortGetFreeHeapSize                     0x0800c043   Thumb Code     6  heap_2.o(.text)
    vPortInitialiseBlocks                    0x0800c049   Thumb Code     2  heap_2.o(.text)
    Reset_Handler                            0x0800c055   Thumb Code     8  startup_stm32f4xx.o(.text)
    ADC_IRQHandler                           0x0800c06f   Thumb Code     0  startup_stm32f4xx.o(.text)
    CAN1_RX0_IRQHandler                      0x0800c06f   Thumb Code     0  startup_stm32f4xx.o(.text)
    CAN1_RX1_IRQHandler                      0x0800c06f   Thumb Code     0  startup_stm32f4xx.o(.text)
    CAN1_SCE_IRQHandler                      0x0800c06f   Thumb Code     0  startup_stm32f4xx.o(.text)
    CAN1_TX_IRQHandler                       0x0800c06f   Thumb Code     0  startup_stm32f4xx.o(.text)
    CAN2_RX0_IRQHandler                      0x0800c06f   Thumb Code     0  startup_stm32f4xx.o(.text)
    CAN2_RX1_IRQHandler                      0x0800c06f   Thumb Code     0  startup_stm32f4xx.o(.text)
    CAN2_SCE_IRQHandler                      0x0800c06f   Thumb Code     0  startup_stm32f4xx.o(.text)
    CAN2_TX_IRQHandler                       0x0800c06f   Thumb Code     0  startup_stm32f4xx.o(.text)
    CRYP_IRQHandler                          0x0800c06f   Thumb Code     0  startup_stm32f4xx.o(.text)
    DCMI_IRQHandler                          0x0800c06f   Thumb Code     0  startup_stm32f4xx.o(.text)
    DMA1_Stream0_IRQHandler                  0x0800c06f   Thumb Code     0  startup_stm32f4xx.o(.text)
    DMA1_Stream1_IRQHandler                  0x0800c06f   Thumb Code     0  startup_stm32f4xx.o(.text)
    DMA1_Stream2_IRQHandler                  0x0800c06f   Thumb Code     0  startup_stm32f4xx.o(.text)
    DMA1_Stream3_IRQHandler                  0x0800c06f   Thumb Code     0  startup_stm32f4xx.o(.text)
    DMA1_Stream4_IRQHandler                  0x0800c06f   Thumb Code     0  startup_stm32f4xx.o(.text)
    DMA1_Stream5_IRQHandler                  0x0800c06f   Thumb Code     0  startup_stm32f4xx.o(.text)
    DMA1_Stream6_IRQHandler                  0x0800c06f   Thumb Code     0  startup_stm32f4xx.o(.text)
    DMA1_Stream7_IRQHandler                  0x0800c06f   Thumb Code     0  startup_stm32f4xx.o(.text)
    DMA2_Stream0_IRQHandler                  0x0800c06f   Thumb Code     0  startup_stm32f4xx.o(.text)
    DMA2_Stream1_IRQHandler                  0x0800c06f   Thumb Code     0  startup_stm32f4xx.o(.text)
    DMA2_Stream2_IRQHandler                  0x0800c06f   Thumb Code     0  startup_stm32f4xx.o(.text)
    DMA2_Stream3_IRQHandler                  0x0800c06f   Thumb Code     0  startup_stm32f4xx.o(.text)
    DMA2_Stream4_IRQHandler                  0x0800c06f   Thumb Code     0  startup_stm32f4xx.o(.text)
    DMA2_Stream5_IRQHandler                  0x0800c06f   Thumb Code     0  startup_stm32f4xx.o(.text)
    DMA2_Stream6_IRQHandler                  0x0800c06f   Thumb Code     0  startup_stm32f4xx.o(.text)
    DMA2_Stream7_IRQHandler                  0x0800c06f   Thumb Code     0  startup_stm32f4xx.o(.text)
    ETH_WKUP_IRQHandler                      0x0800c06f   Thumb Code     0  startup_stm32f4xx.o(.text)
    EXTI0_IRQHandler                         0x0800c06f   Thumb Code     0  startup_stm32f4xx.o(.text)
    EXTI15_10_IRQHandler                     0x0800c06f   Thumb Code     0  startup_stm32f4xx.o(.text)
    EXTI1_IRQHandler                         0x0800c06f   Thumb Code     0  startup_stm32f4xx.o(.text)
    EXTI2_IRQHandler                         0x0800c06f   Thumb Code     0  startup_stm32f4xx.o(.text)
    EXTI3_IRQHandler                         0x0800c06f   Thumb Code     0  startup_stm32f4xx.o(.text)
    EXTI4_IRQHandler                         0x0800c06f   Thumb Code     0  startup_stm32f4xx.o(.text)
    EXTI9_5_IRQHandler                       0x0800c06f   Thumb Code     0  startup_stm32f4xx.o(.text)
    FLASH_IRQHandler                         0x0800c06f   Thumb Code     0  startup_stm32f4xx.o(.text)
    FPU_IRQHandler                           0x0800c06f   Thumb Code     0  startup_stm32f4xx.o(.text)
    FSMC_IRQHandler                          0x0800c06f   Thumb Code     0  startup_stm32f4xx.o(.text)
    HASH_RNG_IRQHandler                      0x0800c06f   Thumb Code     0  startup_stm32f4xx.o(.text)
    I2C1_ER_IRQHandler                       0x0800c06f   Thumb Code     0  startup_stm32f4xx.o(.text)
    I2C1_EV_IRQHandler                       0x0800c06f   Thumb Code     0  startup_stm32f4xx.o(.text)
    I2C2_ER_IRQHandler                       0x0800c06f   Thumb Code     0  startup_stm32f4xx.o(.text)
    I2C2_EV_IRQHandler                       0x0800c06f   Thumb Code     0  startup_stm32f4xx.o(.text)
    I2C3_ER_IRQHandler                       0x0800c06f   Thumb Code     0  startup_stm32f4xx.o(.text)
    I2C3_EV_IRQHandler                       0x0800c06f   Thumb Code     0  startup_stm32f4xx.o(.text)
    OTG_FS_IRQHandler                        0x0800c06f   Thumb Code     0  startup_stm32f4xx.o(.text)
    OTG_FS_WKUP_IRQHandler                   0x0800c06f   Thumb Code     0  startup_stm32f4xx.o(.text)
    OTG_HS_EP1_IN_IRQHandler                 0x0800c06f   Thumb Code     0  startup_stm32f4xx.o(.text)
    OTG_HS_EP1_OUT_IRQHandler                0x0800c06f   Thumb Code     0  startup_stm32f4xx.o(.text)
    OTG_HS_IRQHandler                        0x0800c06f   Thumb Code     0  startup_stm32f4xx.o(.text)
    OTG_HS_WKUP_IRQHandler                   0x0800c06f   Thumb Code     0  startup_stm32f4xx.o(.text)
    PVD_IRQHandler                           0x0800c06f   Thumb Code     0  startup_stm32f4xx.o(.text)
    RCC_IRQHandler                           0x0800c06f   Thumb Code     0  startup_stm32f4xx.o(.text)
    RTC_Alarm_IRQHandler                     0x0800c06f   Thumb Code     0  startup_stm32f4xx.o(.text)
    RTC_WKUP_IRQHandler                      0x0800c06f   Thumb Code     0  startup_stm32f4xx.o(.text)
    SDIO_IRQHandler                          0x0800c06f   Thumb Code     0  startup_stm32f4xx.o(.text)
    SPI1_IRQHandler                          0x0800c06f   Thumb Code     0  startup_stm32f4xx.o(.text)
    SPI2_IRQHandler                          0x0800c06f   Thumb Code     0  startup_stm32f4xx.o(.text)
    SPI3_IRQHandler                          0x0800c06f   Thumb Code     0  startup_stm32f4xx.o(.text)
    TAMP_STAMP_IRQHandler                    0x0800c06f   Thumb Code     0  startup_stm32f4xx.o(.text)
    TIM1_BRK_TIM9_IRQHandler                 0x0800c06f   Thumb Code     0  startup_stm32f4xx.o(.text)
    TIM1_CC_IRQHandler                       0x0800c06f   Thumb Code     0  startup_stm32f4xx.o(.text)
    TIM1_TRG_COM_TIM11_IRQHandler            0x0800c06f   Thumb Code     0  startup_stm32f4xx.o(.text)
    TIM1_UP_TIM10_IRQHandler                 0x0800c06f   Thumb Code     0  startup_stm32f4xx.o(.text)
    TIM2_IRQHandler                          0x0800c06f   Thumb Code     0  startup_stm32f4xx.o(.text)
    TIM3_IRQHandler                          0x0800c06f   Thumb Code     0  startup_stm32f4xx.o(.text)
    TIM4_IRQHandler                          0x0800c06f   Thumb Code     0  startup_stm32f4xx.o(.text)
    TIM5_IRQHandler                          0x0800c06f   Thumb Code     0  startup_stm32f4xx.o(.text)
    TIM6_DAC_IRQHandler                      0x0800c06f   Thumb Code     0  startup_stm32f4xx.o(.text)
    TIM7_IRQHandler                          0x0800c06f   Thumb Code     0  startup_stm32f4xx.o(.text)
    TIM8_BRK_TIM12_IRQHandler                0x0800c06f   Thumb Code     0  startup_stm32f4xx.o(.text)
    TIM8_CC_IRQHandler                       0x0800c06f   Thumb Code     0  startup_stm32f4xx.o(.text)
    TIM8_TRG_COM_TIM14_IRQHandler            0x0800c06f   Thumb Code     0  startup_stm32f4xx.o(.text)
    TIM8_UP_TIM13_IRQHandler                 0x0800c06f   Thumb Code     0  startup_stm32f4xx.o(.text)
    UART4_IRQHandler                         0x0800c06f   Thumb Code     0  startup_stm32f4xx.o(.text)
    UART5_IRQHandler                         0x0800c06f   Thumb Code     0  startup_stm32f4xx.o(.text)
    USART1_IRQHandler                        0x0800c06f   Thumb Code     0  startup_stm32f4xx.o(.text)
    USART6_IRQHandler                        0x0800c06f   Thumb Code     0  startup_stm32f4xx.o(.text)
    WWDG_IRQHandler                          0x0800c06f   Thumb Code     0  startup_stm32f4xx.o(.text)
    __aeabi_memcpy                           0x0800c079   Thumb Code    36  memcpya.o(.text)
    __aeabi_memcpy4                          0x0800c079   Thumb Code     0  memcpya.o(.text)
    __aeabi_memcpy8                          0x0800c079   Thumb Code     0  memcpya.o(.text)
    __aeabi_memset                           0x0800c09d   Thumb Code    14  memseta.o(.text)
    __aeabi_memset4                          0x0800c09d   Thumb Code     0  memseta.o(.text)
    __aeabi_memset8                          0x0800c09d   Thumb Code     0  memseta.o(.text)
    __aeabi_memclr                           0x0800c0ab   Thumb Code     4  memseta.o(.text)
    __aeabi_memclr4                          0x0800c0ab   Thumb Code     0  memseta.o(.text)
    __aeabi_memclr8                          0x0800c0ab   Thumb Code     0  memseta.o(.text)
    _memset$wrapper                          0x0800c0af   Thumb Code    18  memseta.o(.text)
    strcat                                   0x0800c0c1   Thumb Code    24  strcat.o(.text)
    strncpy                                  0x0800c0d9   Thumb Code    24  strncpy.o(.text)
    strlen                                   0x0800c0f1   Thumb Code    14  strlen.o(.text)
    memcmp                                   0x0800c0ff   Thumb Code    26  memcmp.o(.text)
    strncmp                                  0x0800c119   Thumb Code    30  strncmp.o(.text)
    __aeabi_fadd                             0x0800c137   Thumb Code   164  fadd.o(.text)
    __aeabi_fsub                             0x0800c1db   Thumb Code     6  fadd.o(.text)
    __aeabi_frsub                            0x0800c1e1   Thumb Code     6  fadd.o(.text)
    __aeabi_fmul                             0x0800c1e7   Thumb Code   100  fmul.o(.text)
    __aeabi_dadd                             0x0800c24b   Thumb Code   322  dadd.o(.text)
    __aeabi_dsub                             0x0800c38d   Thumb Code     6  dadd.o(.text)
    __aeabi_drsub                            0x0800c393   Thumb Code     6  dadd.o(.text)
    __aeabi_dmul                             0x0800c399   Thumb Code   228  dmul.o(.text)
    __aeabi_i2f                              0x0800c47d   Thumb Code    18  fflti.o(.text)
    __aeabi_i2d                              0x0800c48f   Thumb Code    34  dflti.o(.text)
    __aeabi_ui2d                             0x0800c4b1   Thumb Code    26  dfltui.o(.text)
    __aeabi_f2iz                             0x0800c4cb   Thumb Code    50  ffixi.o(.text)
    __aeabi_d2iz                             0x0800c4fd   Thumb Code    62  dfixi.o(.text)
    __aeabi_f2d                              0x0800c53b   Thumb Code    38  f2d.o(.text)
    __aeabi_cdcmpeq                          0x0800c561   Thumb Code     0  cdcmple.o(.text)
    __aeabi_cdcmple                          0x0800c561   Thumb Code    48  cdcmple.o(.text)
    __aeabi_cdrcmple                         0x0800c591   Thumb Code    48  cdrcmple.o(.text)
    __aeabi_uidiv                            0x0800c5c1   Thumb Code     0  uidiv.o(.text)
    __aeabi_uidivmod                         0x0800c5c1   Thumb Code    44  uidiv.o(.text)
    __aeabi_uldivmod                         0x0800c5ed   Thumb Code    98  uldiv.o(.text)
    __aeabi_llsl                             0x0800c64f   Thumb Code    30  llshl.o(.text)
    _ll_shift_l                              0x0800c64f   Thumb Code     0  llshl.o(.text)
    __aeabi_llsr                             0x0800c66d   Thumb Code    32  llushr.o(.text)
    _ll_ushift_r                             0x0800c66d   Thumb Code     0  llushr.o(.text)
    __aeabi_lasr                             0x0800c68d   Thumb Code    36  llsshr.o(.text)
    _ll_sshift_r                             0x0800c68d   Thumb Code     0  llsshr.o(.text)
    __I$use$fp                               0x0800c6b1   Thumb Code     0  iusefp.o(.text)
    _float_round                             0x0800c6b1   Thumb Code    18  fepilogue.o(.text)
    _float_epilogue                          0x0800c6c3   Thumb Code    92  fepilogue.o(.text)
    _double_round                            0x0800c71f   Thumb Code    30  depilogue.o(.text)
    _double_epilogue                         0x0800c73d   Thumb Code   156  depilogue.o(.text)
    __aeabi_ddiv                             0x0800c7d9   Thumb Code   222  ddiv.o(.text)
    __aeabi_d2ulz                            0x0800c8b7   Thumb Code    48  dfixul.o(.text)
    __scatterload                            0x0800c8e9   Thumb Code    28  init.o(.text)
    __scatterload_rt2                        0x0800c8e9   Thumb Code     0  init.o(.text)
    __I$use$semihosting$fputc                0x0800c90d   Thumb Code     0  iusesemip.o(.text)
    __decompress                             0x0800c90d   Thumb Code     0  __dczerorl2.o(.text)
    __decompress1                            0x0800c90d   Thumb Code    86  __dczerorl2.o(.text)
    __semihosting_library_function           0x0800c90d   Thumb Code     0  semi.o(.text)
    __0printf                                0x0800c965   Thumb Code    22  printfa.o(i.__0printf)
    __1printf                                0x0800c965   Thumb Code     0  printfa.o(i.__0printf)
    __2printf                                0x0800c965   Thumb Code     0  printfa.o(i.__0printf)
    __c89printf                              0x0800c965   Thumb Code     0  printfa.o(i.__0printf)
    printf                                   0x0800c965   Thumb Code     0  printfa.o(i.__0printf)
    __0sprintf                               0x0800c985   Thumb Code    34  printfa.o(i.__0sprintf)
    __1sprintf                               0x0800c985   Thumb Code     0  printfa.o(i.__0sprintf)
    __2sprintf                               0x0800c985   Thumb Code     0  printfa.o(i.__0sprintf)
    __c89sprintf                             0x0800c985   Thumb Code     0  printfa.o(i.__0sprintf)
    sprintf                                  0x0800c985   Thumb Code     0  printfa.o(i.__0sprintf)
    __scatterload_copy                       0x0800c9ad   Thumb Code    14  handlers.o(i.__scatterload_copy)
    __scatterload_null                       0x0800c9bb   Thumb Code     2  handlers.o(i.__scatterload_null)
    __scatterload_zeroinit                   0x0800c9bd   Thumb Code    14  handlers.o(i.__scatterload_zeroinit)
    fputc                                    0x0800d289   Thumb Code    18  fputc.o(i.fputc)
    ASCII16x24_Table                         0x0800d29a   Data        4560  stm32f4_discovery_lcd.o(.constdata)
    BUTTON_PORT_SOURCE                       0x0800e46c   Data           1  stm32f4_discovery.o(.constdata)
    BUTTON_PIN_SOURCE                        0x0800e46d   Data           1  stm32f4_discovery.o(.constdata)
    BUTTON_IRQn                              0x0800e46e   Data           1  stm32f4_discovery.o(.constdata)
    BUTTON_PIN                               0x0800e470   Data           2  stm32f4_discovery.o(.constdata)
    BUTTON_EXTI_LINE                         0x0800e472   Data           2  stm32f4_discovery.o(.constdata)
    BUTTON_CLK                               0x0800e474   Data           4  stm32f4_discovery.o(.constdata)
    COM_TX_PIN                               0x0800e478   Data           4  stm32f4_discovery.o(.constdata)
    COM_RX_PIN                               0x0800e47c   Data           4  stm32f4_discovery.o(.constdata)
    COM_TX_PIN_SOURCE                        0x0800e480   Data           4  stm32f4_discovery.o(.constdata)
    COM_RX_PIN_SOURCE                        0x0800e484   Data           4  stm32f4_discovery.o(.constdata)
    COM_TX_AF                                0x0800e488   Data           4  stm32f4_discovery.o(.constdata)
    COM_RX_AF                                0x0800e48c   Data           4  stm32f4_discovery.o(.constdata)
    GPIO_PIN                                 0x0800e490   Data           8  stm32f4_discovery.o(.constdata)
    COM_USART_CLK                            0x0800e498   Data           8  stm32f4_discovery.o(.constdata)
    COM_TX_PORT_CLK                          0x0800e4a0   Data           8  stm32f4_discovery.o(.constdata)
    COM_RX_PORT_CLK                          0x0800e4a8   Data           8  stm32f4_discovery.o(.constdata)
    GPIO_CLK                                 0x0800e4b0   Data          16  stm32f4_discovery.o(.constdata)
    tcp_persist_backoff                      0x0800e4f0   Data           7  tcp.o(.constdata)
    tcp_backoff                              0x0800e4f7   Data          13  tcp.o(.constdata)
    ip_addr_any                              0x0800e504   Data           4  ip_addr.o(.constdata)
    ip_addr_broadcast                        0x0800e508   Data           4  ip_addr.o(.constdata)
    ethbroadcast                             0x0800e50c   Data           6  etharp.o(.constdata)
    ethzero                                  0x0800e512   Data           6  etharp.o(.constdata)
    Region$$Table$$Base                      0x0800e61c   Number         0  anon$$obj.o(Region$$Table)
    Region$$Table$$Limit                     0x0800e63c   Number         0  anon$$obj.o(Region$$Table)
    test                                     0x20000000   Data           4  main.o(.data)
    SystemCoreClock                          0x20000004   Data           4  system_stm32f4xx.o(.data)
    AHBPrescTable                            0x20000008   Data          16  system_stm32f4xx.o(.data)
    EthInitStatus                            0x20000018   Data           4  stm32f4x7_eth_bsp.o(.data)
    flag_recv_success                        0x2000001c   Data           4  tcpecho.o(.data)
    recv_serial                              0x20000020   Data           4  tcpecho.o(.data)
    flag_Client                              0x20000024   Data           4  tcpecho.o(.data)
    iot_item_1                               0x20000038   Data           4  json.o(.data)
    iot_item_2                               0x2000003c   Data           4  json.o(.data)
    RTC_year                                 0x20000040   Data           4  json.o(.data)
    RTC_month                                0x20000044   Data           4  json.o(.data)
    RTC_day                                  0x20000048   Data           4  json.o(.data)
    RTC_hour                                 0x2000004c   Data           4  json.o(.data)
    RTC_minute                               0x20000050   Data           4  json.o(.data)
    RTC_second                               0x20000054   Data           4  json.o(.data)
    USART2_RxGetIndex                        0x20000058   Data           2  uart_perlib.o(.data)
    USART2_TxPutIndex                        0x2000005a   Data           2  uart_perlib.o(.data)
    USART2_TxGetIndex                        0x2000005c   Data           2  uart_perlib.o(.data)
    USART3_RxGetIndex                        0x2000005e   Data           2  uart_perlib.o(.data)
    IsReceive                                0x20000060   Data           4  uart_perlib.o(.data)
    exit_calib                               0x20000064   Data           4  uart_perlib.o(.data)
    Rx_GetIndex                              0x20000068   Data           4  uart_perlib.o(.data)
    Buffer_Size                              0x2000006c   Data           4  uart_perlib.o(.data)
    flag_LCD_Line_Update                     0x20000070   Data           4  util_perlib.o(.data)
    clear_line                               0x20000074   Data           4  util_perlib.o(.data)
    Font16x24                                0x20000080   Data           8  stm32f4_discovery_lcd.o(.data)
    BUTTON_PORT                              0x20000088   Data           4  stm32f4_discovery.o(.data)
    COM_USART                                0x2000008c   Data           8  stm32f4_discovery.o(.data)
    COM_TX_PORT                              0x20000094   Data           8  stm32f4_discovery.o(.data)
    COM_RX_PORT                              0x2000009c   Data           8  stm32f4_discovery.o(.data)
    GPIO_PORT                                0x200000a4   Data          16  stm32f4_discovery.o(.data)
    DMATxDescToSet                           0x200000c4   Data           4  stm32f4x7_eth.o(.data)
    DMARxDescToGet                           0x200000c8   Data           4  stm32f4x7_eth.o(.data)
    DMA_RX_FRAME_infos                       0x200000cc   Data           4  stm32f4x7_eth.o(.data)
    netif_list                               0x200000f8   Data           4  netif.o(.data)
    netif_default                            0x200000fc   Data           4  netif.o(.data)
    tcp_ticks                                0x2000010c   Data           4  tcp.o(.data)
    tcp_bound_pcbs                           0x20000110   Data           4  tcp.o(.data)
    tcp_listen_pcbs                          0x20000114   Data           4  tcp.o(.data)
    tcp_active_pcbs                          0x20000118   Data           4  tcp.o(.data)
    tcp_tw_pcbs                              0x2000011c   Data           4  tcp.o(.data)
    tcp_tmp_pcb                              0x20000120   Data           4  tcp.o(.data)
    tcp_state_str                            0x20000124   Data          44  tcp.o(.data)
    tcp_input_pcb                            0x20000168   Data           4  tcp_in.o(.data)
    udp_pcbs                                 0x2000016c   Data           4  udp.o(.data)
    current_netif                            0x20000174   Data           4  ip.o(.data)
    current_header                           0x20000178   Data           4  ip.o(.data)
    s_xSemaphore                             0x20000184   Data           4  ethernetif.o(.data)
    pxCurrentTCB                             0x20000190   Data           4  tasks.o(.data)
    __stdout                                 0x200001f8   Data           4  stdout.o(.data)
    xnetif                                   0x200001fc   Data          56  netconf.o(.bss)
    post_packet                              0x20000234   Data         450  json.o(.bss)
    USART2_RxBuffer                          0x200003f6   Data         512  uart_perlib.o(.bss)
    USART2_TxBuffer                          0x200005f6   Data         512  uart_perlib.o(.bss)
    USART3_RxBuffer                          0x200007f6   Data         512  uart_perlib.o(.bss)
    Buffer_Array                             0x200009f6   Data          20  uart_perlib.o(.bss)
    DMARxDscrTab                             0x20000ad4   Data         160  stm32f4x7_eth.o(.bss)
    DMATxDscrTab                             0x20000b74   Data         160  stm32f4x7_eth.o(.bss)
    Rx_Buff                                  0x20000c14   Data        7620  stm32f4x7_eth.o(.bss)
    Tx_Buff                                  0x200029d8   Data        7620  stm32f4x7_eth.o(.bss)
    RX_Frame_Descriptor                      0x2000479c   Data          12  stm32f4x7_eth.o(.bss)
    __initial_sp                             0x2000d8d8   Data           0  startup_stm32f4xx.o(STACK)



==============================================================================

Memory Map of the image

  Image Entry point : 0x08000189

  Load Region LR_IROM1 (Base: 0x08000000, Size: 0x0000e838, Max: 0x00100000, ABSOLUTE, COMPRESSED[0x0000e6cc])

    Execution Region ER_IROM1 (Base: 0x08000000, Size: 0x0000e63c, Max: 0x00100000, ABSOLUTE)

    Base Addr    Size         Type   Attr      Idx    E Section Name        Object

    0x08000000   0x00000188   Data   RO         1483    RESET               startup_stm32f4xx.o
    0x08000188   0x00000000   Code   RO         1488  * .ARM.Collect$$$$00000000  mc_w.l(entry.o)
    0x08000188   0x00000004   Code   RO         1792    .ARM.Collect$$$$00000001  mc_w.l(entry2.o)
    0x0800018c   0x00000004   Code   RO         1795    .ARM.Collect$$$$00000004  mc_w.l(entry5.o)
    0x08000190   0x00000000   Code   RO         1797    .ARM.Collect$$$$00000008  mc_w.l(entry7b.o)
    0x08000190   0x00000000   Code   RO         1799    .ARM.Collect$$$$0000000A  mc_w.l(entry8b.o)
    0x08000190   0x00000008   Code   RO         1800    .ARM.Collect$$$$0000000B  mc_w.l(entry9a.o)
    0x08000198   0x00000000   Code   RO         1802    .ARM.Collect$$$$0000000D  mc_w.l(entry10a.o)
    0x08000198   0x00000000   Code   RO         1804    .ARM.Collect$$$$0000000F  mc_w.l(entry11a.o)
    0x08000198   0x00000004   Code   RO         1793    .ARM.Collect$$$$00002712  mc_w.l(entry2.o)
    0x0800019c   0x00000088   Code   RO         1448    .emb_text           port.o
    0x08000224   0x0000012c   Code   RO            2    .text               main.o
    0x08000350   0x00000184   Code   RO          260    .text               system_stm32f4xx.o
    0x080004d4   0x00000050   Code   RO          282    .text               stm32f4xx_it.o
    0x08000524   0x000000d0   Code   RO          306    .text               netconf.o
    0x080005f4   0x00000244   Code   RO          374    .text               stm32f4x7_eth_bsp.o
    0x08000838   0x000002ac   Code   RO          417    .text               tcpecho.o
    0x08000ae4   0x000003a4   Code   RO          450    .text               jsmn.o
    0x08000e88   0x00000284   Code   RO          469    .text               json.o
    0x0800110c   0x000007f8   Code   RO          495    .text               uart_perlib.o
    0x08001904   0x0000009c   Code   RO          521    .text               util_perlib.o
    0x080019a0   0x00000e0c   Code   RO          545    .text               stm32f4_discovery_lcd.o
    0x080027ac   0x0000043c   Code   RO          577    .text               stm32f4_discovery.o
    0x08002be8   0x000003b4   Code   RO          598    .text               stm32f4xx_usart.o
    0x08002f9c   0x000000bc   Code   RO          614    .text               misc.o
    0x08003058   0x00000344   Code   RO          646    .text               stm32f4xx_dma.o
    0x0800339c   0x000000ec   Code   RO          662    .text               stm32f4xx_exti.o
    0x08003488   0x000004b4   Code   RO          678    .text               stm32f4xx_fsmc.o
    0x0800393c   0x00000224   Code   RO          694    .text               stm32f4xx_gpio.o
    0x08003b60   0x00000434   Code   RO          710    .text               stm32f4xx_rcc.o
    0x08003f94   0x000001bc   Code   RO          728    .text               stm32f4xx_sdio.o
    0x08004150   0x00000070   Code   RO          744    .text               stm32f4xx_syscfg.o
    0x080041c0   0x00000bb0   Code   RO          760    .text               stm32f4x7_eth.o
    0x08004d70   0x000002f8   Code   RO          787    .text               api_lib.o
    0x08005068   0x00000948   Code   RO          822    .text               api_msg.o
    0x080059b0   0x0000014c   Code   RO          852    .text               netbuf.o
    0x08005afc   0x00000324   Code   RO          885    .text               tcpip.o
    0x08005e20   0x00000e24   Code   RO          932    .text               dhcp.o
    0x08006c44   0x0000001c   Code   RO          954    .text               init.o
    0x08006c60   0x00000290   Code   RO          986    .text               mem.o
    0x08006ef0   0x00000088   Code   RO         1001    .text               memp.o
    0x08006f78   0x0000019c   Code   RO         1030    .text               netif.o
    0x08007114   0x0000043e   Code   RO         1052    .text               pbuf.o
    0x08007552   0x00000002   PAD
    0x08007554   0x00000170   Code   RO         1067    .text               raw.o
    0x080076c4   0x000001f4   Code   RO         1087    .text               sys.o
    0x080078b8   0x0000095c   Code   RO         1108    .text               tcp.o
    0x08008214   0x00000da8   Code   RO         1129    .text               tcp_in.o
    0x08008fbc   0x0000091e   Code   RO         1152    .text               tcp_out.o
    0x080098da   0x00000002   PAD
    0x080098dc   0x0000038c   Code   RO         1164    .text               udp.o
    0x08009c68   0x00000330   Code   RO         1193    .text               autoip.o
    0x08009f98   0x000001b2   Code   RO         1208    .text               icmp.o
    0x0800a14a   0x00000002   PAD
    0x0800a14c   0x000001b0   Code   RO         1226    .text               inet.o
    0x0800a2fc   0x00000114   Code   RO         1239    .text               inet_chksum.o
    0x0800a410   0x000002e4   Code   RO         1251    .text               ip.o
    0x0800a6f4   0x0000003e   Code   RO         1269    .text               ip_addr.o
    0x0800a732   0x00000002   PAD
    0x0800a734   0x000005b8   Code   RO         1298    .text               etharp.o
    0x0800acec   0x00000248   Code   RO         1334    .text               ethernetif.o
    0x0800af34   0x000001fc   Code   RO         1353    .text               sys_arch.o
    0x0800b130   0x0000008c   Code   RO         1393    .text               list.o
    0x0800b1bc   0x0000048a   Code   RO         1411    .text               queue.o
    0x0800b646   0x00000002   PAD
    0x0800b648   0x00000874   Code   RO         1426    .text               tasks.o
    0x0800bebc   0x000000a0   Code   RO         1449    .text               port.o
    0x0800bf5c   0x000000f8   Code   RO         1466    .text               heap_2.o
    0x0800c054   0x00000024   Code   RO         1484    .text               startup_stm32f4xx.o
    0x0800c078   0x00000024   Code   RO         1491    .text               mc_w.l(memcpya.o)
    0x0800c09c   0x00000024   Code   RO         1493    .text               mc_w.l(memseta.o)
    0x0800c0c0   0x00000018   Code   RO         1495    .text               mc_w.l(strcat.o)
    0x0800c0d8   0x00000018   Code   RO         1497    .text               mc_w.l(strncpy.o)
    0x0800c0f0   0x0000000e   Code   RO         1499    .text               mc_w.l(strlen.o)
    0x0800c0fe   0x0000001a   Code   RO         1501    .text               mc_w.l(memcmp.o)
    0x0800c118   0x0000001e   Code   RO         1503    .text               mc_w.l(strncmp.o)
    0x0800c136   0x000000b0   Code   RO         1768    .text               mf_w.l(fadd.o)
    0x0800c1e6   0x00000064   Code   RO         1770    .text               mf_w.l(fmul.o)
    0x0800c24a   0x0000014e   Code   RO         1772    .text               mf_w.l(dadd.o)
    0x0800c398   0x000000e4   Code   RO         1774    .text               mf_w.l(dmul.o)
    0x0800c47c   0x00000012   Code   RO         1776    .text               mf_w.l(fflti.o)
    0x0800c48e   0x00000022   Code   RO         1778    .text               mf_w.l(dflti.o)
    0x0800c4b0   0x0000001a   Code   RO         1780    .text               mf_w.l(dfltui.o)
    0x0800c4ca   0x00000032   Code   RO         1782    .text               mf_w.l(ffixi.o)
    0x0800c4fc   0x0000003e   Code   RO         1784    .text               mf_w.l(dfixi.o)
    0x0800c53a   0x00000026   Code   RO         1786    .text               mf_w.l(f2d.o)
    0x0800c560   0x00000030   Code   RO         1788    .text               mf_w.l(cdcmple.o)
    0x0800c590   0x00000030   Code   RO         1790    .text               mf_w.l(cdrcmple.o)
    0x0800c5c0   0x0000002c   Code   RO         1809    .text               mc_w.l(uidiv.o)
    0x0800c5ec   0x00000062   Code   RO         1811    .text               mc_w.l(uldiv.o)
    0x0800c64e   0x0000001e   Code   RO         1813    .text               mc_w.l(llshl.o)
    0x0800c66c   0x00000020   Code   RO         1815    .text               mc_w.l(llushr.o)
    0x0800c68c   0x00000024   Code   RO         1817    .text               mc_w.l(llsshr.o)
    0x0800c6b0   0x00000000   Code   RO         1819    .text               mc_w.l(iusefp.o)
    0x0800c6b0   0x0000006e   Code   RO         1820    .text               mf_w.l(fepilogue.o)
    0x0800c71e   0x000000ba   Code   RO         1822    .text               mf_w.l(depilogue.o)
    0x0800c7d8   0x000000de   Code   RO         1824    .text               mf_w.l(ddiv.o)
    0x0800c8b6   0x00000030   Code   RO         1826    .text               mf_w.l(dfixul.o)
    0x0800c8e6   0x00000002   PAD
    0x0800c8e8   0x00000024   Code   RO         1828    .text               mc_w.l(init.o)
    0x0800c90c   0x00000000   Code   RO         1830    .text               mc_w.l(semi.o)
    0x0800c90c   0x00000000   Code   RO         1831    .text               mc_w.l(iusesemip.o)
    0x0800c90c   0x00000056   Code   RO         1840    .text               mc_w.l(__dczerorl2.o)
    0x0800c962   0x00000002   PAD
    0x0800c964   0x00000020   Code   RO         1740    i.__0printf         mc_w.l(printfa.o)
    0x0800c984   0x00000028   Code   RO         1742    i.__0sprintf        mc_w.l(printfa.o)
    0x0800c9ac   0x0000000e   Code   RO         1834    i.__scatterload_copy  mc_w.l(handlers.o)
    0x0800c9ba   0x00000002   Code   RO         1835    i.__scatterload_null  mc_w.l(handlers.o)
    0x0800c9bc   0x0000000e   Code   RO         1836    i.__scatterload_zeroinit  mc_w.l(handlers.o)
    0x0800c9ca   0x00000002   PAD
    0x0800c9cc   0x00000184   Code   RO         1747    i._fp_digits        mc_w.l(printfa.o)
    0x0800cb50   0x000006dc   Code   RO         1748    i._printf_core      mc_w.l(printfa.o)
    0x0800d22c   0x00000024   Code   RO         1749    i._printf_post_padding  mc_w.l(printfa.o)
    0x0800d250   0x0000002e   Code   RO         1750    i._printf_pre_padding  mc_w.l(printfa.o)
    0x0800d27e   0x0000000a   Code   RO         1752    i._sputc            mc_w.l(printfa.o)
    0x0800d288   0x00000012   Code   RO         1806    i.fputc             mc_w.l(fputc.o)
    0x0800d29a   0x000011d0   Data   RO          546    .constdata          stm32f4_discovery_lcd.o
    0x0800e46a   0x00000002   PAD
    0x0800e46c   0x00000054   Data   RO          578    .constdata          stm32f4_discovery.o
    0x0800e4c0   0x00000030   Data   RO         1003    .constdata          memp.o
    0x0800e4f0   0x00000014   Data   RO         1109    .constdata          tcp.o
    0x0800e504   0x00000004   Data   RO         1270    .constdata          ip_addr.o
    0x0800e508   0x00000004   Data   RO         1271    .constdata          ip_addr.o
    0x0800e50c   0x0000000c   Data   RO         1300    .constdata          etharp.o
    0x0800e518   0x00000089   Data   RO          471    .conststring        json.o
    0x0800e5a1   0x00000003   PAD
    0x0800e5a4   0x00000075   Data   RO         1110    .conststring        tcp.o
    0x0800e619   0x00000003   PAD
    0x0800e61c   0x00000020   Data   RO         1832    Region$$Table       anon$$obj.o


    Execution Region RW_IRAM1 (Base: 0x20000000, Size: 0x0000d8d8, Max: 0x00020000, ABSOLUTE, COMPRESSED[0x00000090])

    Base Addr    Size         Type   Attr      Idx    E Section Name        Object

    0x20000000   0x00000004   Data   RW            3    .data               main.o
    0x20000004   0x00000014   Data   RW          261    .data               system_stm32f4xx.o
    0x20000018   0x00000004   Data   RW          375    .data               stm32f4x7_eth_bsp.o
    0x2000001c   0x0000000c   Data   RW          418    .data               tcpecho.o
    0x20000028   0x00000030   Data   RW          472    .data               json.o
    0x20000058   0x00000018   Data   RW          498    .data               uart_perlib.o
    0x20000070   0x00000008   Data   RW          523    .data               util_perlib.o
    0x20000078   0x00000010   Data   RW          550    .data               stm32f4_discovery_lcd.o
    0x20000088   0x0000002c   Data   RW          579    .data               stm32f4_discovery.o
    0x200000b4   0x00000010   Data   RW          711    .data               stm32f4xx_rcc.o
    0x200000c4   0x0000000c   Data   RW          766    .data               stm32f4x7_eth.o
    0x200000d0   0x00000010   Data   RW          886    .data               tcpip.o
    0x200000e0   0x00000004   Data   RW          933    .data               dhcp.o
    0x200000e4   0x00000010   Data   RW          988    .data               mem.o
    0x200000f4   0x0000000c   Data   RW         1031    .data               netif.o
    0x20000100   0x00000004   Data   RW         1068    .data               raw.o
    0x20000104   0x0000004c   Data   RW         1111    .data               tcp.o
    0x20000150   0x0000001c   Data   RW         1131    .data               tcp_in.o
    0x2000016c   0x00000004   Data   RW         1165    .data               udp.o
    0x20000170   0x0000000c   Data   RW         1252    .data               ip.o
    0x2000017c   0x00000001   Data   RW         1301    .data               etharp.o
    0x2000017d   0x00000003   PAD
    0x20000180   0x0000000c   Data   RW         1335    .data               ethernetif.o
    0x2000018c   0x00000002   Data   RW         1355    .data               sys_arch.o
    0x2000018e   0x00000002   PAD
    0x20000190   0x0000004c   Data   RW         1428    .data               tasks.o
    0x200001dc   0x00000004   Data   RW         1450    .data               port.o
    0x200001e0   0x00000018   Data   RW         1468    .data               heap_2.o
    0x200001f8   0x00000004   Data   RW         1808    .data               mc_w.l(stdout.o)
    0x200001fc   0x00000038   Zero   RW          307    .bss                netconf.o
    0x20000234   0x000001c2   Zero   RW          470    .bss                json.o
    0x200003f6   0x00000614   Zero   RW          496    .bss                uart_perlib.o
    0x20000a0a   0x000000c8   Zero   RW          522    .bss                util_perlib.o
    0x20000ad2   0x00000002   PAD
    0x20000ad4   0x000000a0   Zero   RW          761    .bss                stm32f4x7_eth.o
    0x20000b74   0x000000a0   Zero   RW          762    .bss                stm32f4x7_eth.o
    0x20000c14   0x00001dc4   Zero   RW          763    .bss                stm32f4x7_eth.o
    0x200029d8   0x00001dc4   Zero   RW          764    .bss                stm32f4x7_eth.o
    0x2000479c   0x0000000c   Zero   RW          765    .bss                stm32f4x7_eth.o
    0x200047a8   0x00001414   Zero   RW          987    .bss                mem.o
    0x20005bbc   0x00003b13   Zero   RW         1002    .bss                memp.o
    0x200096cf   0x00000001   PAD
    0x200096d0   0x00000014   Zero   RW         1130    .bss                tcp_in.o
    0x200096e4   0x00000010   Zero   RW         1227    .bss                inet.o
    0x200096f4   0x000000a0   Zero   RW         1299    .bss                etharp.o
    0x20009794   0x00000030   Zero   RW         1354    .bss                sys_arch.o
    0x200097c4   0x0000010e   Zero   RW         1427    .bss                tasks.o
    0x200098d2   0x00000006   PAD
    0x200098d8   0x00003c00   Zero   RW         1467    .bss                heap_2.o
    0x2000d4d8   0x00000400   Zero   RW         1481    STACK               startup_stm32f4xx.o


==============================================================================

Image component sizes


      Code (inc. data)   RO Data    RW Data    ZI Data      Debug   Object Name

       760         44          0          0          0      20794   api_lib.o
      2376         32          0          0          0       9439   api_msg.o
       816         32          0          0          0       4730   autoip.o
      3620         48          0          4          0      12921   dhcp.o
      1464         24         12          1        160       9594   etharp.o
       584         58          0         12          0       4166   ethernetif.o
       248         10          0         24      15360       3920   heap_2.o
       434          0          0          0          0       2827   icmp.o
       432         12          0          0         16       3456   inet.o
       276          0          0          0          0       2938   inet_chksum.o
        28          0          0          0          0       2027   init.o
       740         14          0         12          0       6670   ip.o
        62          0          8          0          0       6097   ip_addr.o
       932          0          0          0          0       4271   jsmn.o
       644        184        137         48        450       3290   json.o
       140          0          0          0          0       3533   list.o
       300        100          0          4          0     376293   main.o
       656         10          0         16       5140       4342   mem.o
       136          8         48          0      15123       2842   memp.o
       188         14          0          0          0       2245   misc.o
       332          0          0          0          0       3525   netbuf.o
       208         58          0          0         56       9695   netconf.o
       412         12          0         12          0       5964   netif.o
      1086          0          0          0          0       6116   pbuf.o
       296         24          0          4          0       2913   port.o
      1162          0          0          0          0       8265   queue.o
       368          4          0          4          0       4053   raw.o
        36          8        392          0       1024        836   startup_stm32f4xx.o
      1084         30         84         44          0       5339   stm32f4_discovery.o
      3596         46       4560         16          0      15178   stm32f4_discovery_lcd.o
      2992         90          0         12      15572      21348   stm32f4x7_eth.o
       580         64          0          4          0       2057   stm32f4x7_eth_bsp.o
       836         34          0          0          0       7165   stm32f4xx_dma.o
       236         10          0          0          0       2731   stm32f4xx_exti.o
      1204          8          0          0          0       6307   stm32f4xx_fsmc.o
       548         36          0          0          0       4729   stm32f4xx_gpio.o
        80          4          0          0          0       1517   stm32f4xx_it.o
      1076         44          0         16          0      12103   stm32f4xx_rcc.o
       444         16          0          0          0       7672   stm32f4xx_sdio.o
       112         16          0          0          0       1703   stm32f4xx_syscfg.o
       948         24          0          0          0       8764   stm32f4xx_usart.o
       500          6          0          0          0       3752   sys.o
       508         10          0          2         48       5826   sys_arch.o
       388         36          0         20          0       2059   system_stm32f4xx.o
      2164         62          0         76        270      14005   tasks.o
      2396         46        137         76          0      19008   tcp.o
      3496         66          0         28         20      14248   tcp_in.o
      2334         12          0          0          0       7902   tcp_out.o
       684        178          0         12          0       3166   tcpecho.o
       804         58          0         16          0      15929   tcpip.o
      2040         76          0         24       1556      10357   uart_perlib.o
       908         10          0          4          0      14627   udp.o
         0          0          0          0          0       5904   udpecho.o
       156         36          0          8        200       2010   util_perlib.o

    ----------------------------------------------------------------------
     48860       1714       5418        504      55004     743168   Object Totals
         0          0         32          0          0          0   (incl. Generated)
        10          0          8          5          9          0   (incl. Padding)

    ----------------------------------------------------------------------

      Code (inc. data)   RO Data    RW Data    ZI Data      Debug   Library Member Name

        86          0          0          0          0          0   __dczerorl2.o
         0          0          0          0          0          0   entry.o
         0          0          0          0          0          0   entry10a.o
         0          0          0          0          0          0   entry11a.o
         8          4          0          0          0          0   entry2.o
         4          0          0          0          0          0   entry5.o
         0          0          0          0          0          0   entry7b.o
         0          0          0          0          0          0   entry8b.o
         8          4          0          0          0          0   entry9a.o
        18          0          0          0          0         80   fputc.o
        30          0          0          0          0          0   handlers.o
        36          8          0          0          0         68   init.o
         0          0          0          0          0          0   iusefp.o
         0          0          0          0          0          0   iusesemip.o
        30          0          0          0          0         68   llshl.o
        36          0          0          0          0         68   llsshr.o
        32          0          0          0          0         68   llushr.o
        26          0          0          0          0         80   memcmp.o
        36          0          0          0          0         68   memcpya.o
        36          0          0          0          0        108   memseta.o
      2308         96          0          0          0        604   printfa.o
         0          0          0          0          0          0   semi.o
         0          0          0          4          0          0   stdout.o
        24          0          0          0          0         68   strcat.o
        14          0          0          0          0         68   strlen.o
        30          0          0          0          0         80   strncmp.o
        24          0          0          0          0         76   strncpy.o
        44          0          0          0          0         80   uidiv.o
        98          0          0          0          0         92   uldiv.o
        48          0          0          0          0         68   cdcmple.o
        48          0          0          0          0         68   cdrcmple.o
       334          0          0          0          0        148   dadd.o
       222          0          0          0          0        100   ddiv.o
       186          0          0          0          0        176   depilogue.o
        62          0          0          0          0         80   dfixi.o
        48          0          0          0          0         68   dfixul.o
        34          0          0          0          0         76   dflti.o
        26          0          0          0          0         76   dfltui.o
       228          0          0          0          0         96   dmul.o
        38          0          0          0          0         68   f2d.o
       176          0          0          0          0        140   fadd.o
       110          0          0          0          0        168   fepilogue.o
        50          0          0          0          0         68   ffixi.o
        18          0          0          0          0         68   fflti.o
       100          0          0          0          0         76   fmul.o

    ----------------------------------------------------------------------
      4662        112          0          4          0       3220   Library Totals
         6          0          0          0          0          0   (incl. Padding)

    ----------------------------------------------------------------------

      Code (inc. data)   RO Data    RW Data    ZI Data      Debug   Library Name

      2928        112          0          4          0       1676   mc_w.l
      1728          0          0          0          0       1544   mf_w.l

    ----------------------------------------------------------------------
      4662        112          0          4          0       3220   Library Totals

    ----------------------------------------------------------------------

==============================================================================


      Code (inc. data)   RO Data    RW Data    ZI Data      Debug   

     53522       1826       5418        508      55004     739132   Grand Totals
     53522       1826       5418        144      55004     739132   ELF Image Totals (compressed)
     53522       1826       5418        144          0          0   ROM Totals

==============================================================================

    Total RO  Size (Code + RO Data)                58940 (  57.56kB)
    Total RW  Size (RW Data + ZI Data)             55512 (  54.21kB)
    Total ROM Size (Code + RO Data + RW Data)      59084 (  57.70kB)

==============================================================================

