Component: ARM Compiler 5.06 update 4 (build 422) Tool: armlink [4d35d2]

==============================================================================

Section Cross References

    main.o(.text) refers to stm32f4xx_gpio.o(.text) for GPIO_ReadInputDataBit
    main.o(.text) refers to stm32f4xx_rcc.o(.text) for RCC_AHB1PeriphClockCmd
    main.o(.text) refers to stm32f4_discovery.o(.text) for STM_EVAL_PBInit
    main.o(.text) refers to tim_perlib.o(.text) for TIM2_IT_Config
    main.o(.text) refers to uart_perlib.o(.text) for USART3_Configuration
    main.o(.text) refers to stm32f4x7_eth_bsp.o(.text) for ETH_BSP_Config
    main.o(.text) refers to netconf.o(.text) for LwIP_Init
    main.o(.text) refers to jsmn.o(.text) for jsmn_init
    main.o(.text) refers to printfa.o(i.__0printf) for __2printf
    main.o(.text) refers to json.o(.text) for json_Packet_Gen
    main.o(.text) refers to stm32f4x7_eth.o(.text) for ETH_CheckFrameReceived
    main.o(.text) refers to tcp_echoclient.o(.text) for tcp_echoclient_connect_sustained
    main.o(.text) refers to stm32f4xx_usart.o(.text) for USART_GetFlagStatus
    main.o(.text) refers to main.o(.data) for .data
    main.o(.text) refers to json.o(.bss) for post_packet
    main.o(.text) refers to stm32f4xx_it.o(.data) for count_mS
    main.o(.text) refers to netconf.o(.bss) for netif
    system_stm32f4xx.o(.text) refers to system_stm32f4xx.o(.data) for .data
    stm32f4xx_it.o(.text) refers to main.o(.text) for Time_Update
    stm32f4xx_it.o(.text) refers to stm32f4xx_tim.o(.text) for TIM_GetITStatus
    stm32f4xx_it.o(.text) refers to stm32f4xx_exti.o(.text) for EXTI_GetITStatus
    stm32f4xx_it.o(.text) refers to stm32f4xx_it.o(.data) for .data
    tcp_echoclient.o(.text) refers to tcp.o(.text) for tcp_recv
    tcp_echoclient.o(.text) refers to mem.o(.text) for mem_free
    tcp_echoclient.o(.text) refers to tcp_out.o(.text) for tcp_write
    tcp_echoclient.o(.text) refers to pbuf.o(.text) for pbuf_ref
    tcp_echoclient.o(.text) refers to printfa.o(i.__0sprintf) for __2sprintf
    tcp_echoclient.o(.text) refers to json.o(.text) for str2int
    tcp_echoclient.o(.text) refers to strlen.o(.text) for strlen
    tcp_echoclient.o(.text) refers to uart_perlib.o(.text) for USART3_PutString
    tcp_echoclient.o(.text) refers to inet.o(.text) for htonl
    tcp_echoclient.o(.text) refers to tcp_echoclient.o(.data) for .data
    tcp_echoclient.o(.text) refers to main.o(.data) for recv_serial
    tcp_echoclient.o(.text) refers to main.o(.data) for flag_err_recv_serial
    tcp_echoclient.o(.text) refers to json.o(.bss) for post_packet
    tcp_echoclient.o(.text) refers to tcp_echoclient.o(.bss) for .bss
    netconf.o(.text) refers to mem.o(.text) for mem_init
    netconf.o(.text) refers to memp.o(.text) for memp_init
    netconf.o(.text) refers to netif.o(.text) for netif_add
    netconf.o(.text) refers to ethernetif.o(.text) for ethernetif_input
    netconf.o(.text) refers to dhcp.o(.text) for dhcp_stop
    netconf.o(.text) refers to inet.o(.text) for htonl
    netconf.o(.text) refers to tcp.o(.text) for tcp_tmr
    netconf.o(.text) refers to etharp.o(.text) for etharp_tmr
    netconf.o(.text) refers to netconf.o(.bss) for .bss
    netconf.o(.text) refers to netconf.o(.data) for .data
    stm32f4x7_eth_bsp.o(.text) refers to stm32f4xx_rcc.o(.text) for RCC_AHB1PeriphClockCmd
    stm32f4x7_eth_bsp.o(.text) refers to stm32f4x7_eth.o(.text) for ETH_DeInit
    stm32f4x7_eth_bsp.o(.text) refers to stm32f4xx_syscfg.o(.text) for SYSCFG_ETH_MediaInterfaceConfig
    stm32f4x7_eth_bsp.o(.text) refers to stm32f4xx_gpio.o(.text) for GPIO_Init
    stm32f4x7_eth_bsp.o(.text) refers to misc.o(.text) for SysTick_CLKSourceConfig
    stm32f4x7_eth_bsp.o(.text) refers to stm32f4_discovery_lcd.o(.text) for LCD_SetTextColor
    stm32f4x7_eth_bsp.o(.text) refers to stm32f4x7_eth_bsp.o(.data) for .data
    json.o(.text) refers to strlen.o(.text) for strlen
    json.o(.text) refers to strncmp.o(.text) for strncmp
    json.o(.text) refers to jsmn.o(.text) for jsmn_parse
    json.o(.text) refers to printfa.o(i.__0sprintf) for __2sprintf
    json.o(.text) refers to f2d.o(.text) for __aeabi_f2d
    json.o(.text) refers to json.o(.data) for .data
    json.o(.text) refers to main.o(.data) for recv_serial
    json.o(.text) refers to json.o(.conststring) for .conststring
    json.o(.text) refers to json.o(.bss) for .bss
    json.o(.data) refers to json.o(.conststring) for .conststring
    tim_perlib.o(.text) refers to misc.o(.text) for NVIC_Init
    tim_perlib.o(.text) refers to stm32f4xx_rcc.o(.text) for RCC_APB1PeriphClockCmd
    tim_perlib.o(.text) refers to stm32f4xx_tim.o(.text) for TIM_TimeBaseInit
    uart_perlib.o(.text) refers to misc.o(.text) for NVIC_Init
    uart_perlib.o(.text) refers to stm32f4xx_rcc.o(.text) for RCC_AHB1PeriphClockCmd
    uart_perlib.o(.text) refers to stm32f4xx_dma.o(.text) for DMA_DeInit
    uart_perlib.o(.text) refers to stm32f4xx_usart.o(.text) for USART_Init
[...]
    LCD_DrawFullRect                         0x08002615   Thumb Code   128  stm32f4_discovery_lcd.o(.text)
    LCD_DrawFullCircle                       0x08002695   Thumb Code   168  stm32f4_discovery_lcd.o(.text)
    LCD_DrawUniLine                          0x0800273d   Thumb Code   184  stm32f4_discovery_lcd.o(.text)
    LCD_PolyLine                             0x080027f5   Thumb Code    40  stm32f4_discovery_lcd.o(.text)
    LCD_ClosedPolyLine                       0x0800287d   Thumb Code    34  stm32f4_discovery_lcd.o(.text)
    LCD_PolyLineRelative                     0x0800289f   Thumb Code     4  stm32f4_discovery_lcd.o(.text)
    LCD_ClosedPolyLineRelative               0x080028a3   Thumb Code     4  stm32f4_discovery_lcd.o(.text)
    LCD_FillPolyLine                         0x080028a7   Thumb Code   458  stm32f4_discovery_lcd.o(.text)
    STM_EVAL_LEDInit                         0x08002a75   Thumb Code    62  stm32f4_discovery.o(.text)
    STM_EVAL_LEDOn                           0x08002ab3   Thumb Code    18  stm32f4_discovery.o(.text)
    STM_EVAL_LEDOff                          0x08002ac5   Thumb Code    18  stm32f4_discovery.o(.text)
    STM_EVAL_LEDToggle                       0x08002ad7   Thumb Code    22  stm32f4_discovery.o(.text)
    STM_EVAL_PBInit                          0x08002aed   Thumb Code   148  stm32f4_discovery.o(.text)
    STM_EVAL_PBGetState                      0x08002b81   Thumb Code    20  stm32f4_discovery.o(.text)
    STM_EVAL_COMInit                         0x08002b95   Thumb Code   192  stm32f4_discovery.o(.text)
    SD_LowLevel_DeInit                       0x08002c55   Thumb Code   142  stm32f4_discovery.o(.text)
    SD_LowLevel_Init                         0x08002ce3   Thumb Code   178  stm32f4_discovery.o(.text)
    SD_LowLevel_DMA_TxConfig                 0x08002d95   Thumb Code   128  stm32f4_discovery.o(.text)
    SD_LowLevel_DMA_RxConfig                 0x08002e15   Thumb Code   156  stm32f4_discovery.o(.text)
    USART_DeInit                             0x08002eb1   Thumb Code   168  stm32f4xx_usart.o(.text)
    USART_Init                               0x08002f59   Thumb Code   180  stm32f4xx_usart.o(.text)
    USART_StructInit                         0x0800300d   Thumb Code    22  stm32f4xx_usart.o(.text)
    USART_ClockInit                          0x08003023   Thumb Code    28  stm32f4xx_usart.o(.text)
    USART_ClockStructInit                    0x0800303f   Thumb Code    12  stm32f4xx_usart.o(.text)
    USART_Cmd                                0x0800304b   Thumb Code    24  stm32f4xx_usart.o(.text)
    USART_SetPrescaler                       0x08003063   Thumb Code    16  stm32f4xx_usart.o(.text)
    USART_OverSampling8Cmd                   0x08003073   Thumb Code    24  stm32f4xx_usart.o(.text)
    USART_OneBitMethodCmd                    0x0800308b   Thumb Code    24  stm32f4xx_usart.o(.text)
    USART_SendData                           0x080030a3   Thumb Code     8  stm32f4xx_usart.o(.text)
    USART_ReceiveData                        0x080030ab   Thumb Code     8  stm32f4xx_usart.o(.text)
    USART_SetAddress                         0x080030b3   Thumb Code    16  stm32f4xx_usart.o(.text)
    USART_ReceiverWakeUpCmd                  0x080030c3   Thumb Code    24  stm32f4xx_usart.o(.text)
    USART_WakeUpConfig                       0x080030db   Thumb Code    16  stm32f4xx_usart.o(.text)
    USART_LINBreakDetectLengthConfig         0x080030eb   Thumb Code    16  stm32f4xx_usart.o(.text)
    USART_LINCmd                             0x080030fb   Thumb Code    24  stm32f4xx_usart.o(.text)
    USART_SendBreak                          0x08003113   Thumb Code    10  stm32f4xx_usart.o(.text)
    USART_HalfDuplexCmd                      0x0800311d   Thumb Code    24  stm32f4xx_usart.o(.text)
    USART_SetGuardTime                       0x08003135   Thumb Code    16  stm32f4xx_usart.o(.text)
    USART_SmartCardCmd                       0x08003145   Thumb Code    24  stm32f4xx_usart.o(.text)
    USART_SmartCardNACKCmd                   0x0800315d   Thumb Code    24  stm32f4xx_usart.o(.text)
    USART_IrDAConfig                         0x08003175   Thumb Code    16  stm32f4xx_usart.o(.text)
    USART_IrDACmd                            0x08003185   Thumb Code    24  stm32f4xx_usart.o(.text)
    USART_DMACmd                             0x0800319d   Thumb Code    20  stm32f4xx_usart.o(.text)
    USART_ITConfig                           0x080031b1   Thumb Code    54  stm32f4xx_usart.o(.text)
    USART_GetFlagStatus                      0x080031e7   Thumb Code    14  stm32f4xx_usart.o(.text)
    USART_ClearFlag                          0x080031f5   Thumb Code     8  stm32f4xx_usart.o(.text)
    USART_GetITStatus                        0x080031fd   Thumb Code    64  stm32f4xx_usart.o(.text)
    USART_ClearITPendingBit                  0x0800323d   Thumb Code    16  stm32f4xx_usart.o(.text)
    NVIC_PriorityGroupConfig                 0x08003265   Thumb Code    10  misc.o(.text)
    NVIC_Init                                0x0800326f   Thumb Code    98  misc.o(.text)
    NVIC_SetVectorTable                      0x080032d1   Thumb Code    14  misc.o(.text)
    NVIC_SystemLPConfig                      0x080032df   Thumb Code    24  misc.o(.text)
    SysTick_CLKSourceConfig                  0x080032f7   Thumb Code    28  misc.o(.text)
    DMA_DeInit                               0x08003321   Thumb Code   278  stm32f4xx_dma.o(.text)
    DMA_Init                                 0x08003437   Thumb Code    80  stm32f4xx_dma.o(.text)
    DMA_StructInit                           0x08003487   Thumb Code    34  stm32f4xx_dma.o(.text)
    DMA_Cmd                                  0x080034a9   Thumb Code    24  stm32f4xx_dma.o(.text)
    DMA_PeriphIncOffsetSizeConfig            0x080034c1   Thumb Code    24  stm32f4xx_dma.o(.text)
    DMA_FlowControllerConfig                 0x080034d9   Thumb Code    24  stm32f4xx_dma.o(.text)
    DMA_SetCurrDataCounter                   0x080034f1   Thumb Code     4  stm32f4xx_dma.o(.text)
    DMA_GetCurrDataCounter                   0x080034f5   Thumb Code     6  stm32f4xx_dma.o(.text)
    DMA_DoubleBufferModeConfig               0x080034fb   Thumb Code    26  stm32f4xx_dma.o(.text)
    DMA_DoubleBufferModeCmd                  0x08003515   Thumb Code    24  stm32f4xx_dma.o(.text)
    DMA_MemoryTargetConfig                   0x0800352d   Thumb Code    12  stm32f4xx_dma.o(.text)
    DMA_GetCurrentMemoryTarget               0x08003539   Thumb Code    14  stm32f4xx_dma.o(.text)
    DMA_GetCmdStatus                         0x08003547   Thumb Code    14  stm32f4xx_dma.o(.text)
    DMA_GetFIFOStatus                        0x08003555   Thumb Code     8  stm32f4xx_dma.o(.text)
    DMA_GetFlagStatus                        0x0800355d   Thumb Code    42  stm32f4xx_dma.o(.text)
    DMA_ClearFlag                            0x08003587   Thumb Code    34  stm32f4xx_dma.o(.text)
    DMA_ITConfig                             0x080035a9   Thumb Code    50  stm32f4xx_dma.o(.text)
    DMA_GetITStatus                          0x080035db   Thumb Code    70  stm32f4xx_dma.o(.text)
    DMA_ClearITPendingBit                    0x08003621   Thumb Code    34  stm32f4xx_dma.o(.text)
    EXTI_DeInit                              0x08003665   Thumb Code    28  stm32f4xx_exti.o(.text)
    EXTI_Init                                0x08003681   Thumb Code   110  stm32f4xx_exti.o(.text)
    EXTI_StructInit                          0x080036ef   Thumb Code    14  stm32f4xx_exti.o(.text)
    EXTI_GenerateSWInterrupt                 0x080036fd   Thumb Code    12  stm32f4xx_exti.o(.text)
    EXTI_GetFlagStatus                       0x08003709   Thumb Code    18  stm32f4xx_exti.o(.text)
    EXTI_ClearFlag                           0x0800371b   Thumb Code     8  stm32f4xx_exti.o(.text)
    EXTI_GetITStatus                         0x08003723   Thumb Code    28  stm32f4xx_exti.o(.text)
    EXTI_ClearITPendingBit                   0x0800373f   Thumb Code     8  stm32f4xx_exti.o(.text)
    FSMC_NORSRAMDeInit                       0x08003751   Thumb Code    48  stm32f4xx_fsmc.o(.text)
    FSMC_NORSRAMInit                         0x08003781   Thumb Code   202  stm32f4xx_fsmc.o(.text)
    FSMC_NORSRAMStructInit                   0x0800384b   Thumb Code    98  stm32f4xx_fsmc.o(.text)
    FSMC_NORSRAMCmd                          0x080038ad   Thumb Code    30  stm32f4xx_fsmc.o(.text)
    FSMC_NANDDeInit                          0x080038cb   Thumb Code    40  stm32f4xx_fsmc.o(.text)
    FSMC_NANDInit                            0x080038f3   Thumb Code   104  stm32f4xx_fsmc.o(.text)
    FSMC_NANDStructInit                      0x0800395b   Thumb Code    54  stm32f4xx_fsmc.o(.text)
    FSMC_NANDCmd                             0x08003991   Thumb Code    60  stm32f4xx_fsmc.o(.text)
    FSMC_NANDECCCmd                          0x080039cd   Thumb Code    60  stm32f4xx_fsmc.o(.text)
    FSMC_GetECC                              0x08003a09   Thumb Code    18  stm32f4xx_fsmc.o(.text)
    FSMC_PCCARDDeInit                        0x08003a1b   Thumb Code    22  stm32f4xx_fsmc.o(.text)
    FSMC_PCCARDInit                          0x08003a31   Thumb Code    98  stm32f4xx_fsmc.o(.text)
    FSMC_PCCARDStructInit                    0x08003a93   Thumb Code    60  stm32f4xx_fsmc.o(.text)
    FSMC_PCCARDCmd                           0x08003acf   Thumb Code    34  stm32f4xx_fsmc.o(.text)
    FSMC_ITConfig                            0x08003af1   Thumb Code    86  stm32f4xx_fsmc.o(.text)
    FSMC_GetFlagStatus                       0x08003b47   Thumb Code    40  stm32f4xx_fsmc.o(.text)
    FSMC_ClearFlag                           0x08003b6f   Thumb Code    42  stm32f4xx_fsmc.o(.text)
    FSMC_GetITStatus                         0x08003b99   Thumb Code    52  stm32f4xx_fsmc.o(.text)
    FSMC_ClearITPendingBit                   0x08003bcd   Thumb Code    48  stm32f4xx_fsmc.o(.text)
    GPIO_DeInit                              0x08003c05   Thumb Code   240  stm32f4xx_gpio.o(.text)
    GPIO_Init                                0x08003cf5   Thumb Code   124  stm32f4xx_gpio.o(.text)
    GPIO_StructInit                          0x08003d71   Thumb Code    18  stm32f4xx_gpio.o(.text)
    GPIO_PinLockConfig                       0x08003d83   Thumb Code    26  stm32f4xx_gpio.o(.text)
    GPIO_ReadInputDataBit                    0x08003d9d   Thumb Code    14  stm32f4xx_gpio.o(.text)
    GPIO_ReadInputData                       0x08003dab   Thumb Code     6  stm32f4xx_gpio.o(.text)
    GPIO_ReadOutputDataBit                   0x08003db1   Thumb Code    14  stm32f4xx_gpio.o(.text)
    GPIO_ReadOutputData                      0x08003dbf   Thumb Code     6  stm32f4xx_gpio.o(.text)
    GPIO_SetBits                             0x08003dc5   Thumb Code     4  stm32f4xx_gpio.o(.text)
    GPIO_ResetBits                           0x08003dc9   Thumb Code     4  stm32f4xx_gpio.o(.text)
    GPIO_WriteBit                            0x08003dcd   Thumb Code    12  stm32f4xx_gpio.o(.text)
    GPIO_Write                               0x08003dd9   Thumb Code     4  stm32f4xx_gpio.o(.text)
    GPIO_ToggleBits                          0x08003ddd   Thumb Code     8  stm32f4xx_gpio.o(.text)
    GPIO_PinAFConfig                         0x08003de5   Thumb Code    32  stm32f4xx_gpio.o(.text)
    RCC_DeInit                               0x08003e29   Thumb Code    48  stm32f4xx_rcc.o(.text)
    RCC_HSEConfig                            0x08003e59   Thumb Code    12  stm32f4xx_rcc.o(.text)
    RCC_GetFlagStatus                        0x08003e65   Thumb Code    50  stm32f4xx_rcc.o(.text)
    RCC_WaitForHSEStartUp                    0x08003e97   Thumb Code    48  stm32f4xx_rcc.o(.text)
    RCC_AdjustHSICalibrationValue            0x08003ec7   Thumb Code    16  stm32f4xx_rcc.o(.text)
    RCC_HSICmd                               0x08003ed7   Thumb Code     6  stm32f4xx_rcc.o(.text)
    RCC_LSEConfig                            0x08003edd   Thumb Code    30  stm32f4xx_rcc.o(.text)
    RCC_LSICmd                               0x08003efb   Thumb Code     6  stm32f4xx_rcc.o(.text)
    RCC_PLLConfig                            0x08003f01   Thumb Code    34  stm32f4xx_rcc.o(.text)
    RCC_PLLCmd                               0x08003f23   Thumb Code     6  stm32f4xx_rcc.o(.text)
    RCC_PLLI2SConfig                         0x08003f29   Thumb Code    14  stm32f4xx_rcc.o(.text)
    RCC_PLLI2SCmd                            0x08003f37   Thumb Code     6  stm32f4xx_rcc.o(.text)
    RCC_ClockSecuritySystemCmd               0x08003f3d   Thumb Code     6  stm32f4xx_rcc.o(.text)
    RCC_MCO1Config                           0x08003f43   Thumb Code    18  stm32f4xx_rcc.o(.text)
    RCC_MCO2Config                           0x08003f55   Thumb Code    18  stm32f4xx_rcc.o(.text)
    RCC_SYSCLKConfig                         0x08003f67   Thumb Code    16  stm32f4xx_rcc.o(.text)
    RCC_GetSYSCLKSource                      0x08003f77   Thumb Code    12  stm32f4xx_rcc.o(.text)
    RCC_HCLKConfig                           0x08003f83   Thumb Code    16  stm32f4xx_rcc.o(.text)
    RCC_PCLK1Config                          0x08003f93   Thumb Code    16  stm32f4xx_rcc.o(.text)
    RCC_PCLK2Config                          0x08003fa3   Thumb Code    18  stm32f4xx_rcc.o(.text)
    RCC_GetClocksFreq                        0x08003fb5   Thumb Code   150  stm32f4xx_rcc.o(.text)
    RCC_RTCCLKConfig                         0x0800404b   Thumb Code    42  stm32f4xx_rcc.o(.text)
    RCC_RTCCLKCmd                            0x08004075   Thumb Code     8  stm32f4xx_rcc.o(.text)
    RCC_BackupResetCmd                       0x0800407d   Thumb Code     8  stm32f4xx_rcc.o(.text)
    RCC_I2SCLKConfig                         0x08004085   Thumb Code     6  stm32f4xx_rcc.o(.text)
    RCC_AHB1PeriphClockCmd                   0x0800408b   Thumb Code    24  stm32f4xx_rcc.o(.text)
    RCC_AHB2PeriphClockCmd                   0x080040a3   Thumb Code    24  stm32f4xx_rcc.o(.text)
    RCC_AHB3PeriphClockCmd                   0x080040bb   Thumb Code    24  stm32f4xx_rcc.o(.text)
    RCC_APB1PeriphClockCmd                   0x080040d3   Thumb Code    24  stm32f4xx_rcc.o(.text)
    RCC_APB2PeriphClockCmd                   0x080040eb   Thumb Code    24  stm32f4xx_rcc.o(.text)
    RCC_AHB1PeriphResetCmd                   0x08004103   Thumb Code    24  stm32f4xx_rcc.o(.text)
    RCC_AHB2PeriphResetCmd                   0x0800411b   Thumb Code    24  stm32f4xx_rcc.o(.text)
    RCC_AHB3PeriphResetCmd                   0x08004133   Thumb Code    24  stm32f4xx_rcc.o(.text)
    RCC_APB1PeriphResetCmd                   0x0800414b   Thumb Code    24  stm32f4xx_rcc.o(.text)
    RCC_APB2PeriphResetCmd                   0x08004163   Thumb Code    24  stm32f4xx_rcc.o(.text)
    RCC_AHB1PeriphClockLPModeCmd             0x0800417b   Thumb Code    24  stm32f4xx_rcc.o(.text)
    RCC_AHB2PeriphClockLPModeCmd             0x08004193   Thumb Code    24  stm32f4xx_rcc.o(.text)
    RCC_AHB3PeriphClockLPModeCmd             0x080041ab   Thumb Code    24  stm32f4xx_rcc.o(.text)
    RCC_APB1PeriphClockLPModeCmd             0x080041c3   Thumb Code    24  stm32f4xx_rcc.o(.text)
    RCC_APB2PeriphClockLPModeCmd             0x080041db   Thumb Code    24  stm32f4xx_rcc.o(.text)
    RCC_ITConfig                             0x080041f3   Thumb Code    62  stm32f4xx_rcc.o(.text)
    RCC_ClearFlag                            0x08004231   Thumb Code    12  stm32f4xx_rcc.o(.text)
    RCC_GetITStatus                          0x0800423d   Thumb Code    18  stm32f4xx_rcc.o(.text)
    RCC_ClearITPendingBit                    0x0800424f   Thumb Code     8  stm32f4xx_rcc.o(.text)
    SDIO_DeInit                              0x0800425d   Thumb Code    24  stm32f4xx_sdio.o(.text)
    SDIO_Init                                0x08004275   Thumb Code    40  stm32f4xx_sdio.o(.text)
    SDIO_StructInit                          0x0800429d   Thumb Code    16  stm32f4xx_sdio.o(.text)
    SDIO_ClockCmd                            0x080042ad   Thumb Code     6  stm32f4xx_sdio.o(.text)
    SDIO_SetPowerState                       0x080042b3   Thumb Code     8  stm32f4xx_sdio.o(.text)
    SDIO_GetPowerState                       0x080042bb   Thumb Code    12  stm32f4xx_sdio.o(.text)
    SDIO_SendCommand                         0x080042c7   Thumb Code    38  stm32f4xx_sdio.o(.text)
    SDIO_CmdStructInit                       0x080042ed   Thumb Code    14  stm32f4xx_sdio.o(.text)
    SDIO_GetCommandResponse                  0x080042fb   Thumb Code    10  stm32f4xx_sdio.o(.text)
    SDIO_GetResponse                         0x08004305   Thumb Code    16  stm32f4xx_sdio.o(.text)
    SDIO_DataConfig                          0x08004315   Thumb Code    44  stm32f4xx_sdio.o(.text)
    SDIO_DataStructInit                      0x08004341   Thumb Code    20  stm32f4xx_sdio.o(.text)
    SDIO_GetDataCounter                      0x08004355   Thumb Code     8  stm32f4xx_sdio.o(.text)
    SDIO_ReadData                            0x0800435d   Thumb Code     8  stm32f4xx_sdio.o(.text)
    SDIO_WriteData                           0x08004365   Thumb Code     8  stm32f4xx_sdio.o(.text)
    SDIO_GetFIFOCount                        0x0800436d   Thumb Code     8  stm32f4xx_sdio.o(.text)
    SDIO_StartSDIOReadWait                   0x08004375   Thumb Code     6  stm32f4xx_sdio.o(.text)
    SDIO_StopSDIOReadWait                    0x0800437b   Thumb Code     8  stm32f4xx_sdio.o(.text)
    SDIO_SetSDIOReadWaitMode                 0x08004383   Thumb Code     8  stm32f4xx_sdio.o(.text)
    SDIO_SetSDIOOperation                    0x0800438b   Thumb Code     8  stm32f4xx_sdio.o(.text)
    SDIO_SendSDIOSuspendCmd                  0x08004393   Thumb Code     6  stm32f4xx_sdio.o(.text)
    SDIO_CommandCompletionCmd                0x08004399   Thumb Code     8  stm32f4xx_sdio.o(.text)
    SDIO_CEATAITCmd                          0x080043a1   Thumb Code    12  stm32f4xx_sdio.o(.text)
    SDIO_SendCEATACmd                        0x080043ad   Thumb Code     8  stm32f4xx_sdio.o(.text)
    SDIO_DMACmd                              0x080043b5   Thumb Code     8  stm32f4xx_sdio.o(.text)
    SDIO_ITConfig                            0x080043bd   Thumb Code    24  stm32f4xx_sdio.o(.text)
    SDIO_GetFlagStatus                       0x080043d5   Thumb Code    18  stm32f4xx_sdio.o(.text)
    SDIO_ClearFlag                           0x080043e7   Thumb Code     8  stm32f4xx_sdio.o(.text)
    SDIO_GetITStatus                         0x080043ef   Thumb Code    18  stm32f4xx_sdio.o(.text)
    SDIO_ClearITPendingBit                   0x08004401   Thumb Code     8  stm32f4xx_sdio.o(.text)
    SYSCFG_DeInit                            0x08004419   Thumb Code    24  stm32f4xx_syscfg.o(.text)
    SYSCFG_MemoryRemapConfig                 0x08004431   Thumb Code     6  stm32f4xx_syscfg.o(.text)
    SYSCFG_EXTILineConfig                    0x08004437   Thumb Code    38  stm32f4xx_syscfg.o(.text)
    SYSCFG_ETH_MediaInterfaceConfig          0x0800445d   Thumb Code     6  stm32f4xx_syscfg.o(.text)
    SYSCFG_CompensationCellCmd               0x08004463   Thumb Code     6  stm32f4xx_syscfg.o(.text)
    SYSCFG_GetCompensationCellStatus         0x08004469   Thumb Code    16  stm32f4xx_syscfg.o(.text)
    TIM_DeInit                               0x08004489   Thumb Code   376  stm32f4xx_tim.o(.text)
    TIM_TimeBaseInit                         0x08004601   Thumb Code    96  stm32f4xx_tim.o(.text)
    TIM_TimeBaseStructInit                   0x08004661   Thumb Code    18  stm32f4xx_tim.o(.text)
    TIM_PrescalerConfig                      0x08004673   Thumb Code     6  stm32f4xx_tim.o(.text)
    TIM_CounterModeConfig                    0x08004679   Thumb Code    12  stm32f4xx_tim.o(.text)
    TIM_SetCounter                           0x08004685   Thumb Code     4  stm32f4xx_tim.o(.text)
    TIM_SetAutoreload                        0x08004689   Thumb Code     4  stm32f4xx_tim.o(.text)
    TIM_GetCounter                           0x0800468d   Thumb Code     4  stm32f4xx_tim.o(.text)
    TIM_GetPrescaler                         0x08004691   Thumb Code     4  stm32f4xx_tim.o(.text)
    TIM_UpdateDisableConfig                  0x08004695   Thumb Code    24  stm32f4xx_tim.o(.text)
    TIM_UpdateRequestConfig                  0x080046ad   Thumb Code    24  stm32f4xx_tim.o(.text)
    TIM_ARRPreloadConfig                     0x080046c5   Thumb Code    24  stm32f4xx_tim.o(.text)
    TIM_SelectOnePulseMode                   0x080046dd   Thumb Code    16  stm32f4xx_tim.o(.text)
    TIM_SetClockDivision                     0x080046ed   Thumb Code    16  stm32f4xx_tim.o(.text)
    TIM_Cmd                                  0x080046fd   Thumb Code    24  stm32f4xx_tim.o(.text)
    TIM_OC1Init                              0x08004715   Thumb Code    96  stm32f4xx_tim.o(.text)
    TIM_OC2Init                              0x08004775   Thumb Code   128  stm32f4xx_tim.o(.text)
    TIM_OC3Init                              0x080047f5   Thumb Code   176  stm32f4xx_tim.o(.text)
    TIM_OC4Init                              0x080048a5   Thumb Code    92  stm32f4xx_tim.o(.text)
    TIM_OCStructInit                         0x08004901   Thumb Code    20  stm32f4xx_tim.o(.text)
    TIM_SelectOCxM                           0x08004915   Thumb Code    80  stm32f4xx_tim.o(.text)
    TIM_SetCompare1                          0x08004965   Thumb Code     4  stm32f4xx_tim.o(.text)
    TIM_SetCompare2                          0x08004969   Thumb Code     4  stm32f4xx_tim.o(.text)
    TIM_SetCompare3                          0x0800496d   Thumb Code     4  stm32f4xx_tim.o(.text)
    TIM_SetCompare4                          0x08004971   Thumb Code     4  stm32f4xx_tim.o(.text)
    TIM_ForcedOC1Config                      0x08004975   Thumb Code    12  stm32f4xx_tim.o(.text)
    TIM_ForcedOC2Config                      0x08004981   Thumb Code    20  stm32f4xx_tim.o(.text)
    TIM_ForcedOC3Config                      0x08004995   Thumb Code    12  stm32f4xx_tim.o(.text)
    TIM_ForcedOC4Config                      0x080049a1   Thumb Code    20  stm32f4xx_tim.o(.text)
    TIM_OC1PreloadConfig                     0x080049b5   Thumb Code    12  stm32f4xx_tim.o(.text)
    TIM_OC2PreloadConfig                     0x080049c1   Thumb Code    20  stm32f4xx_tim.o(.text)
    TIM_OC3PreloadConfig                     0x080049d5   Thumb Code    12  stm32f4xx_tim.o(.text)
    TIM_OC4PreloadConfig                     0x080049e1   Thumb Code    20  stm32f4xx_tim.o(.text)
    TIM_OC1FastConfig                        0x080049f5   Thumb Code    12  stm32f4xx_tim.o(.text)
    TIM_OC2FastConfig                        0x08004a01   Thumb Code    20  stm32f4xx_tim.o(.text)
    TIM_OC3FastConfig                        0x08004a15   Thumb Code    12  stm32f4xx_tim.o(.text)
    TIM_OC4FastConfig                        0x08004a21   Thumb Code    20  stm32f4xx_tim.o(.text)
    TIM_ClearOC1Ref                          0x08004a35   Thumb Code    12  stm32f4xx_tim.o(.text)
    TIM_ClearOC2Ref                          0x08004a41   Thumb Code    20  stm32f4xx_tim.o(.text)
    TIM_ClearOC3Ref                          0x08004a55   Thumb Code    12  stm32f4xx_tim.o(.text)
    TIM_ClearOC4Ref                          0x08004a61   Thumb Code    20  stm32f4xx_tim.o(.text)
    TIM_OC1PolarityConfig                    0x08004a75   Thumb Code    12  stm32f4xx_tim.o(.text)
    TIM_OC1NPolarityConfig                   0x08004a81   Thumb Code    12  stm32f4xx_tim.o(.text)
    TIM_OC2PolarityConfig                    0x08004a8d   Thumb Code    20  stm32f4xx_tim.o(.text)
    TIM_OC2NPolarityConfig                   0x08004aa1   Thumb Code    20  stm32f4xx_tim.o(.text)
    TIM_OC3PolarityConfig                    0x08004ab5   Thumb Code    20  stm32f4xx_tim.o(.text)
    TIM_OC3NPolarityConfig                   0x08004ac9   Thumb Code    20  stm32f4xx_tim.o(.text)
    TIM_OC4PolarityConfig                    0x08004add   Thumb Code    20  stm32f4xx_tim.o(.text)
    TIM_CCxCmd                               0x08004af1   Thumb Code    22  stm32f4xx_tim.o(.text)
    TIM_CCxNCmd                              0x08004b07   Thumb Code    22  stm32f4xx_tim.o(.text)
    TIM_SetIC4Prescaler                      0x08004b1d   Thumb Code    24  stm32f4xx_tim.o(.text)
    TIM_SetIC3Prescaler                      0x08004b6b   Thumb Code    16  stm32f4xx_tim.o(.text)
    TIM_SetIC2Prescaler                      0x08004bad   Thumb Code    24  stm32f4xx_tim.o(.text)
    TIM_SetIC1Prescaler                      0x08004bfb   Thumb Code    16  stm32f4xx_tim.o(.text)
    TIM_ICInit                               0x08004c39   Thumb Code    90  stm32f4xx_tim.o(.text)
    TIM_ICStructInit                         0x08004c93   Thumb Code    16  stm32f4xx_tim.o(.text)
    TIM_PWMIConfig                           0x08004ca3   Thumb Code   116  stm32f4xx_tim.o(.text)
    TIM_GetCapture1                          0x08004d17   Thumb Code     4  stm32f4xx_tim.o(.text)
    TIM_GetCapture2                          0x08004d1b   Thumb Code     4  stm32f4xx_tim.o(.text)
    TIM_GetCapture3                          0x08004d1f   Thumb Code     4  stm32f4xx_tim.o(.text)
    TIM_GetCapture4                          0x08004d23   Thumb Code     4  stm32f4xx_tim.o(.text)
    TIM_BDTRConfig                           0x08004d27   Thumb Code    34  stm32f4xx_tim.o(.text)
    TIM_BDTRStructInit                       0x08004d49   Thumb Code    18  stm32f4xx_tim.o(.text)
    TIM_CtrlPWMOutputs                       0x08004d5b   Thumb Code    28  stm32f4xx_tim.o(.text)
    TIM_SelectCOM                            0x08004d77   Thumb Code    24  stm32f4xx_tim.o(.text)
    TIM_CCPreloadControl                     0x08004d8f   Thumb Code    24  stm32f4xx_tim.o(.text)
    TIM_ITConfig                             0x08004da7   Thumb Code    20  stm32f4xx_tim.o(.text)
    TIM_GenerateEvent                        0x08004dbb   Thumb Code     4  stm32f4xx_tim.o(.text)
    TIM_GetFlagStatus                        0x08004dbf   Thumb Code    14  stm32f4xx_tim.o(.text)
    TIM_ClearFlag                            0x08004dcd   Thumb Code     6  stm32f4xx_tim.o(.text)
    TIM_GetITStatus                          0x08004dd3   Thumb Code    24  stm32f4xx_tim.o(.text)
    TIM_ClearITPendingBit                    0x08004deb   Thumb Code     6  stm32f4xx_tim.o(.text)
    TIM_DMAConfig                            0x08004df1   Thumb Code     8  stm32f4xx_tim.o(.text)
    TIM_DMACmd                               0x08004df9   Thumb Code    20  stm32f4xx_tim.o(.text)
    TIM_SelectCCDMA                          0x08004e0d   Thumb Code    24  stm32f4xx_tim.o(.text)
    TIM_InternalClockConfig                  0x08004e25   Thumb Code    10  stm32f4xx_tim.o(.text)
    TIM_SelectInputTrigger                   0x08004e2f   Thumb Code    12  stm32f4xx_tim.o(.text)
    TIM_ITRxExternalClockConfig              0x08004e3b   Thumb Code    20  stm32f4xx_tim.o(.text)
    TIM_TIxExternalClockConfig               0x08004e4f   Thumb Code    48  stm32f4xx_tim.o(.text)
    TIM_ETRConfig                            0x08004e7f   Thumb Code    24  stm32f4xx_tim.o(.text)
    TIM_ETRClockMode1Config                  0x08004e97   Thumb Code    32  stm32f4xx_tim.o(.text)
    TIM_ETRClockMode2Config                  0x08004eb7   Thumb Code    20  stm32f4xx_tim.o(.text)
    TIM_SelectOutputTrigger                  0x08004ecb   Thumb Code    16  stm32f4xx_tim.o(.text)
    TIM_SelectSlaveMode                      0x08004edb   Thumb Code    16  stm32f4xx_tim.o(.text)
    TIM_SelectMasterSlaveMode                0x08004eeb   Thumb Code    16  stm32f4xx_tim.o(.text)
    TIM_EncoderInterfaceConfig               0x08004efb   Thumb Code    50  stm32f4xx_tim.o(.text)
    TIM_SelectHallSensor                     0x08004f2d   Thumb Code    24  stm32f4xx_tim.o(.text)
    TIM_RemapConfig                          0x08004f45   Thumb Code     6  stm32f4xx_tim.o(.text)
    ETH_DeInit                               0x08004f65   Thumb Code    24  stm32f4x7_eth.o(.text)
    ETH_StructInit                           0x08004f7d   Thumb Code   154  stm32f4x7_eth.o(.text)
    ETH_WritePHYRegister                     0x08005017   Thumb Code    80  stm32f4x7_eth.o(.text)
    ETH_ReadPHYRegister                      0x08005067   Thumb Code    80  stm32f4x7_eth.o(.text)
    ETH_Init                                 0x080050b7   Thumb Code   560  stm32f4x7_eth.o(.text)
    ETH_DMAReceptionCmd                      0x080052e7   Thumb Code    26  stm32f4x7_eth.o(.text)
    ETH_DMATransmissionCmd                   0x08005301   Thumb Code    26  stm32f4x7_eth.o(.text)
    ETH_MACReceptionCmd                      0x0800531b   Thumb Code    26  stm32f4x7_eth.o(.text)
    ETH_FlushTransmitFIFO                    0x08005335   Thumb Code    12  stm32f4x7_eth.o(.text)
    ETH_MACTransmissionCmd                   0x08005341   Thumb Code    26  stm32f4x7_eth.o(.text)
    ETH_Start                                0x0800535b   Thumb Code    32  stm32f4x7_eth.o(.text)
    ETH_GetFlowControlBusyStatus             0x0800537b   Thumb Code    14  stm32f4x7_eth.o(.text)
    ETH_InitiatePauseControlFrame            0x08005389   Thumb Code    12  stm32f4x7_eth.o(.text)
    ETH_BackPressureActivationCmd            0x08005395   Thumb Code    26  stm32f4x7_eth.o(.text)
    ETH_GetMACFlagStatus                     0x080053af   Thumb Code    16  stm32f4x7_eth.o(.text)
    ETH_GetMACITStatus                       0x080053bf   Thumb Code    16  stm32f4x7_eth.o(.text)
    ETH_MACITConfig                          0x080053cf   Thumb Code    22  stm32f4x7_eth.o(.text)
    ETH_MACAddressConfig                     0x080053e5   Thumb Code    96  stm32f4x7_eth.o(.text)
    ETH_GetMACAddress                        0x08005445   Thumb Code    30  stm32f4x7_eth.o(.text)
    ETH_MACAddressPerfectFilterCmd           0x08005463   Thumb Code    28  stm32f4x7_eth.o(.text)
    ETH_MACAddressFilterConfig               0x0800547f   Thumb Code    28  stm32f4x7_eth.o(.text)
    ETH_MACAddressMaskBytesFilterConfig      0x0800549b   Thumb Code    20  stm32f4x7_eth.o(.text)
    ETH_Get_Received_Frame                   0x080054af   Thumb Code    56  stm32f4x7_eth.o(.text)
    ETH_Get_Received_Frame_interrupt         0x080054e7   Thumb Code   156  stm32f4x7_eth.o(.text)
    ETH_Prepare_Transmit_Descriptors         0x08005583   Thumb Code   166  stm32f4x7_eth.o(.text)
    ETH_DMARxDescChainInit                   0x08005629   Thumb Code    78  stm32f4x7_eth.o(.text)
    ETH_CheckFrameReceived                   0x08005677   Thumb Code   100  stm32f4x7_eth.o(.text)
    ETH_DMATxDescChainInit                   0x080056db   Thumb Code    62  stm32f4x7_eth.o(.text)
    ETH_GetDMATxDescFlagStatus               0x08005719   Thumb Code    14  stm32f4x7_eth.o(.text)
    ETH_GetDMATxDescCollisionCount           0x08005727   Thumb Code     8  stm32f4x7_eth.o(.text)
    ETH_SetDMATxDescOwnBit                   0x0800572f   Thumb Code    10  stm32f4x7_eth.o(.text)
    ETH_DMATxDescTransmitITConfig            0x08005739   Thumb Code    24  stm32f4x7_eth.o(.text)
    ETH_DMATxDescFrameSegmentConfig          0x08005751   Thumb Code     8  stm32f4x7_eth.o(.text)
    ETH_DMATxDescChecksumInsertionConfig     0x08005759   Thumb Code     8  stm32f4x7_eth.o(.text)
    ETH_DMATxDescCRCCmd                      0x08005761   Thumb Code    24  stm32f4x7_eth.o(.text)
    ETH_DMATxDescSecondAddressChainedCmd     0x08005779   Thumb Code    24  stm32f4x7_eth.o(.text)
    ETH_DMATxDescShortFramePaddingCmd        0x08005791   Thumb Code    24  stm32f4x7_eth.o(.text)
    ETH_DMATxDescBufferSizeConfig            0x080057a9   Thumb Code    12  stm32f4x7_eth.o(.text)
    ETH_GetDMARxDescFlagStatus               0x080057b5   Thumb Code    14  stm32f4x7_eth.o(.text)
    ETH_GetDMAPTPRxDescExtendedFlagStatus    0x080057c3   Thumb Code    14  stm32f4x7_eth.o(.text)
    ETH_SetDMARxDescOwnBit                   0x080057d1   Thumb Code    10  stm32f4x7_eth.o(.text)
    ETH_GetDMARxDescFrameLength              0x080057db   Thumb Code     8  stm32f4x7_eth.o(.text)
    ETH_DMARxDescReceiveITConfig             0x080057e3   Thumb Code    22  stm32f4x7_eth.o(.text)
    ETH_GetDMARxDescBufferSize               0x080057f9   Thumb Code    18  stm32f4x7_eth.o(.text)
    ETH_GetRxPktSize                         0x0800580b   Thumb Code    50  stm32f4x7_eth.o(.text)
    ETH_EnhancedDescriptorCmd                0x0800583d   Thumb Code    26  stm32f4x7_eth.o(.text)
    ETH_SoftwareReset                        0x08005857   Thumb Code    12  stm32f4x7_eth.o(.text)
    ETH_GetSoftwareResetStatus               0x08005863   Thumb Code    14  stm32f4x7_eth.o(.text)
    ETH_GetDMAFlagStatus                     0x08005871   Thumb Code    16  stm32f4x7_eth.o(.text)
    ETH_DMAClearFlag                         0x08005881   Thumb Code     6  stm32f4x7_eth.o(.text)
    ETH_DMAITConfig                          0x08005887   Thumb Code    22  stm32f4x7_eth.o(.text)
    ETH_GetDMAITStatus                       0x0800589d   Thumb Code    16  stm32f4x7_eth.o(.text)
    ETH_DMAClearITPendingBit                 0x080058ad   Thumb Code     6  stm32f4x7_eth.o(.text)
    ETH_GetTransmitProcessState              0x080058b3   Thumb Code    10  stm32f4x7_eth.o(.text)
    ETH_GetReceiveProcessState               0x080058bd   Thumb Code    10  stm32f4x7_eth.o(.text)
    ETH_GetFlushTransmitFIFOStatus           0x080058c7   Thumb Code    14  stm32f4x7_eth.o(.text)
    ETH_GetDMAOverflowStatus                 0x080058d5   Thumb Code    16  stm32f4x7_eth.o(.text)
    ETH_GetRxOverflowMissedFrameCounter      0x080058e5   Thumb Code    10  stm32f4x7_eth.o(.text)
    ETH_GetBufferUnavailableMissedFrameCounter 0x080058ef   Thumb Code     8  stm32f4x7_eth.o(.text)
    ETH_GetCurrentTxDescStartAddress         0x080058f7   Thumb Code     6  stm32f4x7_eth.o(.text)
    ETH_GetCurrentRxDescStartAddress         0x080058fd   Thumb Code     6  stm32f4x7_eth.o(.text)
    ETH_GetCurrentTxBufferAddress            0x08005903   Thumb Code     6  stm32f4x7_eth.o(.text)
    ETH_GetCurrentRxBufferAddress            0x08005909   Thumb Code     6  stm32f4x7_eth.o(.text)
    ETH_ResumeDMATransmission                0x0800590f   Thumb Code     8  stm32f4x7_eth.o(.text)
    ETH_ResumeDMAReception                   0x08005917   Thumb Code     8  stm32f4x7_eth.o(.text)
    ETH_SetReceiveWatchdogTimer              0x0800591f   Thumb Code     6  stm32f4x7_eth.o(.text)
    ETH_PHYLoopBackCmd                       0x08005925   Thumb Code    44  stm32f4x7_eth.o(.text)
    ETH_ResetWakeUpFrameFilterRegisterPointer 0x08005951   Thumb Code    12  stm32f4x7_eth.o(.text)
    ETH_SetWakeUpFrameFilterRegister         0x0800595d   Thumb Code    18  stm32f4x7_eth.o(.text)
    ETH_GlobalUnicastWakeUpCmd               0x0800596f   Thumb Code    26  stm32f4x7_eth.o(.text)
    ETH_GetPMTFlagStatus                     0x08005989   Thumb Code    16  stm32f4x7_eth.o(.text)
    ETH_WakeUpFrameDetectionCmd              0x08005999   Thumb Code    26  stm32f4x7_eth.o(.text)
    ETH_MagicPacketDetectionCmd              0x080059b3   Thumb Code    26  stm32f4x7_eth.o(.text)
    ETH_PowerDownCmd                         0x080059cd   Thumb Code    26  stm32f4x7_eth.o(.text)
    ETH_MMCCounterFullPreset                 0x080059e7   Thumb Code    12  stm32f4x7_eth.o(.text)
    ETH_MMCCounterHalfPreset                 0x080059f3   Thumb Code    20  stm32f4x7_eth.o(.text)
    ETH_MMCCounterFreezeCmd                  0x08005a07   Thumb Code    34  stm32f4x7_eth.o(.text)
    ETH_MMCResetOnReadCmd                    0x08005a29   Thumb Code    34  stm32f4x7_eth.o(.text)
    ETH_MMCCounterRolloverCmd                0x08005a4b   Thumb Code    34  stm32f4x7_eth.o(.text)
    ETH_MMCCountersReset                     0x08005a6d   Thumb Code    12  stm32f4x7_eth.o(.text)
    ETH_MMCITConfig                          0x08005a79   Thumb Code    62  stm32f4x7_eth.o(.text)
    ETH_GetMMCITStatus                       0x08005ab7   Thumb Code    50  stm32f4x7_eth.o(.text)
    ETH_GetMMCRegister                       0x08005ae9   Thumb Code     6  stm32f4x7_eth.o(.text)
    ethernetif_input                         0x08005c0f   Thumb Code    42  ethernetif.o(.text)
    ethernetif_init                          0x08005c39   Thumb Code    30  ethernetif.o(.text)
    dhcp_renew                               0x08006159   Thumb Code   146  dhcp.o(.text)
    dhcp_coarse_tmr                          0x080062a3   Thumb Code    58  dhcp.o(.text)
    dhcp_release                             0x08006387   Thumb Code   178  dhcp.o(.text)
    dhcp_fine_tmr                            0x080065b9   Thumb Code    46  dhcp.o(.text)
    dhcp_stop                                0x080066e3   Thumb Code    48  dhcp.o(.text)
    dhcp_start                               0x0800687b   Thumb Code   162  dhcp.o(.text)
    dhcp_inform                              0x0800691d   Thumb Code   150  dhcp.o(.text)
    dhcp_network_changed                     0x080069b3   Thumb Code    68  dhcp.o(.text)
    dhcp_arp_reply                           0x08006a79   Thumb Code    28  dhcp.o(.text)
    mem_init                                 0x08006aef   Thumb Code    44  mem.o(.text)
    mem_free                                 0x08006b1b   Thumb Code    36  mem.o(.text)
    mem_realloc                              0x08006b3f   Thumb Code   198  mem.o(.text)
    mem_malloc                               0x08006c05   Thumb Code   180  mem.o(.text)
    mem_calloc                               0x08006cb9   Thumb Code    28  mem.o(.text)
    memp_init                                0x08006cdd   Thumb Code    78  memp.o(.text)
    memp_malloc                              0x08006d2b   Thumb Code    30  memp.o(.text)
    memp_free                                0x08006d49   Thumb Code    20  memp.o(.text)
    netif_set_gw                             0x08006d65   Thumb Code    14  netif.o(.text)
    netif_set_netmask                        0x08006d73   Thumb Code    14  netif.o(.text)
    netif_set_ipaddr                         0x08006d81   Thumb Code    96  netif.o(.text)
    netif_set_addr                           0x08006de1   Thumb Code    32  netif.o(.text)
    netif_add                                0x08006e01   Thumb Code    70  netif.o(.text)
    netif_set_default                        0x08006e47   Thumb Code     6  netif.o(.text)
    netif_remove                             0x08006e4d   Thumb Code    52  netif.o(.text)
    netif_find                               0x08006e81   Thumb Code    60  netif.o(.text)
    netif_set_up                             0x08006ebd   Thumb Code    28  netif.o(.text)
    netif_set_down                           0x08006ed9   Thumb Code    18  netif.o(.text)
    netif_is_up                              0x08006eeb   Thumb Code    10  netif.o(.text)
    pbuf_free                                0x08006f01   Thumb Code    82  pbuf.o(.text)
    pbuf_alloc                               0x08006f53   Thumb Code   298  pbuf.o(.text)
    pbuf_realloc                             0x0800707d   Thumb Code    78  pbuf.o(.text)
    pbuf_header                              0x080070cb   Thumb Code   104  pbuf.o(.text)
    pbuf_clen                                0x08007133   Thumb Code    18  pbuf.o(.text)
    pbuf_ref                                 0x08007145   Thumb Code    12  pbuf.o(.text)
    pbuf_cat                                 0x08007151   Thumb Code    40  pbuf.o(.text)
    pbuf_chain                               0x08007179   Thumb Code    18  pbuf.o(.text)
    pbuf_dechain                             0x0800718b   Thumb Code    44  pbuf.o(.text)
    pbuf_copy                                0x080071b7   Thumb Code   148  pbuf.o(.text)
    pbuf_copy_partial                        0x0800724b   Thumb Code   106  pbuf.o(.text)
    pbuf_take                                0x080072b5   Thumb Code    86  pbuf.o(.text)
    pbuf_coalesce                            0x0800730b   Thumb Code    52  pbuf.o(.text)
    raw_input                                0x08007341   Thumb Code    98  raw.o(.text)
    raw_bind                                 0x080073a3   Thumb Code    16  raw.o(.text)
    raw_connect                              0x080073b3   Thumb Code    16  raw.o(.text)
    raw_recv                                 0x080073c3   Thumb Code     6  raw.o(.text)
    raw_sendto                               0x080073c9   Thumb Code   144  raw.o(.text)
    raw_send                                 0x08007459   Thumb Code     4  raw.o(.text)
    raw_remove                               0x0800745d   Thumb Code    40  raw.o(.text)
    raw_new                                  0x08007485   Thumb Code    40  raw.o(.text)
    tcp_seg_free                             0x080074b1   Thumb Code    32  tcp.o(.text)
    tcp_segs_free                            0x080074d1   Thumb Code    26  tcp.o(.text)
    tcp_pcb_purge                            0x080074eb   Thumb Code    48  tcp.o(.text)
    tcp_slowtmr                              0x0800751b   Thumb Code   550  tcp.o(.text)
    tcp_pcb_remove                           0x08007741   Thumb Code    92  tcp.o(.text)
    tcp_close                                0x0800779d   Thumb Code   204  tcp.o(.text)
    tcp_update_rcv_ann_wnd                   0x08007869   Thumb Code    54  tcp.o(.text)
    tcp_recved                               0x0800789f   Thumb Code    60  tcp.o(.text)
    tcp_recv_null                            0x080078db   Thumb Code    54  tcp.o(.text)
    tcp_fasttmr                              0x08007911   Thumb Code    86  tcp.o(.text)
    tcp_tmr                                  0x08007967   Thumb Code    26  tcp.o(.text)
    tcp_abandon                              0x08007981   Thumb Code   148  tcp.o(.text)
    tcp_bind                                 0x08007a6b   Thumb Code   196  tcp.o(.text)
    tcp_listen_with_backlog                  0x08007b35   Thumb Code   138  tcp.o(.text)
    tcp_eff_send_mss                         0x08007bbf   Thumb Code    32  tcp.o(.text)
    tcp_next_iss                             0x08007bdf   Thumb Code    12  tcp.o(.text)
    tcp_connect                              0x08007beb   Thumb Code   198  tcp.o(.text)
    tcp_setprio                              0x08007cb1   Thumb Code     4  tcp.o(.text)
    tcp_alloc                                0x08007d2b   Thumb Code   154  tcp.o(.text)
    tcp_new                                  0x08007dc5   Thumb Code     4  tcp.o(.text)
    tcp_arg                                  0x08007dc9   Thumb Code     4  tcp.o(.text)
    tcp_recv                                 0x08007dcd   Thumb Code     6  tcp.o(.text)
    tcp_sent                                 0x08007dd3   Thumb Code     6  tcp.o(.text)
    tcp_err                                  0x08007dd9   Thumb Code     6  tcp.o(.text)
    tcp_accept                               0x08007ddf   Thumb Code     4  tcp.o(.text)
    tcp_poll                                 0x08007de3   Thumb Code    10  tcp.o(.text)
    tcp_debug_state_str                      0x08007ded   Thumb Code    10  tcp.o(.text)
    tcp_input                                0x08008857   Thumb Code   834  tcp_in.o(.text)
    tcp_enqueue                              0x08008c15   Thumb Code   858  tcp_out.o(.text)
    tcp_send_ctrl                            0x08008f6f   Thumb Code    20  tcp_out.o(.text)
    tcp_write                                0x08008f83   Thumb Code    46  tcp_out.o(.text)
    tcp_send_empty_ack                       0x08008fb1   Thumb Code    86  tcp_out.o(.text)
    tcp_output                               0x080090b1   Thumb Code   416  tcp_out.o(.text)
    tcp_rst                                  0x08009251   Thumb Code   158  tcp_out.o(.text)
    tcp_rexmit_rto                           0x080092ef   Thumb Code    44  tcp_out.o(.text)
    tcp_rexmit                               0x0800931b   Thumb Code    70  tcp_out.o(.text)
    tcp_rexmit_fast                          0x08009361   Thumb Code    96  tcp_out.o(.text)
    tcp_keepalive                            0x080093c1   Thumb Code    72  tcp_out.o(.text)
    tcp_zero_window_probe                    0x08009409   Thumb Code   174  tcp_out.o(.text)
    udp_input                                0x080094b9   Thumb Code   408  udp.o(.text)
    udp_bind                                 0x08009651   Thumb Code    94  udp.o(.text)
    udp_sendto_if                            0x080096af   Thumb Code   182  udp.o(.text)
    udp_sendto                               0x08009765   Thumb Code    40  udp.o(.text)
    udp_send                                 0x0800978d   Thumb Code     6  udp.o(.text)
    udp_connect                              0x08009793   Thumb Code    74  udp.o(.text)
    udp_disconnect                           0x080097dd   Thumb Code    20  udp.o(.text)
    udp_recv                                 0x080097f1   Thumb Code     6  udp.o(.text)
    udp_remove                               0x080097f7   Thumb Code    40  udp.o(.text)
    udp_new                                  0x0800981f   Thumb Code    28  udp.o(.text)
    autoip_init                              0x08009845   Thumb Code     2  autoip.o(.text)
    autoip_start                             0x080098d3   Thumb Code    96  autoip.o(.text)
    autoip_network_changed                   0x080099cd   Thumb Code    32  autoip.o(.text)
    autoip_stop                              0x080099ed   Thumb Code    16  autoip.o(.text)
    autoip_tmr                               0x080099fd   Thumb Code   204  autoip.o(.text)
    autoip_arp_reply                         0x08009ac9   Thumb Code   140  autoip.o(.text)
    icmp_input                               0x08009b75   Thumb Code   324  icmp.o(.text)
    icmp_dest_unreach                        0x08009d21   Thumb Code     6  icmp.o(.text)
    icmp_time_exceeded                       0x08009d27   Thumb Code     6  icmp.o(.text)
    htonl                                    0x08009d2d   Thumb Code    24  inet.o(.text)
    inet_aton                                0x08009d45   Thumb Code   276  inet.o(.text)
    inet_addr                                0x08009e59   Thumb Code    20  inet.o(.text)
    inet_ntoa                                0x08009e6d   Thumb Code    92  inet.o(.text)
    htons                                    0x08009ec9   Thumb Code    10  inet.o(.text)
    ntohs                                    0x08009ed3   Thumb Code     2  inet.o(.text)
    ntohl                                    0x08009ed5   Thumb Code     2  inet.o(.text)
    inet_chksum_pseudo                       0x08009f17   Thumb Code   134  inet_chksum.o(.text)
    inet_chksum                              0x08009f9d   Thumb Code    12  inet_chksum.o(.text)
    inet_chksum_pbuf                         0x08009fa9   Thumb Code    72  inet_chksum.o(.text)
    ip_route                                 0x08009ff1   Thumb Code    62  ip.o(.text)
    ip_input                                 0x0800a02f   Thumb Code   436  ip.o(.text)
    ip_output_if                             0x0800a1e3   Thumb Code   210  ip.o(.text)
    ip_output                                0x0800a2b5   Thumb Code    52  ip.o(.text)
    ip_addr_isbroadcast                      0x0800a2f5   Thumb Code    62  ip_addr.o(.text)
    ip_reass_tmr                             0x0800a3bf   Thumb Code    40  ip_frag.o(.text)
    ip_reass                                 0x0800a597   Thumb Code   376  ip_frag.o(.text)
    ip_frag                                  0x0800a70f   Thumb Code   318  ip_frag.o(.text)
    etharp_tmr                               0x0800a86f   Thumb Code    74  etharp.o(.text)
    etharp_find_addr                         0x0800aac1   Thumb Code    52  etharp.o(.text)
    etharp_ip_input                          0x0800aaf5   Thumb Code    40  etharp.o(.text)
    etharp_arp_input                         0x0800ab1d   Thumb Code   296  etharp.o(.text)
    etharp_raw                               0x0800ac45   Thumb Code   194  etharp.o(.text)
    etharp_request                           0x0800ad07   Thumb Code    34  etharp.o(.text)
    etharp_query                             0x0800ad29   Thumb Code   278  etharp.o(.text)
    etharp_output                            0x0800ae3f   Thumb Code   178  etharp.o(.text)
    ethernet_input                           0x0800aef1   Thumb Code    90  etharp.o(.text)
    Reset_Handler                            0x0800af55   Thumb Code     8  startup_stm32f4xx.o(.text)
    ADC_IRQHandler                           0x0800af6f   Thumb Code     0  startup_stm32f4xx.o(.text)
    CAN1_RX0_IRQHandler                      0x0800af6f   Thumb Code     0  startup_stm32f4xx.o(.text)
    CAN1_RX1_IRQHandler                      0x0800af6f   Thumb Code     0  startup_stm32f4xx.o(.text)
    CAN1_SCE_IRQHandler                      0x0800af6f   Thumb Code     0  startup_stm32f4xx.o(.text)
    CAN1_TX_IRQHandler                       0x0800af6f   Thumb Code     0  startup_stm32f4xx.o(.text)
    CAN2_RX0_IRQHandler                      0x0800af6f   Thumb Code     0  startup_stm32f4xx.o(.text)
    CAN2_RX1_IRQHandler                      0x0800af6f   Thumb Code     0  startup_stm32f4xx.o(.text)
    CAN2_SCE_IRQHandler                      0x0800af6f   Thumb Code     0  startup_stm32f4xx.o(.text)
    CAN2_TX_IRQHandler                       0x0800af6f   Thumb Code     0  startup_stm32f4xx.o(.text)
    CRYP_IRQHandler                          0x0800af6f   Thumb Code     0  startup_stm32f4xx.o(.text)
    DCMI_IRQHandler                          0x0800af6f   Thumb Code     0  startup_stm32f4xx.o(.text)
    DMA1_Stream0_IRQHandler                  0x0800af6f   Thumb Code     0  startup_stm32f4xx.o(.text)
    DMA1_Stream1_IRQHandler                  0x0800af6f   Thumb Code     0  startup_stm32f4xx.o(.text)
    DMA1_Stream2_IRQHandler                  0x0800af6f   Thumb Code     0  startup_stm32f4xx.o(.text)
    DMA1_Stream3_IRQHandler                  0x0800af6f   Thumb Code     0  startup_stm32f4xx.o(.text)
    DMA1_Stream4_IRQHandler                  0x0800af6f   Thumb Code     0  startup_stm32f4xx.o(.text)
    DMA1_Stream5_IRQHandler                  0x0800af6f   Thumb Code     0  startup_stm32f4xx.o(.text)
    DMA1_Stream6_IRQHandler                  0x0800af6f   Thumb Code     0  startup_stm32f4xx.o(.text)
    DMA1_Stream7_IRQHandler                  0x0800af6f   Thumb Code     0  startup_stm32f4xx.o(.text)
    DMA2_Stream0_IRQHandler                  0x0800af6f   Thumb Code     0  startup_stm32f4xx.o(.text)
    DMA2_Stream1_IRQHandler                  0x0800af6f   Thumb Code     0  startup_stm32f4xx.o(.text)
    DMA2_Stream2_IRQHandler                  0x0800af6f   Thumb Code     0  startup_stm32f4xx.o(.text)
    DMA2_Stream3_IRQHandler                  0x0800af6f   Thumb Code     0  startup_stm32f4xx.o(.text)
    DMA2_Stream4_IRQHandler                  0x0800af6f   Thumb Code     0  startup_stm32f4xx.o(.text)
    DMA2_Stream5_IRQHandler                  0x0800af6f   Thumb Code     0  startup_stm32f4xx.o(.text)
    DMA2_Stream6_IRQHandler                  0x0800af6f   Thumb Code     0  startup_stm32f4xx.o(.text)
    DMA2_Stream7_IRQHandler                  0x0800af6f   Thumb Code     0  startup_stm32f4xx.o(.text)
    ETH_IRQHandler                           0x0800af6f   Thumb Code     0  startup_stm32f4xx.o(.text)
    ETH_WKUP_IRQHandler                      0x0800af6f   Thumb Code     0  startup_stm32f4xx.o(.text)
    EXTI15_10_IRQHandler                     0x0800af6f   Thumb Code     0  startup_stm32f4xx.o(.text)
    EXTI1_IRQHandler                         0x0800af6f   Thumb Code     0  startup_stm32f4xx.o(.text)
    EXTI2_IRQHandler                         0x0800af6f   Thumb Code     0  startup_stm32f4xx.o(.text)
    EXTI3_IRQHandler                         0x0800af6f   Thumb Code     0  startup_stm32f4xx.o(.text)
    EXTI4_IRQHandler                         0x0800af6f   Thumb Code     0  startup_stm32f4xx.o(.text)
    EXTI9_5_IRQHandler                       0x0800af6f   Thumb Code     0  startup_stm32f4xx.o(.text)
    FLASH_IRQHandler                         0x0800af6f   Thumb Code     0  startup_stm32f4xx.o(.text)
    FPU_IRQHandler                           0x0800af6f   Thumb Code     0  startup_stm32f4xx.o(.text)
    FSMC_IRQHandler                          0x0800af6f   Thumb Code     0  startup_stm32f4xx.o(.text)
    HASH_RNG_IRQHandler                      0x0800af6f   Thumb Code     0  startup_stm32f4xx.o(.text)
    I2C1_ER_IRQHandler                       0x0800af6f   Thumb Code     0  startup_stm32f4xx.o(.text)
    I2C1_EV_IRQHandler                       0x0800af6f   Thumb Code     0  startup_stm32f4xx.o(.text)
    I2C2_ER_IRQHandler                       0x0800af6f   Thumb Code     0  startup_stm32f4xx.o(.text)
    I2C2_EV_IRQHandler                       0x0800af6f   Thumb Code     0  startup_stm32f4xx.o(.text)
    I2C3_ER_IRQHandler                       0x0800af6f   Thumb Code     0  startup_stm32f4xx.o(.text)
    I2C3_EV_IRQHandler                       0x0800af6f   Thumb Code     0  startup_stm32f4xx.o(.text)
    OTG_FS_IRQHandler                        0x0800af6f   Thumb Code     0  startup_stm32f4xx.o(.text)
    OTG_FS_WKUP_IRQHandler                   0x0800af6f   Thumb Code     0  startup_stm32f4xx.o(.text)
    OTG_HS_EP1_IN_IRQHandler                 0x0800af6f   Thumb Code     0  startup_stm32f4xx.o(.text)
    OTG_HS_EP1_OUT_IRQHandler                0x0800af6f   Thumb Code     0  startup_stm32f4xx.o(.text)
    OTG_HS_IRQHandler                        0x0800af6f   Thumb Code     0  startup_stm32f4xx.o(.text)
    OTG_HS_WKUP_IRQHandler                   0x0800af6f   Thumb Code     0  startup_stm32f4xx.o(.text)
    PVD_IRQHandler                           0x0800af6f   Thumb Code     0  startup_stm32f4xx.o(.text)
    RCC_IRQHandler                           0x0800af6f   Thumb Code     0  startup_stm32f4xx.o(.text)
    RTC_Alarm_IRQHandler                     0x0800af6f   Thumb Code     0  startup_stm32f4xx.o(.text)
    RTC_WKUP_IRQHandler                      0x0800af6f   Thumb Code     0  startup_stm32f4xx.o(.text)
    SDIO_IRQHandler                          0x0800af6f   Thumb Code     0  startup_stm32f4xx.o(.text)
    SPI1_IRQHandler                          0x0800af6f   Thumb Code     0  startup_stm32f4xx.o(.text)
    SPI2_IRQHandler                          0x0800af6f   Thumb Code     0  startup_stm32f4xx.o(.text)
    SPI3_IRQHandler                          0x0800af6f   Thumb Code     0  startup_stm32f4xx.o(.text)
    TAMP_STAMP_IRQHandler                    0x0800af6f   Thumb Code     0  startup_stm32f4xx.o(.text)
    TIM1_BRK_TIM9_IRQHandler                 0x0800af6f   Thumb Code     0  startup_stm32f4xx.o(.text)
    TIM1_CC_IRQHandler                       0x0800af6f   Thumb Code     0  startup_stm32f4xx.o(.text)
    TIM1_TRG_COM_TIM11_IRQHandler            0x0800af6f   Thumb Code     0  startup_stm32f4xx.o(.text)
    TIM1_UP_TIM10_IRQHandler                 0x0800af6f   Thumb Code     0  startup_stm32f4xx.o(.text)
    TIM3_IRQHandler                          0x0800af6f   Thumb Code     0  startup_stm32f4xx.o(.text)
    TIM4_IRQHandler                          0x0800af6f   Thumb Code     0  startup_stm32f4xx.o(.text)
    TIM5_IRQHandler                          0x0800af6f   Thumb Code     0  startup_stm32f4xx.o(.text)
    TIM6_DAC_IRQHandler                      0x0800af6f   Thumb Code     0  startup_stm32f4xx.o(.text)
    TIM7_IRQHandler                          0x0800af6f   Thumb Code     0  startup_stm32f4xx.o(.text)
    TIM8_BRK_TIM12_IRQHandler                0x0800af6f   Thumb Code     0  startup_stm32f4xx.o(.text)
    TIM8_CC_IRQHandler                       0x0800af6f   Thumb Code     0  startup_stm32f4xx.o(.text)
    TIM8_TRG_COM_TIM14_IRQHandler            0x0800af6f   Thumb Code     0  startup_stm32f4xx.o(.text)
    TIM8_UP_TIM13_IRQHandler                 0x0800af6f   Thumb Code     0  startup_stm32f4xx.o(.text)
    UART4_IRQHandler                         0x0800af6f   Thumb Code     0  startup_stm32f4xx.o(.text)
    UART5_IRQHandler                         0x0800af6f   Thumb Code     0  startup_stm32f4xx.o(.text)
    USART1_IRQHandler                        0x0800af6f   Thumb Code     0  startup_stm32f4xx.o(.text)
    USART6_IRQHandler                        0x0800af6f   Thumb Code     0  startup_stm32f4xx.o(.text)
    WWDG_IRQHandler                          0x0800af6f   Thumb Code     0  startup_stm32f4xx.o(.text)
    __aeabi_memcpy                           0x0800af79   Thumb Code    36  memcpya.o(.text)
    __aeabi_memcpy4                          0x0800af79   Thumb Code     0  memcpya.o(.text)
    __aeabi_memcpy8                          0x0800af79   Thumb Code     0  memcpya.o(.text)
    __aeabi_memset                           0x0800af9d   Thumb Code    14  memseta.o(.text)
    __aeabi_memset4                          0x0800af9d   Thumb Code     0  memseta.o(.text)
    __aeabi_memset8                          0x0800af9d   Thumb Code     0  memseta.o(.text)
    __aeabi_memclr                           0x0800afab   Thumb Code     4  memseta.o(.text)
    __aeabi_memclr4                          0x0800afab   Thumb Code     0  memseta.o(.text)
    __aeabi_memclr8                          0x0800afab   Thumb Code     0  memseta.o(.text)
    _memset$wrapper                          0x0800afaf   Thumb Code    18  memseta.o(.text)
    strlen                                   0x0800afc1   Thumb Code    14  strlen.o(.text)
    memcmp                                   0x0800afcf   Thumb Code    26  memcmp.o(.text)
    strncmp                                  0x0800afe9   Thumb Code    30  strncmp.o(.text)
    __aeabi_fadd                             0x0800b007   Thumb Code   164  fadd.o(.text)
    __aeabi_fsub                             0x0800b0ab   Thumb Code     6  fadd.o(.text)
    __aeabi_frsub                            0x0800b0b1   Thumb Code     6  fadd.o(.text)
    __aeabi_fmul                             0x0800b0b7   Thumb Code   100  fmul.o(.text)
    __aeabi_dadd                             0x0800b11b   Thumb Code   322  dadd.o(.text)
    __aeabi_dsub                             0x0800b25d   Thumb Code     6  dadd.o(.text)
    __aeabi_drsub                            0x0800b263   Thumb Code     6  dadd.o(.text)
    __aeabi_dmul                             0x0800b269   Thumb Code   228  dmul.o(.text)
    __aeabi_i2f                              0x0800b34d   Thumb Code    18  fflti.o(.text)
    __aeabi_i2d                              0x0800b35f   Thumb Code    34  dflti.o(.text)
    __aeabi_ui2d                             0x0800b381   Thumb Code    26  dfltui.o(.text)
    __aeabi_f2iz                             0x0800b39b   Thumb Code    50  ffixi.o(.text)
    __aeabi_d2iz                             0x0800b3cd   Thumb Code    62  dfixi.o(.text)
    __aeabi_f2d                              0x0800b40b   Thumb Code    38  f2d.o(.text)
    __aeabi_cdcmpeq                          0x0800b431   Thumb Code     0  cdcmple.o(.text)
    __aeabi_cdcmple                          0x0800b431   Thumb Code    48  cdcmple.o(.text)
    __aeabi_cdrcmple                         0x0800b461   Thumb Code    48  cdrcmple.o(.text)
    __aeabi_uidiv                            0x0800b491   Thumb Code     0  uidiv.o(.text)
    __aeabi_uidivmod                         0x0800b491   Thumb Code    44  uidiv.o(.text)
    __aeabi_uldivmod                         0x0800b4bd   Thumb Code    98  uldiv.o(.text)
    __aeabi_llsl                             0x0800b51f   Thumb Code    30  llshl.o(.text)
    _ll_shift_l                              0x0800b51f   Thumb Code     0  llshl.o(.text)
    __aeabi_llsr                             0x0800b53d   Thumb Code    32  llushr.o(.text)
    _ll_ushift_r                             0x0800b53d   Thumb Code     0  llushr.o(.text)
    __aeabi_lasr                             0x0800b55d   Thumb Code    36  llsshr.o(.text)
    _ll_sshift_r                             0x0800b55d   Thumb Code     0  llsshr.o(.text)
    __I$use$fp                               0x0800b581   Thumb Code     0  iusefp.o(.text)
    _float_round                             0x0800b581   Thumb Code    18  fepilogue.o(.text)
    _float_epilogue                          0x0800b593   Thumb Code    92  fepilogue.o(.text)
    _double_round                            0x0800b5ef   Thumb Code    30  depilogue.o(.text)
    _double_epilogue                         0x0800b60d   Thumb Code   156  depilogue.o(.text)
    __aeabi_ddiv                             0x0800b6a9   Thumb Code   222  ddiv.o(.text)
    __aeabi_d2ulz                            0x0800b787   Thumb Code    48  dfixul.o(.text)
    __scatterload                            0x0800b7b9   Thumb Code    28  init.o(.text)
    __scatterload_rt2                        0x0800b7b9   Thumb Code     0  init.o(.text)
    __decompress                             0x0800b7dd   Thumb Code     0  __dczerorl2.o(.text)
    __decompress1                            0x0800b7dd   Thumb Code    86  __dczerorl2.o(.text)
    __0printf                                0x0800b835   Thumb Code    22  printfa.o(i.__0printf)
    __1printf                                0x0800b835   Thumb Code     0  printfa.o(i.__0printf)
    __2printf                                0x0800b835   Thumb Code     0  printfa.o(i.__0printf)
    __c89printf                              0x0800b835   Thumb Code     0  printfa.o(i.__0printf)
    printf                                   0x0800b835   Thumb Code     0  printfa.o(i.__0printf)
    __0sprintf                               0x0800b855   Thumb Code    34  printfa.o(i.__0sprintf)
    __1sprintf                               0x0800b855   Thumb Code     0  printfa.o(i.__0sprintf)
    __2sprintf                               0x0800b855   Thumb Code     0  printfa.o(i.__0sprintf)
    __c89sprintf                             0x0800b855   Thumb Code     0  printfa.o(i.__0sprintf)
    sprintf                                  0x0800b855   Thumb Code     0  printfa.o(i.__0sprintf)
    __scatterload_copy                       0x0800b87d   Thumb Code    14  handlers.o(i.__scatterload_copy)
    __scatterload_null                       0x0800b88b   Thumb Code     2  handlers.o(i.__scatterload_null)
    __scatterload_zeroinit                   0x0800b88d   Thumb Code    14  handlers.o(i.__scatterload_zeroinit)
    ASCII16x24_Table                         0x0800c158   Data        4560  stm32f4_discovery_lcd.o(.constdata)
    BUTTON_PORT_SOURCE                       0x0800d328   Data           1  stm32f4_discovery.o(.constdata)
    BUTTON_PIN_SOURCE                        0x0800d329   Data           1  stm32f4_discovery.o(.constdata)
    BUTTON_IRQn                              0x0800d32a   Data           1  stm32f4_discovery.o(.constdata)
    BUTTON_PIN                               0x0800d32c   Data           2  stm32f4_discovery.o(.constdata)
    BUTTON_EXTI_LINE                         0x0800d32e   Data           2  stm32f4_discovery.o(.constdata)
    BUTTON_CLK                               0x0800d330   Data           4  stm32f4_discovery.o(.constdata)
    COM_TX_PIN                               0x0800d334   Data           4  stm32f4_discovery.o(.constdata)
    COM_RX_PIN                               0x0800d338   Data           4  stm32f4_discovery.o(.constdata)
    COM_TX_PIN_SOURCE                        0x0800d33c   Data           4  stm32f4_discovery.o(.constdata)
    COM_RX_PIN_SOURCE                        0x0800d340   Data           4  stm32f4_discovery.o(.constdata)
    COM_TX_AF                                0x0800d344   Data           4  stm32f4_discovery.o(.constdata)
    COM_RX_AF                                0x0800d348   Data           4  stm32f4_discovery.o(.constdata)
    GPIO_PIN                                 0x0800d34c   Data           8  stm32f4_discovery.o(.constdata)
    COM_USART_CLK                            0x0800d354   Data           8  stm32f4_discovery.o(.constdata)
    COM_TX_PORT_CLK                          0x0800d35c   Data           8  stm32f4_discovery.o(.constdata)
    COM_RX_PORT_CLK                          0x0800d364   Data           8  stm32f4_discovery.o(.constdata)
    GPIO_CLK                                 0x0800d36c   Data          16  stm32f4_discovery.o(.constdata)
    tcp_persist_backoff                      0x0800d3a0   Data           7  tcp.o(.constdata)
    tcp_backoff                              0x0800d3a7   Data          13  tcp.o(.constdata)
    ip_addr_any                              0x0800d3b4   Data           4  ip_addr.o(.constdata)
    ip_addr_broadcast                        0x0800d3b8   Data           4  ip_addr.o(.constdata)
    ethbroadcast                             0x0800d3bc   Data           6  etharp.o(.constdata)
    ethzero                                  0x0800d3c2   Data           6  etharp.o(.constdata)
    Region$$Table$$Base                      0x0800d4ec   Number         0  anon$$obj.o(Region$$Table)
    Region$$Table$$Limit                     0x0800d50c   Number         0  anon$$obj.o(Region$$Table)
    LocalTime                                0x20000000   Data           4  main.o(.data)
    timingdelay                              0x20000004   Data           4  main.o(.data)
    Button_TimerBack                         0x20000008   Data           4  main.o(.data)
    Button_Flag                              0x2000000c   Data           4  main.o(.data)
    flag_err_recv_serial                     0x20000010   Data           4  main.o(.data)
    recv_serial                              0x20000014   Data           4  main.o(.data)
    SystemCoreClock                          0x20000018   Data           4  system_stm32f4xx.o(.data)
    AHBPrescTable                            0x2000001c   Data          16  system_stm32f4xx.o(.data)
    count_mS                                 0x2000002c   Data           4  stm32f4xx_it.o(.data)
    countT                                   0x20000030   Data           4  stm32f4xx_it.o(.data)
    countTime                                0x20000034   Data           4  stm32f4xx_it.o(.data)
    Tcp_flag                                 0x20000038   Data           1  tcp_echoclient.o(.data)
    message_count                            0x2000003c   Data           4  tcp_echoclient.o(.data)
    echoclient_pcb                           0x20000044   Data           4  tcp_echoclient.o(.data)
    DHCP_state                               0x20000048   Data           1  netconf.o(.data)
    TCPTimer                                 0x2000004c   Data           4  netconf.o(.data)
    ARPTimer                                 0x20000050   Data           4  netconf.o(.data)
    IPaddress                                0x20000054   Data           4  netconf.o(.data)
    DHCPfineTimer                            0x20000058   Data           4  netconf.o(.data)
    DHCPcoarseTimer                          0x2000005c   Data           4  netconf.o(.data)
    EthInitStatus                            0x20000060   Data           4  stm32f4x7_eth_bsp.o(.data)
    iot_item_1                               0x20000074   Data           4  json.o(.data)
    RTC_year                                 0x20000078   Data           4  json.o(.data)
    RTC_month                                0x2000007c   Data           4  json.o(.data)
    RTC_day                                  0x20000080   Data           4  json.o(.data)
    RTC_hour                                 0x20000084   Data           4  json.o(.data)
    RTC_minute                               0x20000088   Data           4  json.o(.data)
    RTC_second                               0x2000008c   Data           4  json.o(.data)
    USART2_RxGetIndex                        0x20000090   Data           2  uart_perlib.o(.data)
    USART2_TxPutIndex                        0x20000092   Data           2  uart_perlib.o(.data)
    USART2_TxGetIndex                        0x20000094   Data           2  uart_perlib.o(.data)
    USART3_RxGetIndex                        0x20000096   Data           2  uart_perlib.o(.data)
    IsReceive                                0x20000098   Data           4  uart_perlib.o(.data)
    exit_calib                               0x2000009c   Data           4  uart_perlib.o(.data)
    Rx_GetIndex                              0x200000a0   Data           4  uart_perlib.o(.data)
    Buffer_Size                              0x200000a4   Data           4  uart_perlib.o(.data)
    Font16x24                                0x200000b0   Data           8  stm32f4_discovery_lcd.o(.data)
    BUTTON_PORT                              0x200000b8   Data           4  stm32f4_discovery.o(.data)
    COM_USART                                0x200000bc   Data           8  stm32f4_discovery.o(.data)
    COM_TX_PORT                              0x200000c4   Data           8  stm32f4_discovery.o(.data)
    COM_RX_PORT                              0x200000cc   Data           8  stm32f4_discovery.o(.data)
    GPIO_PORT                                0x200000d4   Data          16  stm32f4_discovery.o(.data)
    DMATxDescToSet                           0x200000f4   Data           4  stm32f4x7_eth.o(.data)
    DMARxDescToGet                           0x200000f8   Data           4  stm32f4x7_eth.o(.data)
    DMA_RX_FRAME_infos                       0x200000fc   Data           4  stm32f4x7_eth.o(.data)
    netif_list                               0x20000118   Data           4  netif.o(.data)
    netif_default                            0x2000011c   Data           4  netif.o(.data)
    tcp_ticks                                0x2000012c   Data           4  tcp.o(.data)
    tcp_bound_pcbs                           0x20000130   Data           4  tcp.o(.data)
    tcp_listen_pcbs                          0x20000134   Data           4  tcp.o(.data)
    tcp_active_pcbs                          0x20000138   Data           4  tcp.o(.data)
    tcp_tw_pcbs                              0x2000013c   Data           4  tcp.o(.data)
    tcp_tmp_pcb                              0x20000140   Data           4  tcp.o(.data)
    tcp_state_str                            0x20000144   Data          44  tcp.o(.data)
    tcp_input_pcb                            0x20000188   Data           4  tcp_in.o(.data)
    udp_pcbs                                 0x2000018c   Data           4  udp.o(.data)
    current_netif                            0x20000194   Data           4  ip.o(.data)
    current_header                           0x20000198   Data           4  ip.o(.data)
    __stdout                                 0x200001a8   Data           4  stdout.o(.data)
    data                                     0x200001ac   Data         100  tcp_echoclient.o(.bss)
    netif                                    0x20000210   Data          56  netconf.o(.bss)
    post_packet                              0x20000248   Data         300  json.o(.bss)
    USART2_RxBuffer                          0x20000374   Data         512  uart_perlib.o(.bss)
    USART2_TxBuffer                          0x20000574   Data         512  uart_perlib.o(.bss)
    USART3_RxBuffer                          0x20000774   Data         512  uart_perlib.o(.bss)
    Buffer_Array                             0x20000974   Data          20  uart_perlib.o(.bss)
    DMARxDscrTab                             0x20000988   Data         160  stm32f4x7_eth.o(.bss)
    DMATxDscrTab                             0x20000a28   Data         160  stm32f4x7_eth.o(.bss)
    Rx_Buff                                  0x20000ac8   Data        7620  stm32f4x7_eth.o(.bss)
    Tx_Buff                                  0x2000288c   Data        7620  stm32f4x7_eth.o(.bss)
    RX_Frame_Descriptor                      0x20004650   Data          12  stm32f4x7_eth.o(.bss)
    __initial_sp                             0x2000c6d0   Data           0  startup_stm32f4xx.o(STACK)



==============================================================================

Memory Map of the image

  Image Entry point : 0x08000189

  Load Region LR_IROM1 (Base: 0x08000000, Size: 0x0000d6b8, Max: 0x00100000, ABSOLUTE, COMPRESSED[0x0000d58c])

    Execution Region ER_IROM1 (Base: 0x08000000, Size: 0x0000d50c, Max: 0x00100000, ABSOLUTE)

    Base Addr    Size         Type   Attr      Idx    E Section Name        Object

    0x08000000   0x00000188   Data   RO         1260    RESET               startup_stm32f4xx.o
    0x08000188   0x00000000   Code   RO         1265  * .ARM.Collect$$$$00000000  mc_w.l(entry.o)
    0x08000188   0x00000004   Code   RO         1565    .ARM.Collect$$$$00000001  mc_w.l(entry2.o)
    0x0800018c   0x00000004   Code   RO         1568    .ARM.Collect$$$$00000004  mc_w.l(entry5.o)
    0x08000190   0x00000000   Code   RO         1570    .ARM.Collect$$$$00000008  mc_w.l(entry7b.o)
    0x08000190   0x00000000   Code   RO         1572    .ARM.Collect$$$$0000000A  mc_w.l(entry8b.o)
    0x08000190   0x00000008   Code   RO         1573    .ARM.Collect$$$$0000000B  mc_w.l(entry9a.o)
    0x08000198   0x00000000   Code   RO         1575    .ARM.Collect$$$$0000000D  mc_w.l(entry10a.o)
    0x08000198   0x00000000   Code   RO         1577    .ARM.Collect$$$$0000000F  mc_w.l(entry11a.o)
    0x08000198   0x00000004   Code   RO         1566    .ARM.Collect$$$$00002712  mc_w.l(entry2.o)
    0x0800019c   0x000001e0   Code   RO            2    .text               main.o
    0x0800037c   0x00000184   Code   RO          248    .text               system_stm32f4xx.o
    0x08000500   0x00000060   Code   RO          270    .text               stm32f4xx_it.o
    0x08000560   0x00000494   Code   RO          298    .text               tcp_echoclient.o
    0x080009f4   0x0000012c   Code   RO          325    .text               netconf.o
    0x08000b20   0x00000240   Code   RO          370    .text               stm32f4x7_eth_bsp.o
    0x08000d60   0x000003a4   Code   RO          393    .text               jsmn.o
    0x08001104   0x000002b4   Code   RO          415    .text               json.o
    0x080013b8   0x000000b8   Code   RO          449    .text               tim_perlib.o
    0x08001470   0x000007f8   Code   RO          465    .text               uart_perlib.o
    0x08001c68   0x00000e0c   Code   RO          509    .text               stm32f4_discovery_lcd.o
    0x08002a74   0x0000043c   Code   RO          541    .text               stm32f4_discovery.o
    0x08002eb0   0x000003b4   Code   RO          562    .text               stm32f4xx_usart.o
    0x08003264   0x000000bc   Code   RO          578    .text               misc.o
    0x08003320   0x00000344   Code   RO          610    .text               stm32f4xx_dma.o
    0x08003664   0x000000ec   Code   RO          626    .text               stm32f4xx_exti.o
    0x08003750   0x000004b4   Code   RO          642    .text               stm32f4xx_fsmc.o
    0x08003c04   0x00000224   Code   RO          658    .text               stm32f4xx_gpio.o
    0x08003e28   0x00000434   Code   RO          674    .text               stm32f4xx_rcc.o
    0x0800425c   0x000001bc   Code   RO          692    .text               stm32f4xx_sdio.o
    0x08004418   0x00000070   Code   RO          708    .text               stm32f4xx_syscfg.o
    0x08004488   0x00000ac2   Code   RO          724    .text               stm32f4xx_tim.o
    0x08004f4a   0x00000002   PAD
    0x08004f4c   0x00000bb0   Code   RO          740    .text               stm32f4x7_eth.o
    0x08005afc   0x00000180   Code   RO          768    .text               ethernetif.o
    0x08005c7c   0x00000e24   Code   RO          835    .text               dhcp.o
    0x08006aa0   0x0000023c   Code   RO          909    .text               mem.o
    0x08006cdc   0x00000088   Code   RO          924    .text               memp.o
    0x08006d64   0x0000019c   Code   RO          954    .text               netif.o
    0x08006f00   0x0000043e   Code   RO          976    .text               pbuf.o
    0x0800733e   0x00000002   PAD
    0x08007340   0x00000170   Code   RO          991    .text               raw.o
    0x080074b0   0x00000950   Code   RO         1017    .text               tcp.o
    0x08007e00   0x00000d98   Code   RO         1038    .text               tcp_in.o
    0x08008b98   0x0000091e   Code   RO         1061    .text               tcp_out.o
    0x080094b6   0x00000002   PAD
    0x080094b8   0x0000038c   Code   RO         1073    .text               udp.o
    0x08009844   0x00000330   Code   RO         1102    .text               autoip.o
    0x08009b74   0x000001b8   Code   RO         1117    .text               icmp.o
    0x08009d2c   0x000001b0   Code   RO         1135    .text               inet.o
    0x08009edc   0x00000114   Code   RO         1148    .text               inet_chksum.o
    0x08009ff0   0x00000304   Code   RO         1164    .text               ip.o
    0x0800a2f4   0x0000003e   Code   RO         1185    .text               ip_addr.o
    0x0800a332   0x00000002   PAD
    0x0800a334   0x0000051c   Code   RO         1208    .text               ip_frag.o
    0x0800a850   0x00000704   Code   RO         1223    .text               etharp.o
    0x0800af54   0x00000024   Code   RO         1261    .text               startup_stm32f4xx.o
    0x0800af78   0x00000024   Code   RO         1268    .text               mc_w.l(memcpya.o)
    0x0800af9c   0x00000024   Code   RO         1270    .text               mc_w.l(memseta.o)
    0x0800afc0   0x0000000e   Code   RO         1272    .text               mc_w.l(strlen.o)
    0x0800afce   0x0000001a   Code   RO         1274    .text               mc_w.l(memcmp.o)
    0x0800afe8   0x0000001e   Code   RO         1276    .text               mc_w.l(strncmp.o)
    0x0800b006   0x000000b0   Code   RO         1541    .text               mf_w.l(fadd.o)
    0x0800b0b6   0x00000064   Code   RO         1543    .text               mf_w.l(fmul.o)
    0x0800b11a   0x0000014e   Code   RO         1545    .text               mf_w.l(dadd.o)
    0x0800b268   0x000000e4   Code   RO         1547    .text               mf_w.l(dmul.o)
    0x0800b34c   0x00000012   Code   RO         1549    .text               mf_w.l(fflti.o)
    0x0800b35e   0x00000022   Code   RO         1551    .text               mf_w.l(dflti.o)
    0x0800b380   0x0000001a   Code   RO         1553    .text               mf_w.l(dfltui.o)
    0x0800b39a   0x00000032   Code   RO         1555    .text               mf_w.l(ffixi.o)
    0x0800b3cc   0x0000003e   Code   RO         1557    .text               mf_w.l(dfixi.o)
    0x0800b40a   0x00000026   Code   RO         1559    .text               mf_w.l(f2d.o)
    0x0800b430   0x00000030   Code   RO         1561    .text               mf_w.l(cdcmple.o)
    0x0800b460   0x00000030   Code   RO         1563    .text               mf_w.l(cdrcmple.o)
    0x0800b490   0x0000002c   Code   RO         1580    .text               mc_w.l(uidiv.o)
    0x0800b4bc   0x00000062   Code   RO         1582    .text               mc_w.l(uldiv.o)
    0x0800b51e   0x0000001e   Code   RO         1584    .text               mc_w.l(llshl.o)
    0x0800b53c   0x00000020   Code   RO         1586    .text               mc_w.l(llushr.o)
    0x0800b55c   0x00000024   Code   RO         1588    .text               mc_w.l(llsshr.o)
    0x0800b580   0x00000000   Code   RO         1590    .text               mc_w.l(iusefp.o)
    0x0800b580   0x0000006e   Code   RO         1591    .text               mf_w.l(fepilogue.o)
    0x0800b5ee   0x000000ba   Code   RO         1593    .text               mf_w.l(depilogue.o)
    0x0800b6a8   0x000000de   Code   RO         1595    .text               mf_w.l(ddiv.o)
    0x0800b786   0x00000030   Code   RO         1597    .text               mf_w.l(dfixul.o)
    0x0800b7b6   0x00000002   PAD
    0x0800b7b8   0x00000024   Code   RO         1599    .text               mc_w.l(init.o)
    0x0800b7dc   0x00000056   Code   RO         1609    .text               mc_w.l(__dczerorl2.o)
    0x0800b832   0x00000002   PAD
    0x0800b834   0x00000020   Code   RO         1513    i.__0printf         mc_w.l(printfa.o)
    0x0800b854   0x00000028   Code   RO         1515    i.__0sprintf        mc_w.l(printfa.o)
    0x0800b87c   0x0000000e   Code   RO         1603    i.__scatterload_copy  mc_w.l(handlers.o)
    0x0800b88a   0x00000002   Code   RO         1604    i.__scatterload_null  mc_w.l(handlers.o)
    0x0800b88c   0x0000000e   Code   RO         1605    i.__scatterload_zeroinit  mc_w.l(handlers.o)
    0x0800b89a   0x00000002   PAD
    0x0800b89c   0x00000184   Code   RO         1520    i._fp_digits        mc_w.l(printfa.o)
    0x0800ba20   0x000006dc   Code   RO         1521    i._printf_core      mc_w.l(printfa.o)
    0x0800c0fc   0x00000024   Code   RO         1522    i._printf_post_padding  mc_w.l(printfa.o)
    0x0800c120   0x0000002e   Code   RO         1523    i._printf_pre_padding  mc_w.l(printfa.o)
    0x0800c14e   0x0000000a   Code   RO         1525    i._sputc            mc_w.l(printfa.o)
    0x0800c158   0x000011d0   Data   RO          510    .constdata          stm32f4_discovery_lcd.o
    0x0800d328   0x00000054   Data   RO          542    .constdata          stm32f4_discovery.o
    0x0800d37c   0x00000024   Data   RO          926    .constdata          memp.o
    0x0800d3a0   0x00000014   Data   RO         1018    .constdata          tcp.o
    0x0800d3b4   0x00000004   Data   RO         1186    .constdata          ip_addr.o
    0x0800d3b8   0x00000004   Data   RO         1187    .constdata          ip_addr.o
    0x0800d3bc   0x0000000c   Data   RO         1225    .constdata          etharp.o
    0x0800d3c8   0x000000a9   Data   RO          417    .conststring        json.o
    0x0800d471   0x00000003   PAD
    0x0800d474   0x00000075   Data   RO         1019    .conststring        tcp.o
    0x0800d4e9   0x00000003   PAD
    0x0800d4ec   0x00000020   Data   RO         1601    Region$$Table       anon$$obj.o


    Execution Region RW_IRAM1 (Base: 0x20000000, Size: 0x0000c6d0, Max: 0x00020000, ABSOLUTE, COMPRESSED[0x00000080])

    Base Addr    Size         Type   Attr      Idx    E Section Name        Object

    0x20000000   0x00000014   Data   RW            3    .data               main.o
    0x20000014   0x00000004   Data   RW            4    .data               main.o
    0x20000018   0x00000014   Data   RW          249    .data               system_stm32f4xx.o
    0x2000002c   0x0000000c   Data   RW          272    .data               stm32f4xx_it.o
    0x20000038   0x00000010   Data   RW          301    .data               tcp_echoclient.o
    0x20000048   0x00000018   Data   RW          327    .data               netconf.o
    0x20000060   0x00000004   Data   RW          371    .data               stm32f4x7_eth_bsp.o
    0x20000064   0x0000002c   Data   RW          418    .data               json.o
    0x20000090   0x00000018   Data   RW          468    .data               uart_perlib.o
    0x200000a8   0x00000010   Data   RW          514    .data               stm32f4_discovery_lcd.o
    0x200000b8   0x0000002c   Data   RW          543    .data               stm32f4_discovery.o
    0x200000e4   0x00000010   Data   RW          675    .data               stm32f4xx_rcc.o
    0x200000f4   0x0000000c   Data   RW          746    .data               stm32f4x7_eth.o
    0x20000100   0x00000004   Data   RW          836    .data               dhcp.o
    0x20000104   0x00000010   Data   RW          911    .data               mem.o
    0x20000114   0x0000000c   Data   RW          955    .data               netif.o
    0x20000120   0x00000004   Data   RW          992    .data               raw.o
    0x20000124   0x0000004c   Data   RW         1020    .data               tcp.o
    0x20000170   0x0000001c   Data   RW         1040    .data               tcp_in.o
    0x2000018c   0x00000004   Data   RW         1074    .data               udp.o
    0x20000190   0x0000000c   Data   RW         1165    .data               ip.o
    0x2000019c   0x00000008   Data   RW         1210    .data               ip_frag.o
    0x200001a4   0x00000001   Data   RW         1226    .data               etharp.o
    0x200001a5   0x00000003   PAD
    0x200001a8   0x00000004   Data   RW         1579    .data               mc_w.l(stdout.o)
    0x200001ac   0x00000064   Zero   RW          300    .bss                tcp_echoclient.o
    0x20000210   0x00000038   Zero   RW          326    .bss                netconf.o
    0x20000248   0x0000012c   Zero   RW          416    .bss                json.o
    0x20000374   0x00000614   Zero   RW          466    .bss                uart_perlib.o
    0x20000988   0x000000a0   Zero   RW          741    .bss                stm32f4x7_eth.o
    0x20000a28   0x000000a0   Zero   RW          742    .bss                stm32f4x7_eth.o
    0x20000ac8   0x00001dc4   Zero   RW          743    .bss                stm32f4x7_eth.o
    0x2000288c   0x00001dc4   Zero   RW          744    .bss                stm32f4x7_eth.o
    0x20004650   0x0000000c   Zero   RW          745    .bss                stm32f4x7_eth.o
    0x2000465c   0x00002814   Zero   RW          910    .bss                mem.o
    0x20006e70   0x00004d8f   Zero   RW          925    .bss                memp.o
    0x2000bbff   0x00000001   PAD
    0x2000bc00   0x00000014   Zero   RW         1039    .bss                tcp_in.o
    0x2000bc14   0x00000010   Zero   RW         1136    .bss                inet.o
    0x2000bc24   0x000005e0   Zero   RW         1209    .bss                ip_frag.o
    0x2000c204   0x000000c8   Zero   RW         1224    .bss                etharp.o
    0x2000c2cc   0x00000004   PAD
    0x2000c2d0   0x00000400   Zero   RW         1258    STACK               startup_stm32f4xx.o


==============================================================================

Image component sizes


      Code (inc. data)   RO Data    RW Data    ZI Data      Debug   Object Name

       816         32          0          0          0       4722   autoip.o
      3620         48          0          4          0      17791   dhcp.o
      1796         24         12          1        200      10558   etharp.o
       384         38          0          0          0       3284   ethernetif.o
       440          0          0          0          0       2986   icmp.o
       432         12          0          0         16       3452   inet.o
       276          0          0          0          0       5886   inet_chksum.o
         0          0          0          0          0       2119   init.o
       772         12          0         12          0       6730   ip.o
        62          0          8          0          0       6097   ip_addr.o
      1308          8          0          8       1504       6596   ip_frag.o
       932          0          0          0          0       4791   jsmn.o
       692        240        169         44        300       3291   json.o
       480        108          0         24          0     361968   main.o
       572          8          0         16      10260       4158   mem.o
       136          8         36          0      19855       3462   memp.o
       188         14          0          0          0       2241   misc.o
       300         20          0         24         56      10164   netconf.o
       412         12          0         12          0       5956   netif.o
      1086          0          0          0          0       6112   pbuf.o
       368          4          0          4          0       4049   raw.o
        36          8        392          0       1024        972   startup_stm32f4xx.o
      1084         30         84         44          0       5331   stm32f4_discovery.o
      3596         46       4560         16          0      15194   stm32f4_discovery_lcd.o
      2992         90          0         12      15572      21344   stm32f4x7_eth.o
       576         64          0          4          0      20418   stm32f4x7_eth_bsp.o
       836         34          0          0          0       7161   stm32f4xx_dma.o
       236         10          0          0          0       2727   stm32f4xx_exti.o
      1204          8          0          0          0       6303   stm32f4xx_fsmc.o
       548         36          0          0          0       4725   stm32f4xx_gpio.o
        96          6          0         12          0       2028   stm32f4xx_it.o
      1076         44          0         16          0      12095   stm32f4xx_rcc.o
       444         16          0          0          0       7668   stm32f4xx_sdio.o
       112         16          0          0          0       1703   stm32f4xx_syscfg.o
      2754         60          0          0          0      25052   stm32f4xx_tim.o
       948         24          0          0          0       8756   stm32f4xx_usart.o
       388         36          0         20          0       2079   system_stm32f4xx.o
      2384         46        137         76          0      19024   tcp.o
      1172        176          0         16        100       5181   tcp_echoclient.o
      3480         66          0         28         20      14260   tcp_in.o
      2334         12          0          0          0       7898   tcp_out.o
       184          6          0          0          0        867   tim_perlib.o
      2040         76          0         24       1556      10345   uart_perlib.o
       908         10          0          4          0      14619   udp.o

    ----------------------------------------------------------------------
     44508       1508       5436        424      50468     692163   Object Totals
         0          0         32          0          0          0   (incl. Generated)
         8          0          6          3          5          0   (incl. Padding)

    ----------------------------------------------------------------------

      Code (inc. data)   RO Data    RW Data    ZI Data      Debug   Library Member Name

        86          0          0          0          0          0   __dczerorl2.o
         0          0          0          0          0          0   entry.o
         0          0          0          0          0          0   entry10a.o
         0          0          0          0          0          0   entry11a.o
         8          4          0          0          0          0   entry2.o
         4          0          0          0          0          0   entry5.o
         0          0          0          0          0          0   entry7b.o
         0          0          0          0          0          0   entry8b.o
         8          4          0          0          0          0   entry9a.o
        30          0          0          0          0          0   handlers.o
        36          8          0          0          0         68   init.o
         0          0          0          0          0          0   iusefp.o
        30          0          0          0          0         68   llshl.o
        36          0          0          0          0         68   llsshr.o
        32          0          0          0          0         68   llushr.o
        26          0          0          0          0         80   memcmp.o
        36          0          0          0          0         68   memcpya.o
        36          0          0          0          0        108   memseta.o
      2308         96          0          0          0        604   printfa.o
         0          0          0          4          0          0   stdout.o
        14          0          0          0          0         68   strlen.o
        30          0          0          0          0         80   strncmp.o
        44          0          0          0          0         80   uidiv.o
        98          0          0          0          0         92   uldiv.o
        48          0          0          0          0         68   cdcmple.o
        48          0          0          0          0         68   cdrcmple.o
       334          0          0          0          0        148   dadd.o
       222          0          0          0          0        100   ddiv.o
       186          0          0          0          0        176   depilogue.o
        62          0          0          0          0         80   dfixi.o
        48          0          0          0          0         68   dfixul.o
        34          0          0          0          0         76   dflti.o
        26          0          0          0          0         76   dfltui.o
       228          0          0          0          0         96   dmul.o
        38          0          0          0          0         68   f2d.o
       176          0          0          0          0        140   fadd.o
       110          0          0          0          0        168   fepilogue.o
        50          0          0          0          0         68   ffixi.o
        18          0          0          0          0         68   fflti.o
       100          0          0          0          0         76   fmul.o

    ----------------------------------------------------------------------
      4596        112          0          4          0       2996   Library Totals
         6          0          0          0          0          0   (incl. Padding)

    ----------------------------------------------------------------------

      Code (inc. data)   RO Data    RW Data    ZI Data      Debug   Library Name

      2862        112          0          4          0       1452   mc_w.l
      1728          0          0          0          0       1544   mf_w.l

    ----------------------------------------------------------------------
      4596        112          0          4          0       2996   Library Totals

    ----------------------------------------------------------------------

==============================================================================


      Code (inc. data)   RO Data    RW Data    ZI Data      Debug   

     49104       1620       5436        428      50468     689047   Grand Totals
     49104       1620       5436        128      50468     689047   ELF Image Totals (compressed)
     49104       1620       5436        128          0          0   ROM Totals

==============================================================================

    Total RO  Size (Code + RO Data)                54540 (  53.26kB)
    Total RW  Size (RW Data + ZI Data)             50896 (  49.70kB)
    Total ROM Size (Code + RO Data + RW Data)      54668 (  53.39kB)

==============================================================================

