<html>
<body>
<pre>
<h1>킮ision Build Log</h1>
<h2>Tool Versions:</h2>
IDE-Version: μVision V5.23.0.0
Copyright (C) 2017 ARM Ltd and ARM Germany GmbH. All rights reserved.
License Information: JungHoon Cheon, as, LIC=8VRHL-0H0ZK-VDIKA-1879X-LB2KU-13E4J
 
Tool Versions:
Toolchain:       MDK-ARM Plus  Version: 5.23
Toolchain Path:  C:\Keil_v5\ARM\ARMCC\Bin
C Compiler:      Armcc.exe V5.06 update 4 (build 422)
Assembler:       Armasm.exe V5.06 update 4 (build 422)
Linker/Locator:  ArmLink.exe V5.06 update 4 (build 422)
Library Manager: ArmAr.exe V5.06 update 4 (build 422)
Hex Converter:   FromElf.exe V5.06 update 4 (build 422)
CPU DLL:         SARMCM3.DLL V5.23
Dialog DLL:      DCM.DLL V1.15.0.0
Target DLL:      STLink\ST-LINKIII-KEIL_SWO.dll V2.0.18.0
Dialog DLL:      TCM.DLL V1.27.0.0
 
<h2>Project:</h2>
C:\Users\JungHoon\Desktop\작업중\외주\popcorn5\source_code\STM32F4xx_Ethernet_Example 170711_v2\Project\Standalone\tcp_echo_client\MDK-ARM\Project.uvproj
Project File Date:  07/11/2017

<h2>Output:</h2>
*** Using Compiler 'V5.06 update 4 (build 422)', folder: 'C:\Keil_v5\ARM\ARMCC\Bin'
Build target 'Discover-More'
compiling api_lib.c...
compiling api_msg.c...
compiling err.c...
compiling netbuf.c...
compiling netdb.c...
compiling netifapi.c...
compiling sockets.c...
compiling tcp_echoclient.c...
..\src\tcp_echoclient.c(388): warning:  #181-D: argument is incompatible with corresponding format string conversion
      sprintf((char*)serial_check, "Serial no: %s \r\n", p->payload);
..\src\tcp_echoclient.c: 1 warning, 0 errors
compiling netconf.c...
..\src\netconf.c(93): warning:  #177-D: variable "iptab"  was declared but never referenced
    uint8_t iptab[4];
..\src\netconf.c: 2 warnings, 0 errors
    uint8_t iptxt[20];
compiling tcpip.c...
compiling dns.c...
compiling init.c...
compiling dhcp.c...
compiling mem.c...
..\..\..\..\Utilities\lwip_v1.3.2\src\core\mem.c(184): warning:  #550-D: variable "mem_sem"  was set but never used
  static sys_sem_t mem_sem;
..\..\..\..\Utilities\lwip_v1.3.2\src\core\mem.c: 1 warning, 0 errors
compiling ethernetif.c...
compiling tcp_server.c...
..\src\tcp_server.c(68): warning:  #177-D: variable "DestIPaddr"  was declared but never referenced
    struct ip_addr DestIPaddr;
..\src\tcp_server.c(221): warning:  #181-D: argument is incompatible with corresponding format string conversion
  			sprintf((char*)serial_check, "Serial no: %s \r\n", p->payload);
..\src\tcp_server.c: 2 warnings, 0 errors
compiling memp.c...
compiling main.c...
..\src\main.c(186): warning:  #128-D: loop is not reachable
  			while(!flag_err_recv_serial)
..\src\main.c(123): warning:  #177-D: variable "t"  was declared but never referenced
  	jsmntok_t t[128]; /* We expect no more than 128 tokens */
..\src\main.c(124): warning:  #177-D: variable "r"  was declared but never referenced
  	int r;
..\src\main.c(125): warning:  #177-D: variable "conn"  was declared but never referenced
  	struct netconn *conn, *newconn;
..\src\main.c(125): warning:  #177-D: variable "newconn"  was declared but never referenced
  	struct netconn *conn, *newconn;
..\src\main.c(126): warning:  #177-D: variable "err"  was declared but never referenced
  	 err_t err, accept_err;
..\src\main.c(126): warning:  #177-D: variable "accept_err"  was declared but never referenced
  	 err_t err, accept_err;
..\src\main.c(127): warning:  #177-D: variable "buf"  was declared but never referenced
    struct netbuf *buf;
..\src\main.c(128): warning:  #177-D: variable "data"  was declared but never referenced
    void *data;
..\src\main.c(129): warning:  #177-D: variable "len"  was declared but never referenced
    u16_t len;
..\src\main.c(82): warning:  #177-D: variable "tcp_pcb"  was declared but never referenced
  static struct tcp_pcb *tcp_pcb;
..\src\main.c: 11 warnings, 0 errors
compiling netif.c...
compiling pbuf.c...
compiling stats.c...
compiling sys.c...
compiling raw.c...
compiling tcp.c...
compiling udp.c...
compiling autoip.c...
compiling igmp.c...
compiling icmp.c...
compiling tcp_out.c...
..\..\..\..\Utilities\lwip_v1.3.2\src\core\tcp_out.c(465): warning:  #550-D: variable "tcphdr"  was set but never used
    struct tcp_hdr *tcphdr;
..\..\..\..\Utilities\lwip_v1.3.2\src\core\tcp_out.c(935): warning:  #550-D: variable "tcphdr"  was set but never used
    struct tcp_hdr *tcphdr;
..\..\..\..\Utilities\lwip_v1.3.2\src\core\tcp_out.c: 2 warnings, 0 errors
compiling tcp_in.c...
compiling inet.c...
compiling inet_chksum.c...
compiling ip_addr.c...
compiling ip.c...
compiling loopif.c...
compiling ip_frag.c...
compiling slipif.c...
compiling etharp.c...
linking...
Program Size: Code=48464 RO-data=5436 RW-data=408 ZI-data=50368  
FromELF: creating hex file...
".\Discover-More\Project.axf" - 0 Error(s), 18 Warning(s).
Build Time Elapsed:  00:00:03
</pre>
</body>
</html>
