<html>
<body>
<pre>
<h1>킮ision Build Log</h1>
<h2>Tool Versions:</h2>
IDE-Version: μVision V5.23.0.0
Copyright (C) 2017 ARM Ltd and ARM Germany GmbH. All rights reserved.
License Information: JungHoon Cheon, Yonsei, LIC=21ETG-VB5ZF-V1VP8-3IK3J-D0AQL-Z9NCE
 
Tool Versions:
Toolchain:       MDK-ARM Plus  Version: 5.23
Toolchain Path:  C:\Keil_v5\ARM\ARMCC\Bin
C Compiler:      Armcc.exe V5.06 update 4 (build 422)
Assembler:       Armasm.exe V5.06 update 4 (build 422)
Linker/Locator:  ArmLink.exe V5.06 update 4 (build 422)
Library Manager: ArmAr.exe V5.06 update 4 (build 422)
Hex Converter:   FromElf.exe V5.06 update 4 (build 422)
CPU DLL:         SARMCM3.DLL V5.23
Dialog DLL:      DCM.DLL V1.15.0.0
Target DLL:      STLink\ST-LINKIII-KEIL_SWO.dll V2.0.18.0
Dialog DLL:      TCM.DLL V1.27.0.0
 
<h2>Project:</h2>
C:\Users\wlsfb\Desktop\작업중\외부작업\popcorn5\STM32F4xx_Ethernet_Example 170711\Project\Standalone\tcp_echo_client\MDK-ARM\Project.uvproj
Project File Date:  07/11/2017

<h2>Output:</h2>
*** Using Compiler 'V5.06 update 4 (build 422)', folder: 'C:\Keil_v5\ARM\ARMCC\Bin'
Build target 'Discover-More'
compiling main.c...
..\src\main.c(115): warning:  #177-D: variable "t"  was declared but never referenced
  	jsmntok_t t[128]; /* We expect no more than 128 tokens */
..\src\main.c(116): warning:  #177-D: variable "r"  was declared but never referenced
  	int r;
..\src\main.c(79): warning:  #177-D: variable "tcp_pcb"  was declared but never referenced
  static struct tcp_pcb *tcp_pcb;
..\src\main.c: 3 warnings, 0 errors
linking...
Program Size: Code=49104 RO-data=5436 RW-data=428 ZI-data=50468  
FromELF: creating hex file...
".\Discover-More\Project.axf" - 0 Error(s), 3 Warning(s).
Build Time Elapsed:  00:00:02
</pre>
</body>
</html>
