<html>
<body>
<pre>
<h1>킮ision Build Log</h1>
<h2>Tool Versions:</h2>
IDE-Version: μVision V5.23.0.0
Copyright (C) 2017 ARM Ltd and ARM Germany GmbH. All rights reserved.
License Information: JungHoon Cheon, as, LIC=8VRHL-0H0ZK-VDIKA-1879X-LB2KU-13E4J
 
Tool Versions:
Toolchain:       MDK-ARM Plus  Version: 5.23
Toolchain Path:  C:\Keil_v5\ARM\ARMCC\Bin
C Compiler:      Armcc.exe V5.06 update 4 (build 422)
Assembler:       Armasm.exe V5.06 update 4 (build 422)
Linker/Locator:  ArmLink.exe V5.06 update 4 (build 422)
Library Manager: ArmAr.exe V5.06 update 4 (build 422)
Hex Converter:   FromElf.exe V5.06 update 4 (build 422)
CPU DLL:         SARMCM3.DLL V5.23
Dialog DLL:      DCM.DLL V1.15.0.0
    Target DLL: STLink\ST-LINKIII-KEIL.dll
Dialog DLL:      TCM.DLL V1.27.0.0
 
<h2>Project:</h2>
C:\Users\JungHoon\Desktop\작업중\외주\popcorn5\source_code\STM32F4-master\STM32F4 Discovery Software Examples\STM32F4xx_Ethernet_Example\Project\Standalone\httpserver\MDK-ARM\Project.uvproj
Project File Date:  08/16/2013

<h2>Output:</h2>
*** Using Compiler 'V5.06 update 4 (build 422)', folder: 'C:\Keil_v5\ARM\ARMCC\Bin'
Build target 'Discover-More'
compiling stm32f4xx_it.c...
compiling system_stm32f4xx.c...
compiling main.c...
compiling httpd_cgi_ssi.c...
compiling stm32f4x7_eth_bsp.c...
compiling netconf.c...
..\src\netconf.c(92): warning:  #177-D: variable "iptab"  was declared but never referenced
    uint8_t iptab[4];
..\src\netconf.c(93): warning:  #177-D: variable "iptxt"  was declared but never referenced
    uint8_t iptxt[20];
..\src\netconf.c: 2 warnings, 0 errors
compiling fs.c...
compiling httpd.c...
..\src\httpd.c(2047): warning:  #177-D: variable "lpcb"  was declared but never referenced
    struct tcp_pcb_listen *lpcb = (struct tcp_pcb_listen*)arg;
..\src\httpd.c: 1 warning, 0 errors
compiling misc.c...
compiling stm32f4xx_usart.c...
compiling stm32f4_discovery.c...
compiling stm32f4xx_adc.c...
compiling stm32f4xx_dma.c...
compiling stm32f4xx_exti.c...
compiling stm32f4_discovery_lcd.c...
compiling stm32f4xx_fsmc.c...
compiling stm32f4xx_sdio.c...
compiling stm32f4xx_gpio.c...
compiling stm32f4xx_syscfg.c...
compiling stm32f4xx_rcc.c...
compiling api_lib.c...
compiling err.c...
compiling netbuf.c...
compiling api_msg.c...
compiling netdb.c...
compiling netifapi.c...
compiling ethernetif.c...
compiling tcpip.c...
compiling sockets.c...
compiling dns.c...
compiling init.c...
compiling mem.c...
..\..\..\..\Utilities\lwip_v1.3.2\src\core\mem.c(184): warning:  #550-D: variable "mem_sem"  was set but never used
  static sys_sem_t mem_sem;
..\..\..\..\Utilities\lwip_v1.3.2\src\core\mem.c: 1 warning, 0 errors
compiling stm32f4x7_eth.c...
compiling memp.c...
compiling netif.c...
compiling dhcp.c...
compiling pbuf.c...
compiling raw.c...
compiling sys.c...
compiling stats.c...
compiling igmp.c...
compiling udp.c...
compiling autoip.c...
compiling tcp_out.c...
..\..\..\..\Utilities\lwip_v1.3.2\src\core\tcp_out.c(465): warning:  #550-D: variable "tcphdr"  was set but never used
    struct tcp_hdr *tcphdr;
..\..\..\..\Utilities\lwip_v1.3.2\src\core\tcp_out.c(935): warning:  #550-D: variable "tcphdr"  was set but never used
    struct tcp_hdr *tcphdr;
..\..\..\..\Utilities\lwip_v1.3.2\src\core\tcp_out.c: 2 warnings, 0 errors
compiling tcp_in.c...
compiling icmp.c...
compiling tcp.c...
compiling inet_chksum.c...
compiling inet.c...
compiling ip_addr.c...
compiling loopif.c...
compiling ip.c...
compiling ip_frag.c...
assembling startup_stm32f4xx.s...
compiling etharp.c...
compiling slipif.c...
linking...
Program Size: Code=41400 RO-data=57576 RW-data=352 ZI-data=39192  
".\Discover-More\Project.axf" - 0 Error(s), 6 Warning(s).
Build Time Elapsed:  00:00:04
</pre>
</body>
</html>
